<html>
<body>
<pre>
<h1>µVision Build Log</h1>
<h2>Tool Versions:</h2>
IDE-Version: ¦ÌVision V5.24.2.0
Copyright (C) 2017 ARM Ltd and ARM Germany GmbH. All rights reserved.
License Information: Li 2094829, HP Inc., LIC=UJWP0-BFC9A-63QMB-2LC4V-HDEAA-BZKDL
 
Tool Versions:
Toolchain:       MDK-ARM Plus  Version: 5.24.1
Toolchain Path:  D:\Keil5\ARM\ARMCC\Bin
C Compiler:      Armcc.exe V5.06 update 5 (build 528)
Assembler:       Armasm.exe V5.06 update 5 (build 528)
Linker/Locator:  ArmLink.exe V5.06 update 5 (build 528)
Library Manager: ArmAr.exe V5.06 update 5 (build 528)
Hex Converter:   FromElf.exe V5.06 update 5 (build 528)
CPU DLL:         SARMCM3.DLL V5.24.1
Dialog DLL:      DCM.DLL V1.16.0.0
Target DLL:      STLink\ST-LINKIII-KEIL_SWO.dll V3.0.1.0
Dialog DLL:      TCM.DLL V1.32.0.0
 
<h2>Project:</h2>
D:\RoboMaster\RMele\M2006_Can2\M2006_Can2Nver2\M2006_Can2\MDK-ARM\M2006_Can2.uvprojx
Project File Date:  03/16/2025

<h2>Output:</h2>
*** Using Compiler 'V5.06 update 5 (build 528)', folder: 'D:\Keil5\ARM\ARMCC\Bin'
Build target 'M2006_Can2'
compiling main.c...
../Core/Inc/stdarg.h(13): warning:  #47-D: incompatible redefinition of macro "__ARMCLIB_VERSION"  (declared at line 20 of "D:\Keil5\ARM\ARMCC\Bin\..\include\stdio.h")
  #define __ARMCLIB_VERSION 5060044
../Core/Src/main.c(323): warning:  #167-D: argument of type "uint8_t *" is incompatible with parameter of type "const char *"
  		if(strcmp(RxData, "  0   0   0   0") == 0)
../Core/Src/main.c(579): warning:  #550-D: variable "pwm"  was set but never used
  				fp32 pwm;
../Core/Src/main.c(428): warning:  #177-D: variable "statical_positionPitchNum"  was declared but never referenced
  	int statical_positionPitchNum = positionPitchNum;//ÔÆÌ¨pitch×îÖÕ¸³Öµ
../Core/Src/main.c(500): warning:  #177-D: variable "tempPWMvar1"  was declared but never referenced
  	int tempPWMvar1 = 1200;
../Core/Src/main.c(501): warning:  #177-D: variable "tempPWMvar2"  was declared but never referenced
  	int tempPWMvar2 = 1500;
../Core/Src/main.c(502): warning:  #177-D: variable "tempPWMFlagVar"  was declared but never referenced
  	int tempPWMFlagVar = 1;
../Core/Src/main.c(508): warning:  #550-D: variable "UART1TransmitNum"  was set but never used
  	uint8_t UART1TransmitNum[20] = {64};
../Core/Src/main.c(509): warning:  #177-D: variable "UART1TransmitNumTemp"  was declared but never referenced
  	uint8_t UART1TransmitNumTemp[20] = {0};
../Core/Src/main.c: 9 warnings, 0 errors
linking...
Program Size: Code=18212 RO-data=460 RW-data=84 ZI-data=2812  
FromELF: creating hex file...
"M2006_Can2\M2006_Can2.axf" - 0 Error(s), 9 Warning(s).

<h2>Software Packages used:</h2>

Package Vendor: ARM
                http://www.keil.com/pack/ARM.CMSIS.5.0.1.pack
                ARM.CMSIS.5.0.1
                CMSIS (Cortex Microcontroller Software Interface Standard)
   * Component: CORE Version: 5.0.1

Package Vendor: Keil
                https://www.keil.com/pack/Keil.STM32F4xx_DFP.2.17.1.pack
                Keil.STM32F4xx_DFP.2.17.1
                STMicroelectronics STM32F4 Series Device Support, Drivers and Examples

<h2>Collection of Component include folders:</h2>
  .\RTE\_M2006_Can2
  D:\Keil5\ARM\PACK\ARM\CMSIS\5.0.1\CMSIS\Include
  D:\Keil5\ARM\PACK\Keil\STM32F4xx_DFP\2.17.1\Drivers\CMSIS\Device\ST\STM32F4xx\Include

<h2>Collection of Component Files used:</h2>

   * Component: ARM::CMSIS:CORE:5.0.1
Build Time Elapsed:  00:00:04
</pre>
</body>
</html>
