Component: ARM Compiler 5.06 update 5 (build 528) Tool: armlink [4d35e2]

==============================================================================

Section Cross References

    startup_stm32f407xx.o(STACK) refers (Special) to heapauxi.o(.text) for __use_two_region_memory
    startup_stm32f407xx.o(HEAP) refers (Special) to heapauxi.o(.text) for __use_two_region_memory
    startup_stm32f407xx.o(RESET) refers (Special) to heapauxi.o(.text) for __use_two_region_memory
    startup_stm32f407xx.o(RESET) refers to startup_stm32f407xx.o(STACK) for __initial_sp
    startup_stm32f407xx.o(RESET) refers to startup_stm32f407xx.o(.text) for Reset_Handler
    startup_stm32f407xx.o(RESET) refers to stm32f4xx_it.o(i.NMI_Handler) for NMI_Handler
    startup_stm32f407xx.o(RESET) refers to stm32f4xx_it.o(i.HardFault_Handler) for HardFault_Handler
    startup_stm32f407xx.o(RESET) refers to stm32f4xx_it.o(i.MemManage_Handler) for MemManage_Handler
    startup_stm32f407xx.o(RESET) refers to stm32f4xx_it.o(i.BusFault_Handler) for BusFault_Handler
    startup_stm32f407xx.o(RESET) refers to stm32f4xx_it.o(i.UsageFault_Handler) for UsageFault_Handler
    startup_stm32f407xx.o(RESET) refers to stm32f4xx_it.o(i.SVC_Handler) for SVC_Handler
    startup_stm32f407xx.o(RESET) refers to stm32f4xx_it.o(i.DebugMon_Handler) for DebugMon_Handler
    startup_stm32f407xx.o(RESET) refers to stm32f4xx_it.o(i.PendSV_Handler) for PendSV_Handler
    startup_stm32f407xx.o(RESET) refers to stm32f4xx_it.o(i.SysTick_Handler) for SysTick_Handler
    startup_stm32f407xx.o(RESET) refers to stm32f4xx_it.o(i.DMA1_Stream1_IRQHandler) for DMA1_Stream1_IRQHandler
    startup_stm32f407xx.o(RESET) refers to stm32f4xx_it.o(i.CAN1_RX0_IRQHandler) for CAN1_RX0_IRQHandler
    startup_stm32f407xx.o(RESET) refers to stm32f4xx_it.o(i.USART1_IRQHandler) for USART1_IRQHandler
    startup_stm32f407xx.o(RESET) refers to remote_control.o(i.USART3_IRQHandler) for USART3_IRQHandler
    startup_stm32f407xx.o(RESET) refers to stm32f4xx_it.o(i.DMA2_Stream7_IRQHandler) for DMA2_Stream7_IRQHandler
    startup_stm32f407xx.o(.text) refers (Special) to heapauxi.o(.text) for __use_two_region_memory
    startup_stm32f407xx.o(.text) refers to system_stm32f4xx.o(i.SystemInit) for SystemInit
    startup_stm32f407xx.o(.text) refers to __main.o(!!!main) for __main
    startup_stm32f407xx.o(.text) refers to startup_stm32f407xx.o(HEAP) for Heap_Mem
    startup_stm32f407xx.o(.text) refers to startup_stm32f407xx.o(STACK) for Stack_Mem
    main.o(i.CAN_chassis_current) refers to stm32f4xx_hal_can.o(i.HAL_CAN_AddTxMessage) for HAL_CAN_AddTxMessage
    main.o(i.CAN_chassis_current) refers to main.o(.bss) for Tx_message
    main.o(i.CAN_chassis_current) refers to main.o(.data) for Send_data
    main.o(i.CAN_chassis_current) refers to can.o(.bss) for hcan1
    main.o(i.CAN_current) refers to stm32f4xx_hal_can.o(i.HAL_CAN_AddTxMessage) for HAL_CAN_AddTxMessage
    main.o(i.CAN_current) refers to main.o(.bss) for Tx_message
    main.o(i.CAN_current) refers to main.o(.data) for Send_data
    main.o(i.CAN_current) refers to can.o(.bss) for hcan1
    main.o(i.HAL_CAN_RxFifo0MsgPendingCallback) refers to stm32f4xx_hal_can.o(i.HAL_CAN_GetRxMessage) for HAL_CAN_GetRxMessage
    main.o(i.HAL_CAN_RxFifo0MsgPendingCallback) refers to main.o(i.CAN_chassis_current) for CAN_chassis_current
    main.o(i.HAL_CAN_RxFifo0MsgPendingCallback) refers to dflt_clz.o(x$fpl$dflt) for __aeabi_i2d
    main.o(i.HAL_CAN_RxFifo0MsgPendingCallback) refers to dmul.o(x$fpl$dmul) for __aeabi_dmul
    main.o(i.HAL_CAN_RxFifo0MsgPendingCallback) refers to dfix.o(x$fpl$dfix) for __aeabi_d2iz
    main.o(i.HAL_CAN_RxFifo0MsgPendingCallback) refers to main.o(i.CAN_current) for CAN_current
    main.o(i.HAL_CAN_RxFifo0MsgPendingCallback) refers to main.o(.data) for i
    main.o(i.HAL_CAN_RxFifo0MsgPendingCallback) refers to main.o(.bss) for motor_chassis
    main.o(i.HAL_UART_RxCpltCallback) refers to strcmpv7m.o(.text) for strcmp
    main.o(i.HAL_UART_RxCpltCallback) refers to stm32f4xx_hal_uart.o(i.HAL_UART_Transmit) for HAL_UART_Transmit
    main.o(i.HAL_UART_RxCpltCallback) refers to stm32f4xx_hal_gpio.o(i.HAL_GPIO_WritePin) for HAL_GPIO_WritePin
    main.o(i.HAL_UART_RxCpltCallback) refers to main.o(.data) for temp_rx
    main.o(i.HAL_UART_RxCpltCallback) refers to main.o(.bss) for RxData
    main.o(i.HAL_UART_RxCpltCallback) refers to usart.o(.bss) for huart1
    main.o(i.SystemClock_Config) refers to rt_memclr_w.o(.text) for __aeabi_memclr4
    main.o(i.SystemClock_Config) refers to stm32f4xx_hal_rcc.o(i.HAL_RCC_OscConfig) for HAL_RCC_OscConfig
    main.o(i.SystemClock_Config) refers to main.o(i.Error_Handler) for Error_Handler
    main.o(i.SystemClock_Config) refers to stm32f4xx_hal_rcc.o(i.HAL_RCC_ClockConfig) for HAL_RCC_ClockConfig
    main.o(i.auto_control_x) refers to dflt_clz.o(x$fpl$dflt) for __aeabi_i2d
    main.o(i.auto_control_x) refers to ddiv.o(x$fpl$ddiv) for __aeabi_ddiv
[...]
    ..\\HARDWARE\\bsp_usart.c                0x00000000   Number         0  bsp_usart.o ABSOLUTE
    ..\\HARDWARE\\pid.c                      0x00000000   Number         0  pid.o ABSOLUTE
    ..\\HARDWARE\\remote_control.c           0x00000000   Number         0  remote_control.o ABSOLUTE
    dc.s                                     0x00000000   Number         0  dc.o ABSOLUTE
    startup_stm32f407xx.s                    0x00000000   Number         0  startup_stm32f407xx.o ABSOLUTE
    RESET                                    0x08000000   Section      392  startup_stm32f407xx.o(RESET)
    !!!main                                  0x08000188   Section        8  __main.o(!!!main)
    !!!scatter                               0x08000190   Section       52  __scatter.o(!!!scatter)
    !!handler_copy                           0x080001c4   Section       26  __scatter_copy.o(!!handler_copy)
    !!handler_zi                             0x080001e0   Section       28  __scatter_zi.o(!!handler_zi)
    .ARM.Collect$$libinit$$00000000          0x080001fc   Section        2  libinit.o(.ARM.Collect$$libinit$$00000000)
    .ARM.Collect$$libinit$$00000001          0x080001fe   Section        4  libinit2.o(.ARM.Collect$$libinit$$00000001)
    .ARM.Collect$$libinit$$00000004          0x08000202   Section        0  libinit2.o(.ARM.Collect$$libinit$$00000004)
    .ARM.Collect$$libinit$$0000000A          0x08000202   Section        0  libinit2.o(.ARM.Collect$$libinit$$0000000A)
    .ARM.Collect$$libinit$$0000000C          0x08000202   Section        0  libinit2.o(.ARM.Collect$$libinit$$0000000C)
    .ARM.Collect$$libinit$$0000000E          0x08000202   Section        0  libinit2.o(.ARM.Collect$$libinit$$0000000E)
    .ARM.Collect$$libinit$$00000011          0x08000202   Section        0  libinit2.o(.ARM.Collect$$libinit$$00000011)
    .ARM.Collect$$libinit$$00000013          0x08000202   Section        0  libinit2.o(.ARM.Collect$$libinit$$00000013)
    .ARM.Collect$$libinit$$00000015          0x08000202   Section        0  libinit2.o(.ARM.Collect$$libinit$$00000015)
    .ARM.Collect$$libinit$$00000017          0x08000202   Section        0  libinit2.o(.ARM.Collect$$libinit$$00000017)
    .ARM.Collect$$libinit$$00000019          0x08000202   Section        0  libinit2.o(.ARM.Collect$$libinit$$00000019)
    .ARM.Collect$$libinit$$0000001B          0x08000202   Section        0  libinit2.o(.ARM.Collect$$libinit$$0000001B)
    .ARM.Collect$$libinit$$0000001D          0x08000202   Section        0  libinit2.o(.ARM.Collect$$libinit$$0000001D)
    .ARM.Collect$$libinit$$0000001F          0x08000202   Section        0  libinit2.o(.ARM.Collect$$libinit$$0000001F)
    .ARM.Collect$$libinit$$00000021          0x08000202   Section        0  libinit2.o(.ARM.Collect$$libinit$$00000021)
    .ARM.Collect$$libinit$$00000023          0x08000202   Section        0  libinit2.o(.ARM.Collect$$libinit$$00000023)
    .ARM.Collect$$libinit$$00000025          0x08000202   Section        0  libinit2.o(.ARM.Collect$$libinit$$00000025)
    .ARM.Collect$$libinit$$0000002C          0x08000202   Section        0  libinit2.o(.ARM.Collect$$libinit$$0000002C)
    .ARM.Collect$$libinit$$0000002E          0x08000202   Section        0  libinit2.o(.ARM.Collect$$libinit$$0000002E)
    .ARM.Collect$$libinit$$00000030          0x08000202   Section        0  libinit2.o(.ARM.Collect$$libinit$$00000030)
    .ARM.Collect$$libinit$$00000032          0x08000202   Section        0  libinit2.o(.ARM.Collect$$libinit$$00000032)
    .ARM.Collect$$libinit$$00000033          0x08000202   Section        2  libinit2.o(.ARM.Collect$$libinit$$00000033)
    .ARM.Collect$$libshutdown$$00000000      0x08000204   Section        2  libshutdown.o(.ARM.Collect$$libshutdown$$00000000)
    .ARM.Collect$$libshutdown$$00000002      0x08000206   Section        0  libshutdown2.o(.ARM.Collect$$libshutdown$$00000002)
    .ARM.Collect$$libshutdown$$00000004      0x08000206   Section        0  libshutdown2.o(.ARM.Collect$$libshutdown$$00000004)
    .ARM.Collect$$libshutdown$$00000007      0x08000206   Section        0  libshutdown2.o(.ARM.Collect$$libshutdown$$00000007)
    .ARM.Collect$$libshutdown$$0000000A      0x08000206   Section        0  libshutdown2.o(.ARM.Collect$$libshutdown$$0000000A)
    .ARM.Collect$$libshutdown$$0000000C      0x08000206   Section        0  libshutdown2.o(.ARM.Collect$$libshutdown$$0000000C)
    .ARM.Collect$$libshutdown$$0000000F      0x08000206   Section        0  libshutdown2.o(.ARM.Collect$$libshutdown$$0000000F)
    .ARM.Collect$$libshutdown$$00000010      0x08000206   Section        2  libshutdown2.o(.ARM.Collect$$libshutdown$$00000010)
    .ARM.Collect$$rtentry$$00000000          0x08000208   Section        0  __rtentry.o(.ARM.Collect$$rtentry$$00000000)
    .ARM.Collect$$rtentry$$00000002          0x08000208   Section        0  __rtentry2.o(.ARM.Collect$$rtentry$$00000002)
    .ARM.Collect$$rtentry$$00000004          0x08000208   Section        6  __rtentry4.o(.ARM.Collect$$rtentry$$00000004)
    .ARM.Collect$$rtentry$$00000009          0x0800020e   Section        0  __rtentry2.o(.ARM.Collect$$rtentry$$00000009)
    .ARM.Collect$$rtentry$$0000000A          0x0800020e   Section        4  __rtentry2.o(.ARM.Collect$$rtentry$$0000000A)
    .ARM.Collect$$rtentry$$0000000C          0x08000212   Section        0  __rtentry2.o(.ARM.Collect$$rtentry$$0000000C)
    .ARM.Collect$$rtentry$$0000000D          0x08000212   Section        8  __rtentry2.o(.ARM.Collect$$rtentry$$0000000D)
    .ARM.Collect$$rtexit$$00000000           0x0800021a   Section        2  rtexit.o(.ARM.Collect$$rtexit$$00000000)
    .ARM.Collect$$rtexit$$00000002           0x0800021c   Section        0  rtexit2.o(.ARM.Collect$$rtexit$$00000002)
    .ARM.Collect$$rtexit$$00000003           0x0800021c   Section        4  rtexit2.o(.ARM.Collect$$rtexit$$00000003)
    .ARM.Collect$$rtexit$$00000004           0x08000220   Section        6  rtexit2.o(.ARM.Collect$$rtexit$$00000004)
    .text                                    0x08000228   Section       64  startup_stm32f407xx.o(.text)
    $v0                                      0x08000228   Number         0  startup_stm32f407xx.o(.text)
    .text                                    0x08000268   Section      238  lludivv7m.o(.text)
    .text                                    0x08000356   Section       78  rt_memclr_w.o(.text)
    .text                                    0x080003a4   Section      128  strcmpv7m.o(.text)
    .text                                    0x08000424   Section        0  heapauxi.o(.text)
    .text                                    0x0800042a   Section       74  sys_stackheap_outer.o(.text)
    .text                                    0x08000474   Section        0  exit.o(.text)
    .text                                    0x08000488   Section        8  libspace.o(.text)
    .text                                    0x08000490   Section        0  sys_exit.o(.text)
    .text                                    0x0800049c   Section        2  use_no_semi.o(.text)
    .text                                    0x0800049e   Section        0  indicate_semi.o(.text)
    i.BusFault_Handler                       0x0800049e   Section        0  stm32f4xx_it.o(i.BusFault_Handler)
    i.CAN1_RX0_IRQHandler                    0x080004a4   Section        0  stm32f4xx_it.o(i.CAN1_RX0_IRQHandler)
    i.CAN_chassis_current                    0x080004b4   Section        0  main.o(i.CAN_chassis_current)
    i.CAN_current                            0x08000504   Section        0  main.o(i.CAN_current)
    i.DMA1_Stream1_IRQHandler                0x08000554   Section        0  stm32f4xx_it.o(i.DMA1_Stream1_IRQHandler)
    i.DMA2_Stream7_IRQHandler                0x08000564   Section        0  stm32f4xx_it.o(i.DMA2_Stream7_IRQHandler)
    i.DMA_CalcBaseAndBitshift                0x08000574   Section        0  stm32f4xx_hal_dma.o(i.DMA_CalcBaseAndBitshift)
    DMA_CalcBaseAndBitshift                  0x08000575   Thumb Code    44  stm32f4xx_hal_dma.o(i.DMA_CalcBaseAndBitshift)
    i.DMA_CheckFifoParam                     0x080005a8   Section        0  stm32f4xx_hal_dma.o(i.DMA_CheckFifoParam)
    DMA_CheckFifoParam                       0x080005a9   Thumb Code   126  stm32f4xx_hal_dma.o(i.DMA_CheckFifoParam)
    i.DebugMon_Handler                       0x08000626   Section        0  stm32f4xx_it.o(i.DebugMon_Handler)
    i.Error_Handler                          0x08000628   Section        0  main.o(i.Error_Handler)
    i.HAL_CAN_ActivateNotification           0x0800062e   Section        0  stm32f4xx_hal_can.o(i.HAL_CAN_ActivateNotification)
    i.HAL_CAN_AddTxMessage                   0x08000652   Section        0  stm32f4xx_hal_can.o(i.HAL_CAN_AddTxMessage)
    i.HAL_CAN_ConfigFilter                   0x08000758   Section        0  stm32f4xx_hal_can.o(i.HAL_CAN_ConfigFilter)
    i.HAL_CAN_ErrorCallback                  0x08000880   Section        0  stm32f4xx_hal_can.o(i.HAL_CAN_ErrorCallback)
    i.HAL_CAN_GetRxMessage                   0x08000882   Section        0  stm32f4xx_hal_can.o(i.HAL_CAN_GetRxMessage)
    i.HAL_CAN_IRQHandler                     0x080009ee   Section        0  stm32f4xx_hal_can.o(i.HAL_CAN_IRQHandler)
    i.HAL_CAN_Init                           0x08000c22   Section        0  stm32f4xx_hal_can.o(i.HAL_CAN_Init)
    i.HAL_CAN_MspInit                        0x08000d8c   Section        0  can.o(i.HAL_CAN_MspInit)
    i.HAL_CAN_RxFifo0FullCallback            0x08000e24   Section        0  stm32f4xx_hal_can.o(i.HAL_CAN_RxFifo0FullCallback)
    i.HAL_CAN_RxFifo0MsgPendingCallback      0x08000e28   Section        0  main.o(i.HAL_CAN_RxFifo0MsgPendingCallback)
    i.HAL_CAN_RxFifo1FullCallback            0x08000f88   Section        0  stm32f4xx_hal_can.o(i.HAL_CAN_RxFifo1FullCallback)
    i.HAL_CAN_RxFifo1MsgPendingCallback      0x08000f8a   Section        0  stm32f4xx_hal_can.o(i.HAL_CAN_RxFifo1MsgPendingCallback)
    i.HAL_CAN_SleepCallback                  0x08000f8c   Section        0  stm32f4xx_hal_can.o(i.HAL_CAN_SleepCallback)
    i.HAL_CAN_Start                          0x08000f8e   Section        0  stm32f4xx_hal_can.o(i.HAL_CAN_Start)
    i.HAL_CAN_TxMailbox0AbortCallback        0x08000ff2   Section        0  stm32f4xx_hal_can.o(i.HAL_CAN_TxMailbox0AbortCallback)
    i.HAL_CAN_TxMailbox0CompleteCallback     0x08000ff4   Section        0  stm32f4xx_hal_can.o(i.HAL_CAN_TxMailbox0CompleteCallback)
    i.HAL_CAN_TxMailbox1AbortCallback        0x08000ff6   Section        0  stm32f4xx_hal_can.o(i.HAL_CAN_TxMailbox1AbortCallback)
    i.HAL_CAN_TxMailbox1CompleteCallback     0x08000ff8   Section        0  stm32f4xx_hal_can.o(i.HAL_CAN_TxMailbox1CompleteCallback)
    i.HAL_CAN_TxMailbox2AbortCallback        0x08000ffa   Section        0  stm32f4xx_hal_can.o(i.HAL_CAN_TxMailbox2AbortCallback)
    i.HAL_CAN_TxMailbox2CompleteCallback     0x08000ffc   Section        0  stm32f4xx_hal_can.o(i.HAL_CAN_TxMailbox2CompleteCallback)
    i.HAL_CAN_WakeUpFromRxMsgCallback        0x08000ffe   Section        0  stm32f4xx_hal_can.o(i.HAL_CAN_WakeUpFromRxMsgCallback)
    i.HAL_DMA_Abort                          0x08001000   Section        0  stm32f4xx_hal_dma.o(i.HAL_DMA_Abort)
    i.HAL_DMA_Abort_IT                       0x080010a2   Section        0  stm32f4xx_hal_dma.o(i.HAL_DMA_Abort_IT)
    i.HAL_DMA_IRQHandler                     0x080010c8   Section        0  stm32f4xx_hal_dma.o(i.HAL_DMA_IRQHandler)
    i.HAL_DMA_Init                           0x080012b4   Section        0  stm32f4xx_hal_dma.o(i.HAL_DMA_Init)
    i.HAL_Delay                              0x080013a0   Section        0  stm32f4xx_hal.o(i.HAL_Delay)
    i.HAL_GPIO_Init                          0x080013c8   Section        0  stm32f4xx_hal_gpio.o(i.HAL_GPIO_Init)
    i.HAL_GPIO_WritePin                      0x080015f8   Section        0  stm32f4xx_hal_gpio.o(i.HAL_GPIO_WritePin)
    i.HAL_GetTick                            0x08001608   Section        0  stm32f4xx_hal.o(i.HAL_GetTick)
    i.HAL_IncTick                            0x08001614   Section        0  stm32f4xx_hal.o(i.HAL_IncTick)
    i.HAL_Init                               0x08001624   Section        0  stm32f4xx_hal.o(i.HAL_Init)
    i.HAL_InitTick                           0x08001658   Section        0  stm32f4xx_hal.o(i.HAL_InitTick)
    i.HAL_MspInit                            0x0800169c   Section        0  stm32f4xx_hal_msp.o(i.HAL_MspInit)
    i.HAL_NVIC_EnableIRQ                     0x080016e4   Section        0  stm32f4xx_hal_cortex.o(i.HAL_NVIC_EnableIRQ)
    i.HAL_NVIC_SetPriority                   0x08001700   Section        0  stm32f4xx_hal_cortex.o(i.HAL_NVIC_SetPriority)
    i.HAL_NVIC_SetPriorityGrouping           0x08001768   Section        0  stm32f4xx_hal_cortex.o(i.HAL_NVIC_SetPriorityGrouping)
    i.HAL_RCC_ClockConfig                    0x0800178c   Section        0  stm32f4xx_hal_rcc.o(i.HAL_RCC_ClockConfig)
    i.HAL_RCC_GetHCLKFreq                    0x08001908   Section        0  stm32f4xx_hal_rcc.o(i.HAL_RCC_GetHCLKFreq)
    i.HAL_RCC_GetPCLK1Freq                   0x08001914   Section        0  stm32f4xx_hal_rcc.o(i.HAL_RCC_GetPCLK1Freq)
    i.HAL_RCC_GetPCLK2Freq                   0x08001934   Section        0  stm32f4xx_hal_rcc.o(i.HAL_RCC_GetPCLK2Freq)
    i.HAL_RCC_GetSysClockFreq                0x08001954   Section        0  stm32f4xx_hal_rcc.o(i.HAL_RCC_GetSysClockFreq)
    i.HAL_RCC_OscConfig                      0x080019c4   Section        0  stm32f4xx_hal_rcc.o(i.HAL_RCC_OscConfig)
    i.HAL_SYSTICK_Config                     0x08001e48   Section        0  stm32f4xx_hal_cortex.o(i.HAL_SYSTICK_Config)
    i.HAL_TIMEx_ConfigBreakDeadTime          0x08001e70   Section        0  stm32f4xx_hal_tim_ex.o(i.HAL_TIMEx_ConfigBreakDeadTime)
    i.HAL_TIMEx_MasterConfigSynchronization  0x08001ed6   Section        0  stm32f4xx_hal_tim_ex.o(i.HAL_TIMEx_MasterConfigSynchronization)
    i.HAL_TIM_Base_Init                      0x08001f70   Section        0  stm32f4xx_hal_tim.o(i.HAL_TIM_Base_Init)
    i.HAL_TIM_Base_MspInit                   0x08001fcc   Section        0  tim.o(i.HAL_TIM_Base_MspInit)
    i.HAL_TIM_Base_Start                     0x0800202c   Section        0  stm32f4xx_hal_tim.o(i.HAL_TIM_Base_Start)
    i.HAL_TIM_ConfigClockSource              0x080020ac   Section        0  stm32f4xx_hal_tim.o(i.HAL_TIM_ConfigClockSource)
    i.HAL_TIM_MspPostInit                    0x08002198   Section        0  tim.o(i.HAL_TIM_MspPostInit)
    i.HAL_TIM_PWM_ConfigChannel              0x080022c0   Section        0  stm32f4xx_hal_tim.o(i.HAL_TIM_PWM_ConfigChannel)
    i.HAL_TIM_PWM_Init                       0x08002398   Section        0  stm32f4xx_hal_tim.o(i.HAL_TIM_PWM_Init)
    i.HAL_TIM_PWM_MspInit                    0x080023f4   Section        0  stm32f4xx_hal_tim.o(i.HAL_TIM_PWM_MspInit)
    i.HAL_TIM_PWM_Start                      0x080023f8   Section        0  stm32f4xx_hal_tim.o(i.HAL_TIM_PWM_Start)
    i.HAL_UARTEx_RxEventCallback             0x080024d4   Section        0  stm32f4xx_hal_uart.o(i.HAL_UARTEx_RxEventCallback)
    i.HAL_UART_ErrorCallback                 0x080024d6   Section        0  stm32f4xx_hal_uart.o(i.HAL_UART_ErrorCallback)
    i.HAL_UART_IRQHandler                    0x080024d8   Section        0  stm32f4xx_hal_uart.o(i.HAL_UART_IRQHandler)
    i.HAL_UART_Init                          0x08002738   Section        0  stm32f4xx_hal_uart.o(i.HAL_UART_Init)
    i.HAL_UART_MspInit                       0x0800279c   Section        0  usart.o(i.HAL_UART_MspInit)
    i.HAL_UART_Receive_IT                    0x08002998   Section        0  stm32f4xx_hal_uart.o(i.HAL_UART_Receive_IT)
    i.HAL_UART_RxCpltCallback                0x080029c8   Section        0  main.o(i.HAL_UART_RxCpltCallback)
    i.HAL_UART_Transmit                      0x08002b98   Section        0  stm32f4xx_hal_uart.o(i.HAL_UART_Transmit)
    i.HAL_UART_TxCpltCallback                0x08002c62   Section        0  stm32f4xx_hal_uart.o(i.HAL_UART_TxCpltCallback)
    i.HardFault_Handler                      0x08002c64   Section        0  stm32f4xx_it.o(i.HardFault_Handler)
    i.MX_CAN1_Init                           0x08002c68   Section        0  can.o(i.MX_CAN1_Init)
    i.MX_DMA_Init                            0x08002cac   Section        0  dma.o(i.MX_DMA_Init)
    i.MX_GPIO_Init                           0x08002d14   Section        0  gpio.o(i.MX_GPIO_Init)
    i.MX_TIM1_Init                           0x08002e24   Section        0  tim.o(i.MX_TIM1_Init)
    i.MX_TIM8_Init                           0x08002f30   Section        0  tim.o(i.MX_TIM8_Init)
    i.MX_USART1_UART_Init                    0x08003040   Section        0  usart.o(i.MX_USART1_UART_Init)
    i.MX_USART3_UART_Init                    0x08003078   Section        0  usart.o(i.MX_USART3_UART_Init)
    i.MemManage_Handler                      0x080030b0   Section        0  stm32f4xx_it.o(i.MemManage_Handler)
    i.NMI_Handler                            0x080030b4   Section        0  stm32f4xx_it.o(i.NMI_Handler)
    i.PID_struct_init                        0x080030b8   Section        0  pid.o(i.PID_struct_init)
    i.PendSV_Handler                         0x08003108   Section        0  stm32f4xx_it.o(i.PendSV_Handler)
    i.RC_init                                0x0800310c   Section        0  bsp_rc.o(i.RC_init)
    i.SVC_Handler                            0x080031a8   Section        0  stm32f4xx_it.o(i.SVC_Handler)
    i.SysTick_Handler                        0x080031aa   Section        0  stm32f4xx_it.o(i.SysTick_Handler)
    i.SystemClock_Config                     0x080031b4   Section        0  main.o(i.SystemClock_Config)
    i.SystemInit                             0x08003268   Section        0  system_stm32f4xx.o(i.SystemInit)
    i.TIM_Base_SetConfig                     0x08003278   Section        0  stm32f4xx_hal_tim.o(i.TIM_Base_SetConfig)
    i.TIM_CCxChannelCmd                      0x08003344   Section        0  stm32f4xx_hal_tim.o(i.TIM_CCxChannelCmd)
    i.TIM_ETR_SetConfig                      0x08003362   Section        0  stm32f4xx_hal_tim.o(i.TIM_ETR_SetConfig)
    i.TIM_ITRx_SetConfig                     0x08003378   Section        0  stm32f4xx_hal_tim.o(i.TIM_ITRx_SetConfig)
    TIM_ITRx_SetConfig                       0x08003379   Thumb Code    16  stm32f4xx_hal_tim.o(i.TIM_ITRx_SetConfig)
    i.TIM_OC1_SetConfig                      0x08003388   Section        0  stm32f4xx_hal_tim.o(i.TIM_OC1_SetConfig)
    TIM_OC1_SetConfig                        0x08003389   Thumb Code   104  stm32f4xx_hal_tim.o(i.TIM_OC1_SetConfig)
    i.TIM_OC2_SetConfig                      0x080033f8   Section        0  stm32f4xx_hal_tim.o(i.TIM_OC2_SetConfig)
    i.TIM_OC3_SetConfig                      0x08003470   Section        0  stm32f4xx_hal_tim.o(i.TIM_OC3_SetConfig)
    TIM_OC3_SetConfig                        0x08003471   Thumb Code   112  stm32f4xx_hal_tim.o(i.TIM_OC3_SetConfig)
    i.TIM_OC4_SetConfig                      0x080034e8   Section        0  stm32f4xx_hal_tim.o(i.TIM_OC4_SetConfig)
    TIM_OC4_SetConfig                        0x080034e9   Thumb Code    88  stm32f4xx_hal_tim.o(i.TIM_OC4_SetConfig)
    i.TIM_TI1_ConfigInputStage               0x08003540   Section        0  stm32f4xx_hal_tim.o(i.TIM_TI1_ConfigInputStage)
    TIM_TI1_ConfigInputStage                 0x08003541   Thumb Code    38  stm32f4xx_hal_tim.o(i.TIM_TI1_ConfigInputStage)
    i.TIM_TI2_ConfigInputStage               0x08003566   Section        0  stm32f4xx_hal_tim.o(i.TIM_TI2_ConfigInputStage)
    TIM_TI2_ConfigInputStage                 0x08003567   Thumb Code    36  stm32f4xx_hal_tim.o(i.TIM_TI2_ConfigInputStage)
    i.UART_DMAAbortOnError                   0x0800358a   Section        0  stm32f4xx_hal_uart.o(i.UART_DMAAbortOnError)
    UART_DMAAbortOnError                     0x0800358b   Thumb Code    16  stm32f4xx_hal_uart.o(i.UART_DMAAbortOnError)
    i.UART_EndRxTransfer                     0x0800359a   Section        0  stm32f4xx_hal_uart.o(i.UART_EndRxTransfer)
    UART_EndRxTransfer                       0x0800359b   Thumb Code    78  stm32f4xx_hal_uart.o(i.UART_EndRxTransfer)
    i.UART_EndTransmit_IT                    0x080035e8   Section        0  stm32f4xx_hal_uart.o(i.UART_EndTransmit_IT)
    UART_EndTransmit_IT                      0x080035e9   Thumb Code    26  stm32f4xx_hal_uart.o(i.UART_EndTransmit_IT)
    i.UART_Receive_IT                        0x08003602   Section        0  stm32f4xx_hal_uart.o(i.UART_Receive_IT)
    UART_Receive_IT                          0x08003603   Thumb Code   200  stm32f4xx_hal_uart.o(i.UART_Receive_IT)
    i.UART_SetConfig                         0x080036cc   Section        0  stm32f4xx_hal_uart.o(i.UART_SetConfig)
    UART_SetConfig                           0x080036cd   Thumb Code   248  stm32f4xx_hal_uart.o(i.UART_SetConfig)
    i.UART_Start_Receive_IT                  0x080037c8   Section        0  stm32f4xx_hal_uart.o(i.UART_Start_Receive_IT)
    i.UART_Transmit_IT                       0x080037fe   Section        0  stm32f4xx_hal_uart.o(i.UART_Transmit_IT)
    UART_Transmit_IT                         0x080037ff   Thumb Code    94  stm32f4xx_hal_uart.o(i.UART_Transmit_IT)
    i.UART_WaitOnFlagUntilTimeout            0x0800385c   Section        0  stm32f4xx_hal_uart.o(i.UART_WaitOnFlagUntilTimeout)
    UART_WaitOnFlagUntilTimeout              0x0800385d   Thumb Code   140  stm32f4xx_hal_uart.o(i.UART_WaitOnFlagUntilTimeout)
    i.USART1_IRQHandler                      0x080038e8   Section        0  stm32f4xx_it.o(i.USART1_IRQHandler)
    i.USART3_IRQHandler                      0x080038f8   Section        0  remote_control.o(i.USART3_IRQHandler)
    i.UsageFault_Handler                     0x08003a1c   Section        0  stm32f4xx_it.o(i.UsageFault_Handler)
    i.abs_limit                              0x08003a20   Section        0  pid.o(i.abs_limit)
    i.can_filter_init                        0x08003a50   Section        0  main.o(i.can_filter_init)
    i.dma_control                            0x08003a94   Section        0  main.o(i.dma_control)
    i.dma_data                               0x08003abc   Section        0  main.o(i.dma_data)
    i.fric_off                               0x08003ae4   Section        0  main.o(i.fric_off)
    i.get_remote_control_point               0x08003b20   Section        0  remote_control.o(i.get_remote_control_point)
    i.main                                   0x08003b28   Section        0  main.o(i.main)
    i.pid_calc                               0x08004094   Section        0  pid.o(i.pid_calc)
    i.pid_param_init                         0x080042a8   Section        0  pid.o(i.pid_param_init)
    pid_param_init                           0x080042a9   Thumb Code    20  pid.o(i.pid_param_init)
    i.pid_reset                              0x080042bc   Section        0  pid.o(i.pid_reset)
    pid_reset                                0x080042bd   Thumb Code    14  pid.o(i.pid_reset)
    i.remote_control_init                    0x080042cc   Section        0  remote_control.o(i.remote_control_init)
    i.sbus_to_rc                             0x080042e0   Section        0  remote_control.o(i.sbus_to_rc)
    sbus_to_rc                               0x080042e1   Thumb Code   218  remote_control.o(i.sbus_to_rc)
    i.usart1_tx_dma_init                     0x080043bc   Section        0  bsp_usart.o(i.usart1_tx_dma_init)
    x$fpl$dadd                               0x080043d4   Section      336  daddsub_clz.o(x$fpl$dadd)
    $v0                                      0x080043d4   Number         0  daddsub_clz.o(x$fpl$dadd)
    _dadd1                                   0x080043e5   Thumb Code     0  daddsub_clz.o(x$fpl$dadd)
    x$fpl$ddiv                               0x08004524   Section      688  ddiv.o(x$fpl$ddiv)
    $v0                                      0x08004524   Number         0  ddiv.o(x$fpl$ddiv)
    ddiv_entry                               0x0800452b   Thumb Code     0  ddiv.o(x$fpl$ddiv)
    x$fpl$dfix                               0x080047d4   Section       94  dfix.o(x$fpl$dfix)
    $v0                                      0x080047d4   Number         0  dfix.o(x$fpl$dfix)
    x$fpl$dflt                               0x08004832   Section       46  dflt_clz.o(x$fpl$dflt)
    $v0                                      0x08004832   Number         0  dflt_clz.o(x$fpl$dflt)
    x$fpl$dmul                               0x08004860   Section      340  dmul.o(x$fpl$dmul)
    $v0                                      0x08004860   Number         0  dmul.o(x$fpl$dmul)
    x$fpl$dnaninf                            0x080049b4   Section      156  dnaninf.o(x$fpl$dnaninf)
    $v0                                      0x080049b4   Number         0  dnaninf.o(x$fpl$dnaninf)
    x$fpl$dretinf                            0x08004a50   Section       12  dretinf.o(x$fpl$dretinf)
    $v0                                      0x08004a50   Number         0  dretinf.o(x$fpl$dretinf)
    x$fpl$dsub                               0x08004a5c   Section      468  daddsub_clz.o(x$fpl$dsub)
    $v0                                      0x08004a5c   Number         0  daddsub_clz.o(x$fpl$dsub)
    _dsub1                                   0x08004a6d   Thumb Code     0  daddsub_clz.o(x$fpl$dsub)
    x$fpl$fpinit                             0x08004c30   Section       10  fpinit.o(x$fpl$fpinit)
    $v0                                      0x08004c30   Number         0  fpinit.o(x$fpl$fpinit)
    x$fpl$usenofp                            0x08004c3a   Section        0  usenofp.o(x$fpl$usenofp)
    .constdata                               0x08004c3c   Section        4  main.o(.constdata)
    .constdata                               0x08004c40   Section        8  stm32f4xx_hal_dma.o(.constdata)
    flagBitshiftOffset                       0x08004c40   Data           8  stm32f4xx_hal_dma.o(.constdata)
    .constdata                               0x08004c48   Section       16  system_stm32f4xx.o(.constdata)
    .constdata                               0x08004c58   Section        8  system_stm32f4xx.o(.constdata)
    .data                                    0x20000000   Section       63  main.o(.data)
    i                                        0x2000003e   Data           1  main.o(.data)
    .data                                    0x20000040   Section        2  remote_control.o(.data)
    this_time_rx_len                         0x20000040   Data           2  remote_control.o(.data)
    .data                                    0x20000044   Section       12  stm32f4xx_hal.o(.data)
    .data                                    0x20000050   Section        4  system_stm32f4xx.o(.data)
    .bss                                     0x20000054   Section      572  main.o(.bss)
    Tx_message                               0x20000054   Data          24  main.o(.bss)
    set_speed                                0x20000280   Data          16  main.o(.bss)
    .bss                                     0x20000290   Section       40  can.o(.bss)
    .bss                                     0x200002b8   Section      144  tim.o(.bss)
    .bss                                     0x20000348   Section      328  usart.o(.bss)
    .bss                                     0x20000490   Section       94  remote_control.o(.bss)
    sbus_rx_buf                              0x200004a6   Data          72  remote_control.o(.bss)
    .bss                                     0x200004f0   Section       96  libspace.o(.bss)
    HEAP                                     0x20000550   Section      512  startup_stm32f407xx.o(HEAP)
    Heap_Mem                                 0x20000550   Data         512  startup_stm32f407xx.o(HEAP)
    STACK                                    0x20000750   Section     1024  startup_stm32f407xx.o(STACK)
    Stack_Mem                                0x20000750   Data        1024  startup_stm32f407xx.o(STACK)
    __initial_sp                             0x20000b50   Data           0  startup_stm32f407xx.o(STACK)

    Global Symbols

    Symbol Name                              Value     Ov Type        Size  Object(Section)

    BuildAttributes$$THM_ISAv4$E$P$D$K$B$S$7EM$VFPi3$EXTD16$VFPS$VFMA$PE$A:L22UL41UL21$X:L11$S22US41US21$IEEE1$IW$USESV6$~STKCKD$USESV7$~SHL$OTIME$ROPI$EBA8$UX$STANDARDLIB$REQ8$PRES8$EABIv2 0x00000000   Number         0  anon$$obj.o ABSOLUTE
    __ARM_use_no_argv                        0x00000000   Number         0  main.o ABSOLUTE
    __ARM_exceptions_init                     - Undefined Weak Reference
    __alloca_initialize                       - Undefined Weak Reference
    __arm_preinit_                            - Undefined Weak Reference
    __cpp_initialize__aeabi_                  - Undefined Weak Reference
    __cxa_finalize                            - Undefined Weak Reference
    __rt_locale                               - Undefined Weak Reference
    __sigvec_lookup                           - Undefined Weak Reference
    _atexit_init                              - Undefined Weak Reference
    _call_atexit_fns                          - Undefined Weak Reference
    _clock_init                               - Undefined Weak Reference
    _fp_trap_init                             - Undefined Weak Reference
    _fp_trap_shutdown                         - Undefined Weak Reference
    _get_lc_collate                           - Undefined Weak Reference
    _get_lc_ctype                             - Undefined Weak Reference
    _get_lc_monetary                          - Undefined Weak Reference
    _get_lc_numeric                           - Undefined Weak Reference
    _get_lc_time                              - Undefined Weak Reference
    _getenv_init                              - Undefined Weak Reference
    _handle_redirection                       - Undefined Weak Reference
    _init_alloc                               - Undefined Weak Reference
    _init_user_alloc                          - Undefined Weak Reference
    _initio                                   - Undefined Weak Reference
    _rand_init                                - Undefined Weak Reference
    _signal_finish                            - Undefined Weak Reference
    _signal_init                              - Undefined Weak Reference
    _terminate_alloc                          - Undefined Weak Reference
    _terminate_user_alloc                     - Undefined Weak Reference
    _terminateio                              - Undefined Weak Reference
    __Vectors_Size                           0x00000188   Number         0  startup_stm32f407xx.o ABSOLUTE
    __Vectors                                0x08000000   Data           4  startup_stm32f407xx.o(RESET)
    __Vectors_End                            0x08000188   Data           0  startup_stm32f407xx.o(RESET)
    __main                                   0x08000189   Thumb Code     8  __main.o(!!!main)
    __scatterload                            0x08000191   Thumb Code     0  __scatter.o(!!!scatter)
    __scatterload_rt2                        0x08000191   Thumb Code    44  __scatter.o(!!!scatter)
    __scatterload_rt2_thumb_only             0x08000191   Thumb Code     0  __scatter.o(!!!scatter)
    __scatterload_null                       0x0800019f   Thumb Code     0  __scatter.o(!!!scatter)
    __scatterload_copy                       0x080001c5   Thumb Code    26  __scatter_copy.o(!!handler_copy)
    __scatterload_zeroinit                   0x080001e1   Thumb Code    28  __scatter_zi.o(!!handler_zi)
    __rt_lib_init                            0x080001fd   Thumb Code     0  libinit.o(.ARM.Collect$$libinit$$00000000)
    __rt_lib_init_fp_1                       0x080001ff   Thumb Code     0  libinit2.o(.ARM.Collect$$libinit$$00000001)
    __rt_lib_init_alloca_1                   0x08000203   Thumb Code     0  libinit2.o(.ARM.Collect$$libinit$$0000002E)
    __rt_lib_init_argv_1                     0x08000203   Thumb Code     0  libinit2.o(.ARM.Collect$$libinit$$0000002C)
    __rt_lib_init_atexit_1                   0x08000203   Thumb Code     0  libinit2.o(.ARM.Collect$$libinit$$0000001B)
    __rt_lib_init_clock_1                    0x08000203   Thumb Code     0  libinit2.o(.ARM.Collect$$libinit$$00000021)
    __rt_lib_init_cpp_1                      0x08000203   Thumb Code     0  libinit2.o(.ARM.Collect$$libinit$$00000032)
    __rt_lib_init_exceptions_1               0x08000203   Thumb Code     0  libinit2.o(.ARM.Collect$$libinit$$00000030)
    __rt_lib_init_fp_trap_1                  0x08000203   Thumb Code     0  libinit2.o(.ARM.Collect$$libinit$$0000001F)
    __rt_lib_init_getenv_1                   0x08000203   Thumb Code     0  libinit2.o(.ARM.Collect$$libinit$$00000023)
    __rt_lib_init_heap_1                     0x08000203   Thumb Code     0  libinit2.o(.ARM.Collect$$libinit$$0000000A)
    __rt_lib_init_lc_collate_1               0x08000203   Thumb Code     0  libinit2.o(.ARM.Collect$$libinit$$00000011)
    __rt_lib_init_lc_ctype_1                 0x08000203   Thumb Code     0  libinit2.o(.ARM.Collect$$libinit$$00000013)
    __rt_lib_init_lc_monetary_1              0x08000203   Thumb Code     0  libinit2.o(.ARM.Collect$$libinit$$00000015)
    __rt_lib_init_lc_numeric_1               0x08000203   Thumb Code     0  libinit2.o(.ARM.Collect$$libinit$$00000017)
    __rt_lib_init_lc_time_1                  0x08000203   Thumb Code     0  libinit2.o(.ARM.Collect$$libinit$$00000019)
    __rt_lib_init_preinit_1                  0x08000203   Thumb Code     0  libinit2.o(.ARM.Collect$$libinit$$00000004)
    __rt_lib_init_rand_1                     0x08000203   Thumb Code     0  libinit2.o(.ARM.Collect$$libinit$$0000000E)
    __rt_lib_init_return                     0x08000203   Thumb Code     0  libinit2.o(.ARM.Collect$$libinit$$00000033)
    __rt_lib_init_signal_1                   0x08000203   Thumb Code     0  libinit2.o(.ARM.Collect$$libinit$$0000001D)
    __rt_lib_init_stdio_1                    0x08000203   Thumb Code     0  libinit2.o(.ARM.Collect$$libinit$$00000025)
    __rt_lib_init_user_alloc_1               0x08000203   Thumb Code     0  libinit2.o(.ARM.Collect$$libinit$$0000000C)
    __rt_lib_shutdown                        0x08000205   Thumb Code     0  libshutdown.o(.ARM.Collect$$libshutdown$$00000000)
    __rt_lib_shutdown_cpp_1                  0x08000207   Thumb Code     0  libshutdown2.o(.ARM.Collect$$libshutdown$$00000002)
    __rt_lib_shutdown_fp_trap_1              0x08000207   Thumb Code     0  libshutdown2.o(.ARM.Collect$$libshutdown$$00000007)
    __rt_lib_shutdown_heap_1                 0x08000207   Thumb Code     0  libshutdown2.o(.ARM.Collect$$libshutdown$$0000000F)
    __rt_lib_shutdown_return                 0x08000207   Thumb Code     0  libshutdown2.o(.ARM.Collect$$libshutdown$$00000010)
    __rt_lib_shutdown_signal_1               0x08000207   Thumb Code     0  libshutdown2.o(.ARM.Collect$$libshutdown$$0000000A)
    __rt_lib_shutdown_stdio_1                0x08000207   Thumb Code     0  libshutdown2.o(.ARM.Collect$$libshutdown$$00000004)
    __rt_lib_shutdown_user_alloc_1           0x08000207   Thumb Code     0  libshutdown2.o(.ARM.Collect$$libshutdown$$0000000C)
    __rt_entry                               0x08000209   Thumb Code     0  __rtentry.o(.ARM.Collect$$rtentry$$00000000)
    __rt_entry_presh_1                       0x08000209   Thumb Code     0  __rtentry2.o(.ARM.Collect$$rtentry$$00000002)
    __rt_entry_sh                            0x08000209   Thumb Code     0  __rtentry4.o(.ARM.Collect$$rtentry$$00000004)
    __rt_entry_li                            0x0800020f   Thumb Code     0  __rtentry2.o(.ARM.Collect$$rtentry$$0000000A)
    __rt_entry_postsh_1                      0x0800020f   Thumb Code     0  __rtentry2.o(.ARM.Collect$$rtentry$$00000009)
    __rt_entry_main                          0x08000213   Thumb Code     0  __rtentry2.o(.ARM.Collect$$rtentry$$0000000D)
    __rt_entry_postli_1                      0x08000213   Thumb Code     0  __rtentry2.o(.ARM.Collect$$rtentry$$0000000C)
    __rt_exit                                0x0800021b   Thumb Code     0  rtexit.o(.ARM.Collect$$rtexit$$00000000)
    __rt_exit_ls                             0x0800021d   Thumb Code     0  rtexit2.o(.ARM.Collect$$rtexit$$00000003)
    __rt_exit_prels_1                        0x0800021d   Thumb Code     0  rtexit2.o(.ARM.Collect$$rtexit$$00000002)
    __rt_exit_exit                           0x08000221   Thumb Code     0  rtexit2.o(.ARM.Collect$$rtexit$$00000004)
    Reset_Handler                            0x08000229   Thumb Code     8  startup_stm32f407xx.o(.text)
    ADC_IRQHandler                           0x08000243   Thumb Code     0  startup_stm32f407xx.o(.text)
    CAN1_RX1_IRQHandler                      0x08000243   Thumb Code     0  startup_stm32f407xx.o(.text)
    CAN1_SCE_IRQHandler                      0x08000243   Thumb Code     0  startup_stm32f407xx.o(.text)
    CAN1_TX_IRQHandler                       0x08000243   Thumb Code     0  startup_stm32f407xx.o(.text)
    CAN2_RX0_IRQHandler                      0x08000243   Thumb Code     0  startup_stm32f407xx.o(.text)
    CAN2_RX1_IRQHandler                      0x08000243   Thumb Code     0  startup_stm32f407xx.o(.text)
    CAN2_SCE_IRQHandler                      0x08000243   Thumb Code     0  startup_stm32f407xx.o(.text)
    CAN2_TX_IRQHandler                       0x08000243   Thumb Code     0  startup_stm32f407xx.o(.text)
    DCMI_IRQHandler                          0x08000243   Thumb Code     0  startup_stm32f407xx.o(.text)
    DMA1_Stream0_IRQHandler                  0x08000243   Thumb Code     0  startup_stm32f407xx.o(.text)
    DMA1_Stream2_IRQHandler                  0x08000243   Thumb Code     0  startup_stm32f407xx.o(.text)
    DMA1_Stream3_IRQHandler                  0x08000243   Thumb Code     0  startup_stm32f407xx.o(.text)
    DMA1_Stream4_IRQHandler                  0x08000243   Thumb Code     0  startup_stm32f407xx.o(.text)
    DMA1_Stream5_IRQHandler                  0x08000243   Thumb Code     0  startup_stm32f407xx.o(.text)
    DMA1_Stream6_IRQHandler                  0x08000243   Thumb Code     0  startup_stm32f407xx.o(.text)
    DMA1_Stream7_IRQHandler                  0x08000243   Thumb Code     0  startup_stm32f407xx.o(.text)
    DMA2_Stream0_IRQHandler                  0x08000243   Thumb Code     0  startup_stm32f407xx.o(.text)
    DMA2_Stream1_IRQHandler                  0x08000243   Thumb Code     0  startup_stm32f407xx.o(.text)
    DMA2_Stream2_IRQHandler                  0x08000243   Thumb Code     0  startup_stm32f407xx.o(.text)
    DMA2_Stream3_IRQHandler                  0x08000243   Thumb Code     0  startup_stm32f407xx.o(.text)
    DMA2_Stream4_IRQHandler                  0x08000243   Thumb Code     0  startup_stm32f407xx.o(.text)
    DMA2_Stream5_IRQHandler                  0x08000243   Thumb Code     0  startup_stm32f407xx.o(.text)
    DMA2_Stream6_IRQHandler                  0x08000243   Thumb Code     0  startup_stm32f407xx.o(.text)
    ETH_IRQHandler                           0x08000243   Thumb Code     0  startup_stm32f407xx.o(.text)
    ETH_WKUP_IRQHandler                      0x08000243   Thumb Code     0  startup_stm32f407xx.o(.text)
    EXTI0_IRQHandler                         0x08000243   Thumb Code     0  startup_stm32f407xx.o(.text)
    EXTI15_10_IRQHandler                     0x08000243   Thumb Code     0  startup_stm32f407xx.o(.text)
    EXTI1_IRQHandler                         0x08000243   Thumb Code     0  startup_stm32f407xx.o(.text)
    EXTI2_IRQHandler                         0x08000243   Thumb Code     0  startup_stm32f407xx.o(.text)
    EXTI3_IRQHandler                         0x08000243   Thumb Code     0  startup_stm32f407xx.o(.text)
    EXTI4_IRQHandler                         0x08000243   Thumb Code     0  startup_stm32f407xx.o(.text)
    EXTI9_5_IRQHandler                       0x08000243   Thumb Code     0  startup_stm32f407xx.o(.text)
    FLASH_IRQHandler                         0x08000243   Thumb Code     0  startup_stm32f407xx.o(.text)
    FMC_IRQHandler                           0x08000243   Thumb Code     0  startup_stm32f407xx.o(.text)
    FPU_IRQHandler                           0x08000243   Thumb Code     0  startup_stm32f407xx.o(.text)
    HASH_RNG_IRQHandler                      0x08000243   Thumb Code     0  startup_stm32f407xx.o(.text)
    I2C1_ER_IRQHandler                       0x08000243   Thumb Code     0  startup_stm32f407xx.o(.text)
    I2C1_EV_IRQHandler                       0x08000243   Thumb Code     0  startup_stm32f407xx.o(.text)
    I2C2_ER_IRQHandler                       0x08000243   Thumb Code     0  startup_stm32f407xx.o(.text)
    I2C2_EV_IRQHandler                       0x08000243   Thumb Code     0  startup_stm32f407xx.o(.text)
    I2C3_ER_IRQHandler                       0x08000243   Thumb Code     0  startup_stm32f407xx.o(.text)
    I2C3_EV_IRQHandler                       0x08000243   Thumb Code     0  startup_stm32f407xx.o(.text)
    OTG_FS_IRQHandler                        0x08000243   Thumb Code     0  startup_stm32f407xx.o(.text)
    OTG_FS_WKUP_IRQHandler                   0x08000243   Thumb Code     0  startup_stm32f407xx.o(.text)
    OTG_HS_EP1_IN_IRQHandler                 0x08000243   Thumb Code     0  startup_stm32f407xx.o(.text)
    OTG_HS_EP1_OUT_IRQHandler                0x08000243   Thumb Code     0  startup_stm32f407xx.o(.text)
    OTG_HS_IRQHandler                        0x08000243   Thumb Code     0  startup_stm32f407xx.o(.text)
    OTG_HS_WKUP_IRQHandler                   0x08000243   Thumb Code     0  startup_stm32f407xx.o(.text)
    PVD_IRQHandler                           0x08000243   Thumb Code     0  startup_stm32f407xx.o(.text)
    RCC_IRQHandler                           0x08000243   Thumb Code     0  startup_stm32f407xx.o(.text)
    RTC_Alarm_IRQHandler                     0x08000243   Thumb Code     0  startup_stm32f407xx.o(.text)
    RTC_WKUP_IRQHandler                      0x08000243   Thumb Code     0  startup_stm32f407xx.o(.text)
    SDIO_IRQHandler                          0x08000243   Thumb Code     0  startup_stm32f407xx.o(.text)
    SPI1_IRQHandler                          0x08000243   Thumb Code     0  startup_stm32f407xx.o(.text)
    SPI2_IRQHandler                          0x08000243   Thumb Code     0  startup_stm32f407xx.o(.text)
    SPI3_IRQHandler                          0x08000243   Thumb Code     0  startup_stm32f407xx.o(.text)
    TAMP_STAMP_IRQHandler                    0x08000243   Thumb Code     0  startup_stm32f407xx.o(.text)
    TIM1_BRK_TIM9_IRQHandler                 0x08000243   Thumb Code     0  startup_stm32f407xx.o(.text)
    TIM1_CC_IRQHandler                       0x08000243   Thumb Code     0  startup_stm32f407xx.o(.text)
    TIM1_TRG_COM_TIM11_IRQHandler            0x08000243   Thumb Code     0  startup_stm32f407xx.o(.text)
    TIM1_UP_TIM10_IRQHandler                 0x08000243   Thumb Code     0  startup_stm32f407xx.o(.text)
    TIM2_IRQHandler                          0x08000243   Thumb Code     0  startup_stm32f407xx.o(.text)
    TIM3_IRQHandler                          0x08000243   Thumb Code     0  startup_stm32f407xx.o(.text)
    TIM4_IRQHandler                          0x08000243   Thumb Code     0  startup_stm32f407xx.o(.text)
    TIM5_IRQHandler                          0x08000243   Thumb Code     0  startup_stm32f407xx.o(.text)
    TIM6_DAC_IRQHandler                      0x08000243   Thumb Code     0  startup_stm32f407xx.o(.text)
    TIM7_IRQHandler                          0x08000243   Thumb Code     0  startup_stm32f407xx.o(.text)
    TIM8_BRK_TIM12_IRQHandler                0x08000243   Thumb Code     0  startup_stm32f407xx.o(.text)
    TIM8_CC_IRQHandler                       0x08000243   Thumb Code     0  startup_stm32f407xx.o(.text)
    TIM8_TRG_COM_TIM14_IRQHandler            0x08000243   Thumb Code     0  startup_stm32f407xx.o(.text)
    TIM8_UP_TIM13_IRQHandler                 0x08000243   Thumb Code     0  startup_stm32f407xx.o(.text)
    UART4_IRQHandler                         0x08000243   Thumb Code     0  startup_stm32f407xx.o(.text)
    UART5_IRQHandler                         0x08000243   Thumb Code     0  startup_stm32f407xx.o(.text)
    USART2_IRQHandler                        0x08000243   Thumb Code     0  startup_stm32f407xx.o(.text)
    USART6_IRQHandler                        0x08000243   Thumb Code     0  startup_stm32f407xx.o(.text)
    WWDG_IRQHandler                          0x08000243   Thumb Code     0  startup_stm32f407xx.o(.text)
    __user_initial_stackheap                 0x08000245   Thumb Code     0  startup_stm32f407xx.o(.text)
    __aeabi_uldivmod                         0x08000269   Thumb Code     0  lludivv7m.o(.text)
    _ll_udiv                                 0x08000269   Thumb Code   238  lludivv7m.o(.text)
    __aeabi_memclr4                          0x08000357   Thumb Code     0  rt_memclr_w.o(.text)
    __aeabi_memclr8                          0x08000357   Thumb Code     0  rt_memclr_w.o(.text)
    __rt_memclr_w                            0x08000357   Thumb Code    78  rt_memclr_w.o(.text)
    _memset_w                                0x0800035b   Thumb Code     0  rt_memclr_w.o(.text)
    strcmp                                   0x080003a5   Thumb Code   128  strcmpv7m.o(.text)
    __use_two_region_memory                  0x08000425   Thumb Code     2  heapauxi.o(.text)
    __rt_heap_escrow$2region                 0x08000427   Thumb Code     2  heapauxi.o(.text)
    __rt_heap_expand$2region                 0x08000429   Thumb Code     2  heapauxi.o(.text)
    __user_setup_stackheap                   0x0800042b   Thumb Code    74  sys_stackheap_outer.o(.text)
    exit                                     0x08000475   Thumb Code    18  exit.o(.text)
    __user_libspace                          0x08000489   Thumb Code     8  libspace.o(.text)
    __user_perproc_libspace                  0x08000489   Thumb Code     0  libspace.o(.text)
    __user_perthread_libspace                0x08000489   Thumb Code     0  libspace.o(.text)
    _sys_exit                                0x08000491   Thumb Code     8  sys_exit.o(.text)
    __I$use$semihosting                      0x0800049d   Thumb Code     0  use_no_semi.o(.text)
    __use_no_semihosting_swi                 0x0800049d   Thumb Code     2  use_no_semi.o(.text)
    BusFault_Handler                         0x0800049f   Thumb Code     4  stm32f4xx_it.o(i.BusFault_Handler)
    __semihosting_library_function           0x0800049f   Thumb Code     0  indicate_semi.o(.text)
    CAN1_RX0_IRQHandler                      0x080004a5   Thumb Code    10  stm32f4xx_it.o(i.CAN1_RX0_IRQHandler)
    CAN_chassis_current                      0x080004b5   Thumb Code    68  main.o(i.CAN_chassis_current)
    CAN_current                              0x08000505   Thumb Code    68  main.o(i.CAN_current)
    DMA1_Stream1_IRQHandler                  0x08000555   Thumb Code    10  stm32f4xx_it.o(i.DMA1_Stream1_IRQHandler)
    DMA2_Stream7_IRQHandler                  0x08000565   Thumb Code    10  stm32f4xx_it.o(i.DMA2_Stream7_IRQHandler)
    DebugMon_Handler                         0x08000627   Thumb Code     2  stm32f4xx_it.o(i.DebugMon_Handler)
    Error_Handler                            0x08000629   Thumb Code     6  main.o(i.Error_Handler)
    HAL_CAN_ActivateNotification             0x0800062f   Thumb Code    36  stm32f4xx_hal_can.o(i.HAL_CAN_ActivateNotification)
    HAL_CAN_AddTxMessage                     0x08000653   Thumb Code   260  stm32f4xx_hal_can.o(i.HAL_CAN_AddTxMessage)
    HAL_CAN_ConfigFilter                     0x08000759   Thumb Code   290  stm32f4xx_hal_can.o(i.HAL_CAN_ConfigFilter)
    HAL_CAN_ErrorCallback                    0x08000881   Thumb Code     2  stm32f4xx_hal_can.o(i.HAL_CAN_ErrorCallback)
    HAL_CAN_GetRxMessage                     0x08000883   Thumb Code   364  stm32f4xx_hal_can.o(i.HAL_CAN_GetRxMessage)
    HAL_CAN_IRQHandler                       0x080009ef   Thumb Code   564  stm32f4xx_hal_can.o(i.HAL_CAN_IRQHandler)
    HAL_CAN_Init                             0x08000c23   Thumb Code   360  stm32f4xx_hal_can.o(i.HAL_CAN_Init)
    HAL_CAN_MspInit                          0x08000d8d   Thumb Code   138  can.o(i.HAL_CAN_MspInit)
    HAL_CAN_RxFifo0FullCallback              0x08000e25   Thumb Code     2  stm32f4xx_hal_can.o(i.HAL_CAN_RxFifo0FullCallback)
    HAL_CAN_RxFifo0MsgPendingCallback        0x08000e29   Thumb Code   326  main.o(i.HAL_CAN_RxFifo0MsgPendingCallback)
    HAL_CAN_RxFifo1FullCallback              0x08000f89   Thumb Code     2  stm32f4xx_hal_can.o(i.HAL_CAN_RxFifo1FullCallback)
    HAL_CAN_RxFifo1MsgPendingCallback        0x08000f8b   Thumb Code     2  stm32f4xx_hal_can.o(i.HAL_CAN_RxFifo1MsgPendingCallback)
    HAL_CAN_SleepCallback                    0x08000f8d   Thumb Code     2  stm32f4xx_hal_can.o(i.HAL_CAN_SleepCallback)
    HAL_CAN_Start                            0x08000f8f   Thumb Code   100  stm32f4xx_hal_can.o(i.HAL_CAN_Start)
    HAL_CAN_TxMailbox0AbortCallback          0x08000ff3   Thumb Code     2  stm32f4xx_hal_can.o(i.HAL_CAN_TxMailbox0AbortCallback)
    HAL_CAN_TxMailbox0CompleteCallback       0x08000ff5   Thumb Code     2  stm32f4xx_hal_can.o(i.HAL_CAN_TxMailbox0CompleteCallback)
    HAL_CAN_TxMailbox1AbortCallback          0x08000ff7   Thumb Code     2  stm32f4xx_hal_can.o(i.HAL_CAN_TxMailbox1AbortCallback)
    HAL_CAN_TxMailbox1CompleteCallback       0x08000ff9   Thumb Code     2  stm32f4xx_hal_can.o(i.HAL_CAN_TxMailbox1CompleteCallback)
    HAL_CAN_TxMailbox2AbortCallback          0x08000ffb   Thumb Code     2  stm32f4xx_hal_can.o(i.HAL_CAN_TxMailbox2AbortCallback)
    HAL_CAN_TxMailbox2CompleteCallback       0x08000ffd   Thumb Code     2  stm32f4xx_hal_can.o(i.HAL_CAN_TxMailbox2CompleteCallback)
    HAL_CAN_WakeUpFromRxMsgCallback          0x08000fff   Thumb Code     2  stm32f4xx_hal_can.o(i.HAL_CAN_WakeUpFromRxMsgCallback)
    HAL_DMA_Abort                            0x08001001   Thumb Code   162  stm32f4xx_hal_dma.o(i.HAL_DMA_Abort)
    HAL_DMA_Abort_IT                         0x080010a3   Thumb Code    36  stm32f4xx_hal_dma.o(i.HAL_DMA_Abort_IT)
    HAL_DMA_IRQHandler                       0x080010c9   Thumb Code   488  stm32f4xx_hal_dma.o(i.HAL_DMA_IRQHandler)
    HAL_DMA_Init                             0x080012b5   Thumb Code   230  stm32f4xx_hal_dma.o(i.HAL_DMA_Init)
    HAL_Delay                                0x080013a1   Thumb Code    34  stm32f4xx_hal.o(i.HAL_Delay)
    HAL_GPIO_Init                            0x080013c9   Thumb Code   538  stm32f4xx_hal_gpio.o(i.HAL_GPIO_Init)
    HAL_GPIO_WritePin                        0x080015f9   Thumb Code    14  stm32f4xx_hal_gpio.o(i.HAL_GPIO_WritePin)
    HAL_GetTick                              0x08001609   Thumb Code     6  stm32f4xx_hal.o(i.HAL_GetTick)
    HAL_IncTick                              0x08001615   Thumb Code    12  stm32f4xx_hal.o(i.HAL_IncTick)
    HAL_Init                                 0x08001625   Thumb Code    48  stm32f4xx_hal.o(i.HAL_Init)
    HAL_InitTick                             0x08001659   Thumb Code    58  stm32f4xx_hal.o(i.HAL_InitTick)
    HAL_MspInit                              0x0800169d   Thumb Code    68  stm32f4xx_hal_msp.o(i.HAL_MspInit)
    HAL_NVIC_EnableIRQ                       0x080016e5   Thumb Code    28  stm32f4xx_hal_cortex.o(i.HAL_NVIC_EnableIRQ)
    HAL_NVIC_SetPriority                     0x08001701   Thumb Code    98  stm32f4xx_hal_cortex.o(i.HAL_NVIC_SetPriority)
    HAL_NVIC_SetPriorityGrouping             0x08001769   Thumb Code    30  stm32f4xx_hal_cortex.o(i.HAL_NVIC_SetPriorityGrouping)
    HAL_RCC_ClockConfig                      0x0800178d   Thumb Code   354  stm32f4xx_hal_rcc.o(i.HAL_RCC_ClockConfig)
    HAL_RCC_GetHCLKFreq                      0x08001909   Thumb Code     6  stm32f4xx_hal_rcc.o(i.HAL_RCC_GetHCLKFreq)
    HAL_RCC_GetPCLK1Freq                     0x08001915   Thumb Code    22  stm32f4xx_hal_rcc.o(i.HAL_RCC_GetPCLK1Freq)
    HAL_RCC_GetPCLK2Freq                     0x08001935   Thumb Code    22  stm32f4xx_hal_rcc.o(i.HAL_RCC_GetPCLK2Freq)
    HAL_RCC_GetSysClockFreq                  0x08001955   Thumb Code    94  stm32f4xx_hal_rcc.o(i.HAL_RCC_GetSysClockFreq)
    HAL_RCC_OscConfig                        0x080019c5   Thumb Code  1154  stm32f4xx_hal_rcc.o(i.HAL_RCC_OscConfig)
    HAL_SYSTICK_Config                       0x08001e49   Thumb Code    36  stm32f4xx_hal_cortex.o(i.HAL_SYSTICK_Config)
    HAL_TIMEx_ConfigBreakDeadTime            0x08001e71   Thumb Code   102  stm32f4xx_hal_tim_ex.o(i.HAL_TIMEx_ConfigBreakDeadTime)
    HAL_TIMEx_MasterConfigSynchronization    0x08001ed7   Thumb Code   154  stm32f4xx_hal_tim_ex.o(i.HAL_TIMEx_MasterConfigSynchronization)
    HAL_TIM_Base_Init                        0x08001f71   Thumb Code    92  stm32f4xx_hal_tim.o(i.HAL_TIM_Base_Init)
    HAL_TIM_Base_MspInit                     0x08001fcd   Thumb Code    84  tim.o(i.HAL_TIM_Base_MspInit)
    HAL_TIM_Base_Start                       0x0800202d   Thumb Code   128  stm32f4xx_hal_tim.o(i.HAL_TIM_Base_Start)
    HAL_TIM_ConfigClockSource                0x080020ad   Thumb Code   234  stm32f4xx_hal_tim.o(i.HAL_TIM_ConfigClockSource)
    HAL_TIM_MspPostInit                      0x08002199   Thumb Code   268  tim.o(i.HAL_TIM_MspPostInit)
    HAL_TIM_PWM_ConfigChannel                0x080022c1   Thumb Code   216  stm32f4xx_hal_tim.o(i.HAL_TIM_PWM_ConfigChannel)
    HAL_TIM_PWM_Init                         0x08002399   Thumb Code    92  stm32f4xx_hal_tim.o(i.HAL_TIM_PWM_Init)
    HAL_TIM_PWM_MspInit                      0x080023f5   Thumb Code     2  stm32f4xx_hal_tim.o(i.HAL_TIM_PWM_MspInit)
    HAL_TIM_PWM_Start                        0x080023f9   Thumb Code   210  stm32f4xx_hal_tim.o(i.HAL_TIM_PWM_Start)
    HAL_UARTEx_RxEventCallback               0x080024d5   Thumb Code     2  stm32f4xx_hal_uart.o(i.HAL_UARTEx_RxEventCallback)
    HAL_UART_ErrorCallback                   0x080024d7   Thumb Code     2  stm32f4xx_hal_uart.o(i.HAL_UART_ErrorCallback)
    HAL_UART_IRQHandler                      0x080024d9   Thumb Code   604  stm32f4xx_hal_uart.o(i.HAL_UART_IRQHandler)
    HAL_UART_Init                            0x08002739   Thumb Code   100  stm32f4xx_hal_uart.o(i.HAL_UART_Init)
    HAL_UART_MspInit                         0x0800279d   Thumb Code   466  usart.o(i.HAL_UART_MspInit)
    HAL_UART_Receive_IT                      0x08002999   Thumb Code    46  stm32f4xx_hal_uart.o(i.HAL_UART_Receive_IT)
    HAL_UART_RxCpltCallback                  0x080029c9   Thumb Code   406  main.o(i.HAL_UART_RxCpltCallback)
    HAL_UART_Transmit                        0x08002b99   Thumb Code   202  stm32f4xx_hal_uart.o(i.HAL_UART_Transmit)
    HAL_UART_TxCpltCallback                  0x08002c63   Thumb Code     2  stm32f4xx_hal_uart.o(i.HAL_UART_TxCpltCallback)
    HardFault_Handler                        0x08002c65   Thumb Code     4  stm32f4xx_it.o(i.HardFault_Handler)
    MX_CAN1_Init                             0x08002c69   Thumb Code    58  can.o(i.MX_CAN1_Init)
    MX_DMA_Init                              0x08002cad   Thumb Code    98  dma.o(i.MX_DMA_Init)
    MX_GPIO_Init                             0x08002d15   Thumb Code   264  gpio.o(i.MX_GPIO_Init)
    MX_TIM1_Init                             0x08002e25   Thumb Code   258  tim.o(i.MX_TIM1_Init)
    MX_TIM8_Init                             0x08002f31   Thumb Code   264  tim.o(i.MX_TIM8_Init)
    MX_USART1_UART_Init                      0x08003041   Thumb Code    46  usart.o(i.MX_USART1_UART_Init)
    MX_USART3_UART_Init                      0x08003079   Thumb Code    44  usart.o(i.MX_USART3_UART_Init)
    MemManage_Handler                        0x080030b1   Thumb Code     4  stm32f4xx_it.o(i.MemManage_Handler)
    NMI_Handler                              0x080030b5   Thumb Code     4  stm32f4xx_it.o(i.NMI_Handler)
    PID_struct_init                          0x080030b9   Thumb Code    70  pid.o(i.PID_struct_init)
    PendSV_Handler                           0x08003109   Thumb Code     2  stm32f4xx_it.o(i.PendSV_Handler)
    RC_init                                  0x0800310d   Thumb Code   142  bsp_rc.o(i.RC_init)
    SVC_Handler                              0x080031a9   Thumb Code     2  stm32f4xx_it.o(i.SVC_Handler)
    SysTick_Handler                          0x080031ab   Thumb Code     8  stm32f4xx_it.o(i.SysTick_Handler)
    SystemClock_Config                       0x080031b5   Thumb Code   170  main.o(i.SystemClock_Config)
    SystemInit                               0x08003269   Thumb Code    12  system_stm32f4xx.o(i.SystemInit)
    TIM_Base_SetConfig                       0x08003279   Thumb Code   182  stm32f4xx_hal_tim.o(i.TIM_Base_SetConfig)
    TIM_CCxChannelCmd                        0x08003345   Thumb Code    30  stm32f4xx_hal_tim.o(i.TIM_CCxChannelCmd)
    TIM_ETR_SetConfig                        0x08003363   Thumb Code    22  stm32f4xx_hal_tim.o(i.TIM_ETR_SetConfig)
    TIM_OC2_SetConfig                        0x080033f9   Thumb Code   112  stm32f4xx_hal_tim.o(i.TIM_OC2_SetConfig)
    UART_Start_Receive_IT                    0x080037c9   Thumb Code    54  stm32f4xx_hal_uart.o(i.UART_Start_Receive_IT)
    USART1_IRQHandler                        0x080038e9   Thumb Code    10  stm32f4xx_it.o(i.USART1_IRQHandler)
    USART3_IRQHandler                        0x080038f9   Thumb Code   264  remote_control.o(i.USART3_IRQHandler)
    UsageFault_Handler                       0x08003a1d   Thumb Code     4  stm32f4xx_it.o(i.UsageFault_Handler)
    abs_limit                                0x08003a21   Thumb Code    46  pid.o(i.abs_limit)
    can_filter_init                          0x08003a51   Thumb Code    62  main.o(i.can_filter_init)
    dma_control                              0x08003a95   Thumb Code    34  main.o(i.dma_control)
    dma_data                                 0x08003abd   Thumb Code    34  main.o(i.dma_data)
    fric_off                                 0x08003ae5   Thumb Code    52  main.o(i.fric_off)
    get_remote_control_point                 0x08003b21   Thumb Code     4  remote_control.o(i.get_remote_control_point)
    main                                     0x08003b29   Thumb Code  1360  main.o(i.main)
    pid_calc                                 0x08004095   Thumb Code   528  pid.o(i.pid_calc)
    remote_control_init                      0x080042cd   Thumb Code    16  remote_control.o(i.remote_control_init)
    usart1_tx_dma_init                       0x080043bd   Thumb Code    18  bsp_usart.o(i.usart1_tx_dma_init)
    __aeabi_dadd                             0x080043d5   Thumb Code     0  daddsub_clz.o(x$fpl$dadd)
    _dadd                                    0x080043d5   Thumb Code   332  daddsub_clz.o(x$fpl$dadd)
    __aeabi_ddiv                             0x08004525   Thumb Code     0  ddiv.o(x$fpl$ddiv)
    _ddiv                                    0x08004525   Thumb Code   552  ddiv.o(x$fpl$ddiv)
    __aeabi_d2iz                             0x080047d5   Thumb Code     0  dfix.o(x$fpl$dfix)
    _dfix                                    0x080047d5   Thumb Code    94  dfix.o(x$fpl$dfix)
    __aeabi_i2d                              0x08004833   Thumb Code     0  dflt_clz.o(x$fpl$dflt)
    _dflt                                    0x08004833   Thumb Code    46  dflt_clz.o(x$fpl$dflt)
    __aeabi_dmul                             0x08004861   Thumb Code     0  dmul.o(x$fpl$dmul)
    _dmul                                    0x08004861   Thumb Code   332  dmul.o(x$fpl$dmul)
    __fpl_dnaninf                            0x080049b5   Thumb Code   156  dnaninf.o(x$fpl$dnaninf)
    __fpl_dretinf                            0x08004a51   Thumb Code    12  dretinf.o(x$fpl$dretinf)
    __aeabi_dsub                             0x08004a5d   Thumb Code     0  daddsub_clz.o(x$fpl$dsub)
    _dsub                                    0x08004a5d   Thumb Code   464  daddsub_clz.o(x$fpl$dsub)
    _fp_init                                 0x08004c31   Thumb Code    10  fpinit.o(x$fpl$fpinit)
    __fplib_config_fpu_vfp                   0x08004c39   Thumb Code     0  fpinit.o(x$fpl$fpinit)
    __fplib_config_pureend_doubles           0x08004c39   Thumb Code     0  fpinit.o(x$fpl$fpinit)
    __I$use$fp                               0x08004c3a   Number         0  usenofp.o(x$fpl$usenofp)
    AHBPrescTable                            0x08004c48   Data          16  system_stm32f4xx.o(.constdata)
    APBPrescTable                            0x08004c58   Data           8  system_stm32f4xx.o(.constdata)
    Region$$Table$$Base                      0x08004c60   Number         0  anon$$obj.o(Region$$Table)
    Region$$Table$$Limit                     0x08004c80   Number         0  anon$$obj.o(Region$$Table)
    local_rc_ctrl                            0x20000000   Data           4  main.o(.data)
    Send_data                                0x20000004   Data           8  main.o(.data)
    TxData                                   0x2000000c   Data          30  main.o(.data)
    rx_up                                    0x2000002a   Data           3  main.o(.data)
    rx_left                                  0x2000002d   Data           3  main.o(.data)
    rx_down                                  0x20000030   Data           3  main.o(.data)
    rx_right                                 0x20000033   Data           3  main.o(.data)
    temp_rx                                  0x20000036   Data           8  main.o(.data)
    uwTickFreq                               0x20000044   Data           1  stm32f4xx_hal.o(.data)
    uwTickPrio                               0x20000048   Data           4  stm32f4xx_hal.o(.data)
    uwTick                                   0x2000004c   Data           4  stm32f4xx_hal.o(.data)
    SystemCoreClock                          0x20000050   Data           4  system_stm32f4xx.o(.data)
    pid_speed                                0x2000006c   Data         432  main.o(.bss)
    motor_chassis                            0x2000021c   Data          70  main.o(.bss)
    RxData                                   0x20000262   Data          30  main.o(.bss)
    hcan1                                    0x20000290   Data          40  can.o(.bss)
    htim1                                    0x200002b8   Data          72  tim.o(.bss)
    htim8                                    0x20000300   Data          72  tim.o(.bss)
    huart1                                   0x20000348   Data          68  usart.o(.bss)
    huart3                                   0x2000038c   Data          68  usart.o(.bss)
    hdma_usart1_tx                           0x200003d0   Data          96  usart.o(.bss)
    hdma_usart3_rx                           0x20000430   Data          96  usart.o(.bss)
    rc_ctrl                                  0x20000490   Data          22  remote_control.o(.bss)
    __libspace_start                         0x200004f0   Data          96  libspace.o(.bss)
    __temporary_stack_top$libspace           0x20000550   Data           0  libspace.o(.bss)



==============================================================================

Memory Map of the image

  Image Entry point : 0x08000189

  Load Region LR_IROM1 (Base: 0x08000000, Size: 0x00004cd4, Max: 0x00100000, ABSOLUTE)

    Execution Region ER_IROM1 (Exec base: 0x08000000, Load base: 0x08000000, Size: 0x00004c80, Max: 0x00100000, ABSOLUTE)

    Exec Addr    Load Addr    Size         Type   Attr      Idx    E Section Name        Object

    0x08000000   0x08000000   0x00000188   Data   RO            3    RESET               startup_stm32f407xx.o
    0x08000188   0x08000188   0x00000008   Code   RO         3635  * !!!main             c_w.l(__main.o)
    0x08000190   0x08000190   0x00000034   Code   RO         3833    !!!scatter          c_w.l(__scatter.o)
    0x080001c4   0x080001c4   0x0000001a   Code   RO         3835    !!handler_copy      c_w.l(__scatter_copy.o)
    0x080001de   0x080001de   0x00000002   PAD
    0x080001e0   0x080001e0   0x0000001c   Code   RO         3837    !!handler_zi        c_w.l(__scatter_zi.o)
    0x080001fc   0x080001fc   0x00000002   Code   RO         3703    .ARM.Collect$$libinit$$00000000  c_w.l(libinit.o)
    0x080001fe   0x080001fe   0x00000004   Code   RO         3715    .ARM.Collect$$libinit$$00000001  c_w.l(libinit2.o)
    0x08000202   0x08000202   0x00000000   Code   RO         3718    .ARM.Collect$$libinit$$00000004  c_w.l(libinit2.o)
    0x08000202   0x08000202   0x00000000   Code   RO         3721    .ARM.Collect$$libinit$$0000000A  c_w.l(libinit2.o)
    0x08000202   0x08000202   0x00000000   Code   RO         3723    .ARM.Collect$$libinit$$0000000C  c_w.l(libinit2.o)
    0x08000202   0x08000202   0x00000000   Code   RO         3725    .ARM.Collect$$libinit$$0000000E  c_w.l(libinit2.o)
    0x08000202   0x08000202   0x00000000   Code   RO         3728    .ARM.Collect$$libinit$$00000011  c_w.l(libinit2.o)
    0x08000202   0x08000202   0x00000000   Code   RO         3730    .ARM.Collect$$libinit$$00000013  c_w.l(libinit2.o)
    0x08000202   0x08000202   0x00000000   Code   RO         3732    .ARM.Collect$$libinit$$00000015  c_w.l(libinit2.o)
    0x08000202   0x08000202   0x00000000   Code   RO         3734    .ARM.Collect$$libinit$$00000017  c_w.l(libinit2.o)
    0x08000202   0x08000202   0x00000000   Code   RO         3736    .ARM.Collect$$libinit$$00000019  c_w.l(libinit2.o)
    0x08000202   0x08000202   0x00000000   Code   RO         3738    .ARM.Collect$$libinit$$0000001B  c_w.l(libinit2.o)
    0x08000202   0x08000202   0x00000000   Code   RO         3740    .ARM.Collect$$libinit$$0000001D  c_w.l(libinit2.o)
    0x08000202   0x08000202   0x00000000   Code   RO         3742    .ARM.Collect$$libinit$$0000001F  c_w.l(libinit2.o)
    0x08000202   0x08000202   0x00000000   Code   RO         3744    .ARM.Collect$$libinit$$00000021  c_w.l(libinit2.o)
    0x08000202   0x08000202   0x00000000   Code   RO         3746    .ARM.Collect$$libinit$$00000023  c_w.l(libinit2.o)
    0x08000202   0x08000202   0x00000000   Code   RO         3748    .ARM.Collect$$libinit$$00000025  c_w.l(libinit2.o)
    0x08000202   0x08000202   0x00000000   Code   RO         3752    .ARM.Collect$$libinit$$0000002C  c_w.l(libinit2.o)
    0x08000202   0x08000202   0x00000000   Code   RO         3754    .ARM.Collect$$libinit$$0000002E  c_w.l(libinit2.o)
    0x08000202   0x08000202   0x00000000   Code   RO         3756    .ARM.Collect$$libinit$$00000030  c_w.l(libinit2.o)
    0x08000202   0x08000202   0x00000000   Code   RO         3758    .ARM.Collect$$libinit$$00000032  c_w.l(libinit2.o)
    0x08000202   0x08000202   0x00000002   Code   RO         3759    .ARM.Collect$$libinit$$00000033  c_w.l(libinit2.o)
    0x08000204   0x08000204   0x00000002   Code   RO         3790    .ARM.Collect$$libshutdown$$00000000  c_w.l(libshutdown.o)
    0x08000206   0x08000206   0x00000000   Code   RO         3816    .ARM.Collect$$libshutdown$$00000002  c_w.l(libshutdown2.o)
    0x08000206   0x08000206   0x00000000   Code   RO         3818    .ARM.Collect$$libshutdown$$00000004  c_w.l(libshutdown2.o)
    0x08000206   0x08000206   0x00000000   Code   RO         3821    .ARM.Collect$$libshutdown$$00000007  c_w.l(libshutdown2.o)
    0x08000206   0x08000206   0x00000000   Code   RO         3824    .ARM.Collect$$libshutdown$$0000000A  c_w.l(libshutdown2.o)
    0x08000206   0x08000206   0x00000000   Code   RO         3826    .ARM.Collect$$libshutdown$$0000000C  c_w.l(libshutdown2.o)
    0x08000206   0x08000206   0x00000000   Code   RO         3829    .ARM.Collect$$libshutdown$$0000000F  c_w.l(libshutdown2.o)
    0x08000206   0x08000206   0x00000002   Code   RO         3830    .ARM.Collect$$libshutdown$$00000010  c_w.l(libshutdown2.o)
    0x08000208   0x08000208   0x00000000   Code   RO         3661    .ARM.Collect$$rtentry$$00000000  c_w.l(__rtentry.o)
    0x08000208   0x08000208   0x00000000   Code   RO         3674    .ARM.Collect$$rtentry$$00000002  c_w.l(__rtentry2.o)
    0x08000208   0x08000208   0x00000006   Code   RO         3686    .ARM.Collect$$rtentry$$00000004  c_w.l(__rtentry4.o)
    0x0800020e   0x0800020e   0x00000000   Code   RO         3676    .ARM.Collect$$rtentry$$00000009  c_w.l(__rtentry2.o)
    0x0800020e   0x0800020e   0x00000004   Code   RO         3677    .ARM.Collect$$rtentry$$0000000A  c_w.l(__rtentry2.o)
    0x08000212   0x08000212   0x00000000   Code   RO         3679    .ARM.Collect$$rtentry$$0000000C  c_w.l(__rtentry2.o)
    0x08000212   0x08000212   0x00000008   Code   RO         3680    .ARM.Collect$$rtentry$$0000000D  c_w.l(__rtentry2.o)
    0x0800021a   0x0800021a   0x00000002   Code   RO         3707    .ARM.Collect$$rtexit$$00000000  c_w.l(rtexit.o)
    0x0800021c   0x0800021c   0x00000000   Code   RO         3763    .ARM.Collect$$rtexit$$00000002  c_w.l(rtexit2.o)
    0x0800021c   0x0800021c   0x00000004   Code   RO         3764    .ARM.Collect$$rtexit$$00000003  c_w.l(rtexit2.o)
    0x08000220   0x08000220   0x00000006   Code   RO         3765    .ARM.Collect$$rtexit$$00000004  c_w.l(rtexit2.o)
    0x08000226   0x08000226   0x00000002   PAD
    0x08000228   0x08000228   0x00000040   Code   RO            4    .text               startup_stm32f407xx.o
    0x08000268   0x08000268   0x000000ee   Code   RO         3627    .text               c_w.l(lludivv7m.o)
    0x08000356   0x08000356   0x0000004e   Code   RO         3629    .text               c_w.l(rt_memclr_w.o)
    0x080003a4   0x080003a4   0x00000080   Code   RO         3631    .text               c_w.l(strcmpv7m.o)
    0x08000424   0x08000424   0x00000006   Code   RO         3633    .text               c_w.l(heapauxi.o)
    0x0800042a   0x0800042a   0x0000004a   Code   RO         3690    .text               c_w.l(sys_stackheap_outer.o)
    0x08000474   0x08000474   0x00000012   Code   RO         3692    .text               c_w.l(exit.o)
    0x08000486   0x08000486   0x00000002   PAD
    0x08000488   0x08000488   0x00000008   Code   RO         3704    .text               c_w.l(libspace.o)
    0x08000490   0x08000490   0x0000000c   Code   RO         3760    .text               c_w.l(sys_exit.o)
    0x0800049c   0x0800049c   0x00000002   Code   RO         3779    .text               c_w.l(use_no_semi.o)
    0x0800049e   0x0800049e   0x00000000   Code   RO         3781    .text               c_w.l(indicate_semi.o)
    0x0800049e   0x0800049e   0x00000004   Code   RO          478    i.BusFault_Handler  stm32f4xx_it.o
    0x080004a2   0x080004a2   0x00000002   PAD
    0x080004a4   0x080004a4   0x00000010   Code   RO          479    i.CAN1_RX0_IRQHandler  stm32f4xx_it.o
    0x080004b4   0x080004b4   0x00000050   Code   RO           13    i.CAN_chassis_current  main.o
    0x08000504   0x08000504   0x00000050   Code   RO           14    i.CAN_current       main.o
    0x08000554   0x08000554   0x00000010   Code   RO          480    i.DMA1_Stream1_IRQHandler  stm32f4xx_it.o
    0x08000564   0x08000564   0x00000010   Code   RO          481    i.DMA2_Stream7_IRQHandler  stm32f4xx_it.o
    0x08000574   0x08000574   0x00000034   Code   RO         1571    i.DMA_CalcBaseAndBitshift  stm32f4xx_hal_dma.o
    0x080005a8   0x080005a8   0x0000007e   Code   RO         1572    i.DMA_CheckFifoParam  stm32f4xx_hal_dma.o
    0x08000626   0x08000626   0x00000002   Code   RO          482    i.DebugMon_Handler  stm32f4xx_it.o
    0x08000628   0x08000628   0x00000006   Code   RO           15    i.Error_Handler     main.o
    0x0800062e   0x0800062e   0x00000024   Code   RO          834    i.HAL_CAN_ActivateNotification  stm32f4xx_hal_can.o
    0x08000652   0x08000652   0x00000104   Code   RO          835    i.HAL_CAN_AddTxMessage  stm32f4xx_hal_can.o
    0x08000756   0x08000756   0x00000002   PAD
    0x08000758   0x08000758   0x00000128   Code   RO          836    i.HAL_CAN_ConfigFilter  stm32f4xx_hal_can.o
    0x08000880   0x08000880   0x00000002   Code   RO          839    i.HAL_CAN_ErrorCallback  stm32f4xx_hal_can.o
    0x08000882   0x08000882   0x0000016c   Code   RO          842    i.HAL_CAN_GetRxMessage  stm32f4xx_hal_can.o
    0x080009ee   0x080009ee   0x00000234   Code   RO          846    i.HAL_CAN_IRQHandler  stm32f4xx_hal_can.o
    0x08000c22   0x08000c22   0x00000168   Code   RO          847    i.HAL_CAN_Init      stm32f4xx_hal_can.o
    0x08000d8a   0x08000d8a   0x00000002   PAD
    0x08000d8c   0x08000d8c   0x00000098   Code   RO          311    i.HAL_CAN_MspInit   can.o
    0x08000e24   0x08000e24   0x00000002   Code   RO          854    i.HAL_CAN_RxFifo0FullCallback  stm32f4xx_hal_can.o
    0x08000e26   0x08000e26   0x00000002   PAD
    0x08000e28   0x08000e28   0x00000160   Code   RO           16    i.HAL_CAN_RxFifo0MsgPendingCallback  main.o
    0x08000f88   0x08000f88   0x00000002   Code   RO          856    i.HAL_CAN_RxFifo1FullCallback  stm32f4xx_hal_can.o
    0x08000f8a   0x08000f8a   0x00000002   Code   RO          857    i.HAL_CAN_RxFifo1MsgPendingCallback  stm32f4xx_hal_can.o
    0x08000f8c   0x08000f8c   0x00000002   Code   RO          858    i.HAL_CAN_SleepCallback  stm32f4xx_hal_can.o
    0x08000f8e   0x08000f8e   0x00000064   Code   RO          859    i.HAL_CAN_Start     stm32f4xx_hal_can.o
    0x08000ff2   0x08000ff2   0x00000002   Code   RO          861    i.HAL_CAN_TxMailbox0AbortCallback  stm32f4xx_hal_can.o
    0x08000ff4   0x08000ff4   0x00000002   Code   RO          862    i.HAL_CAN_TxMailbox0CompleteCallback  stm32f4xx_hal_can.o
    0x08000ff6   0x08000ff6   0x00000002   Code   RO          863    i.HAL_CAN_TxMailbox1AbortCallback  stm32f4xx_hal_can.o
    0x08000ff8   0x08000ff8   0x00000002   Code   RO          864    i.HAL_CAN_TxMailbox1CompleteCallback  stm32f4xx_hal_can.o
    0x08000ffa   0x08000ffa   0x00000002   Code   RO          865    i.HAL_CAN_TxMailbox2AbortCallback  stm32f4xx_hal_can.o
    0x08000ffc   0x08000ffc   0x00000002   Code   RO          866    i.HAL_CAN_TxMailbox2CompleteCallback  stm32f4xx_hal_can.o
    0x08000ffe   0x08000ffe   0x00000002   Code   RO          868    i.HAL_CAN_WakeUpFromRxMsgCallback  stm32f4xx_hal_can.o
    0x08001000   0x08001000   0x000000a2   Code   RO         1574    i.HAL_DMA_Abort     stm32f4xx_hal_dma.o
    0x080010a2   0x080010a2   0x00000024   Code   RO         1575    i.HAL_DMA_Abort_IT  stm32f4xx_hal_dma.o
    0x080010c6   0x080010c6   0x00000002   PAD
    0x080010c8   0x080010c8   0x000001ec   Code   RO         1579    i.HAL_DMA_IRQHandler  stm32f4xx_hal_dma.o
    0x080012b4   0x080012b4   0x000000ec   Code   RO         1580    i.HAL_DMA_Init      stm32f4xx_hal_dma.o
    0x080013a0   0x080013a0   0x00000028   Code   RO         1988    i.HAL_Delay         stm32f4xx_hal.o
    0x080013c8   0x080013c8   0x00000230   Code   RO         1467    i.HAL_GPIO_Init     stm32f4xx_hal_gpio.o
    0x080015f8   0x080015f8   0x0000000e   Code   RO         1471    i.HAL_GPIO_WritePin  stm32f4xx_hal_gpio.o
    0x08001606   0x08001606   0x00000002   PAD
    0x08001608   0x08001608   0x0000000c   Code   RO         1994    i.HAL_GetTick       stm32f4xx_hal.o
    0x08001614   0x08001614   0x00000010   Code   RO         2000    i.HAL_IncTick       stm32f4xx_hal.o
    0x08001624   0x08001624   0x00000034   Code   RO         2001    i.HAL_Init          stm32f4xx_hal.o
    0x08001658   0x08001658   0x00000044   Code   RO         2002    i.HAL_InitTick      stm32f4xx_hal.o
    0x0800169c   0x0800169c   0x00000048   Code   RO          578    i.HAL_MspInit       stm32f4xx_hal_msp.o
    0x080016e4   0x080016e4   0x0000001c   Code   RO         1856    i.HAL_NVIC_EnableIRQ  stm32f4xx_hal_cortex.o
    0x08001700   0x08001700   0x00000068   Code   RO         1862    i.HAL_NVIC_SetPriority  stm32f4xx_hal_cortex.o
    0x08001768   0x08001768   0x00000024   Code   RO         1863    i.HAL_NVIC_SetPriorityGrouping  stm32f4xx_hal_cortex.o
    0x0800178c   0x0800178c   0x0000017c   Code   RO         1068    i.HAL_RCC_ClockConfig  stm32f4xx_hal_rcc.o
    0x08001908   0x08001908   0x0000000c   Code   RO         1073    i.HAL_RCC_GetHCLKFreq  stm32f4xx_hal_rcc.o
    0x08001914   0x08001914   0x00000020   Code   RO         1075    i.HAL_RCC_GetPCLK1Freq  stm32f4xx_hal_rcc.o
    0x08001934   0x08001934   0x00000020   Code   RO         1076    i.HAL_RCC_GetPCLK2Freq  stm32f4xx_hal_rcc.o
    0x08001954   0x08001954   0x00000070   Code   RO         1077    i.HAL_RCC_GetSysClockFreq  stm32f4xx_hal_rcc.o
    0x080019c4   0x080019c4   0x00000482   Code   RO         1080    i.HAL_RCC_OscConfig  stm32f4xx_hal_rcc.o
    0x08001e46   0x08001e46   0x00000002   PAD
    0x08001e48   0x08001e48   0x00000028   Code   RO         1867    i.HAL_SYSTICK_Config  stm32f4xx_hal_cortex.o
    0x08001e70   0x08001e70   0x00000066   Code   RO         2959    i.HAL_TIMEx_ConfigBreakDeadTime  stm32f4xx_hal_tim_ex.o
    0x08001ed6   0x08001ed6   0x0000009a   Code   RO         2975    i.HAL_TIMEx_MasterConfigSynchronization  stm32f4xx_hal_tim_ex.o
    0x08001f70   0x08001f70   0x0000005c   Code   RO         2241    i.HAL_TIM_Base_Init  stm32f4xx_hal_tim.o
    0x08001fcc   0x08001fcc   0x00000060   Code   RO          377    i.HAL_TIM_Base_MspInit  tim.o
    0x0800202c   0x0800202c   0x00000080   Code   RO         2244    i.HAL_TIM_Base_Start  stm32f4xx_hal_tim.o
    0x080020ac   0x080020ac   0x000000ea   Code   RO         2250    i.HAL_TIM_ConfigClockSource  stm32f4xx_hal_tim.o
    0x08002196   0x08002196   0x00000002   PAD
    0x08002198   0x08002198   0x00000128   Code   RO          378    i.HAL_TIM_MspPostInit  tim.o
    0x080022c0   0x080022c0   0x000000d8   Code   RO         2313    i.HAL_TIM_PWM_ConfigChannel  stm32f4xx_hal_tim.o
    0x08002398   0x08002398   0x0000005c   Code   RO         2316    i.HAL_TIM_PWM_Init  stm32f4xx_hal_tim.o
    0x080023f4   0x080023f4   0x00000002   Code   RO         2318    i.HAL_TIM_PWM_MspInit  stm32f4xx_hal_tim.o
    0x080023f6   0x080023f6   0x00000002   PAD
    0x080023f8   0x080023f8   0x000000dc   Code   RO         2321    i.HAL_TIM_PWM_Start  stm32f4xx_hal_tim.o
    0x080024d4   0x080024d4   0x00000002   Code   RO         3234    i.HAL_UARTEx_RxEventCallback  stm32f4xx_hal_uart.o
    0x080024d6   0x080024d6   0x00000002   Code   RO         3248    i.HAL_UART_ErrorCallback  stm32f4xx_hal_uart.o
    0x080024d8   0x080024d8   0x00000260   Code   RO         3251    i.HAL_UART_IRQHandler  stm32f4xx_hal_uart.o
    0x08002738   0x08002738   0x00000064   Code   RO         3252    i.HAL_UART_Init     stm32f4xx_hal_uart.o
    0x0800279c   0x0800279c   0x000001fc   Code   RO          431    i.HAL_UART_MspInit  usart.o
    0x08002998   0x08002998   0x0000002e   Code   RO         3257    i.HAL_UART_Receive_IT  stm32f4xx_hal_uart.o
    0x080029c6   0x080029c6   0x00000002   PAD
    0x080029c8   0x080029c8   0x000001d0   Code   RO           17    i.HAL_UART_RxCpltCallback  main.o
    0x08002b98   0x08002b98   0x000000ca   Code   RO         3260    i.HAL_UART_Transmit  stm32f4xx_hal_uart.o
    0x08002c62   0x08002c62   0x00000002   Code   RO         3263    i.HAL_UART_TxCpltCallback  stm32f4xx_hal_uart.o
    0x08002c64   0x08002c64   0x00000004   Code   RO          483    i.HardFault_Handler  stm32f4xx_it.o
    0x08002c68   0x08002c68   0x00000044   Code   RO          312    i.MX_CAN1_Init      can.o
    0x08002cac   0x08002cac   0x00000068   Code   RO          352    i.MX_DMA_Init       dma.o
    0x08002d14   0x08002d14   0x00000110   Code   RO          286    i.MX_GPIO_Init      gpio.o
    0x08002e24   0x08002e24   0x0000010c   Code   RO          379    i.MX_TIM1_Init      tim.o
    0x08002f30   0x08002f30   0x00000110   Code   RO          380    i.MX_TIM8_Init      tim.o
    0x08003040   0x08003040   0x00000038   Code   RO          432    i.MX_USART1_UART_Init  usart.o
    0x08003078   0x08003078   0x00000038   Code   RO          433    i.MX_USART3_UART_Init  usart.o
    0x080030b0   0x080030b0   0x00000004   Code   RO          484    i.MemManage_Handler  stm32f4xx_it.o
    0x080030b4   0x080030b4   0x00000004   Code   RO          485    i.NMI_Handler       stm32f4xx_it.o
    0x080030b8   0x080030b8   0x00000050   Code   RO          730    i.PID_struct_init   pid.o
    0x08003108   0x08003108   0x00000002   Code   RO          486    i.PendSV_Handler    stm32f4xx_it.o
    0x0800310a   0x0800310a   0x00000002   PAD
    0x0800310c   0x0800310c   0x0000009c   Code   RO          602    i.RC_init           bsp_rc.o
    0x080031a8   0x080031a8   0x00000002   Code   RO          487    i.SVC_Handler       stm32f4xx_it.o
    0x080031aa   0x080031aa   0x00000008   Code   RO          488    i.SysTick_Handler   stm32f4xx_it.o
    0x080031b2   0x080031b2   0x00000002   PAD
    0x080031b4   0x080031b4   0x000000b4   Code   RO           18    i.SystemClock_Config  main.o
    0x08003268   0x08003268   0x00000010   Code   RO         3591    i.SystemInit        system_stm32f4xx.o
    0x08003278   0x08003278   0x000000cc   Code   RO         2334    i.TIM_Base_SetConfig  stm32f4xx_hal_tim.o
    0x08003344   0x08003344   0x0000001e   Code   RO         2335    i.TIM_CCxChannelCmd  stm32f4xx_hal_tim.o
    0x08003362   0x08003362   0x00000016   Code   RO         2345    i.TIM_ETR_SetConfig  stm32f4xx_hal_tim.o
    0x08003378   0x08003378   0x00000010   Code   RO         2346    i.TIM_ITRx_SetConfig  stm32f4xx_hal_tim.o
    0x08003388   0x08003388   0x00000070   Code   RO         2347    i.TIM_OC1_SetConfig  stm32f4xx_hal_tim.o
    0x080033f8   0x080033f8   0x00000078   Code   RO         2348    i.TIM_OC2_SetConfig  stm32f4xx_hal_tim.o
    0x08003470   0x08003470   0x00000078   Code   RO         2349    i.TIM_OC3_SetConfig  stm32f4xx_hal_tim.o
    0x080034e8   0x080034e8   0x00000058   Code   RO         2350    i.TIM_OC4_SetConfig  stm32f4xx_hal_tim.o
    0x08003540   0x08003540   0x00000026   Code   RO         2352    i.TIM_TI1_ConfigInputStage  stm32f4xx_hal_tim.o
    0x08003566   0x08003566   0x00000024   Code   RO         2354    i.TIM_TI2_ConfigInputStage  stm32f4xx_hal_tim.o
    0x0800358a   0x0800358a   0x00000010   Code   RO         3265    i.UART_DMAAbortOnError  stm32f4xx_hal_uart.o
    0x0800359a   0x0800359a   0x0000004e   Code   RO         3275    i.UART_EndRxTransfer  stm32f4xx_hal_uart.o
    0x080035e8   0x080035e8   0x0000001a   Code   RO         3276    i.UART_EndTransmit_IT  stm32f4xx_hal_uart.o
    0x08003602   0x08003602   0x000000c8   Code   RO         3278    i.UART_Receive_IT   stm32f4xx_hal_uart.o
    0x080036ca   0x080036ca   0x00000002   PAD
    0x080036cc   0x080036cc   0x000000fc   Code   RO         3279    i.UART_SetConfig    stm32f4xx_hal_uart.o
    0x080037c8   0x080037c8   0x00000036   Code   RO         3281    i.UART_Start_Receive_IT  stm32f4xx_hal_uart.o
    0x080037fe   0x080037fe   0x0000005e   Code   RO         3282    i.UART_Transmit_IT  stm32f4xx_hal_uart.o
    0x0800385c   0x0800385c   0x0000008c   Code   RO         3283    i.UART_WaitOnFlagUntilTimeout  stm32f4xx_hal_uart.o
    0x080038e8   0x080038e8   0x00000010   Code   RO          489    i.USART1_IRQHandler  stm32f4xx_it.o
    0x080038f8   0x080038f8   0x00000124   Code   RO          784    i.USART3_IRQHandler  remote_control.o
    0x08003a1c   0x08003a1c   0x00000004   Code   RO          490    i.UsageFault_Handler  stm32f4xx_it.o
    0x08003a20   0x08003a20   0x0000002e   Code   RO          731    i.abs_limit         pid.o
    0x08003a4e   0x08003a4e   0x00000002   PAD
    0x08003a50   0x08003a50   0x00000044   Code   RO           21    i.can_filter_init   main.o
    0x08003a94   0x08003a94   0x00000028   Code   RO           22    i.dma_control       main.o
    0x08003abc   0x08003abc   0x00000028   Code   RO           23    i.dma_data          main.o
    0x08003ae4   0x08003ae4   0x0000003c   Code   RO           24    i.fric_off          main.o
    0x08003b20   0x08003b20   0x00000008   Code   RO          785    i.get_remote_control_point  remote_control.o
    0x08003b28   0x08003b28   0x0000056c   Code   RO           27    i.main              main.o
    0x08004094   0x08004094   0x00000214   Code   RO          732    i.pid_calc          pid.o
    0x080042a8   0x080042a8   0x00000014   Code   RO          733    i.pid_param_init    pid.o
    0x080042bc   0x080042bc   0x0000000e   Code   RO          734    i.pid_reset         pid.o
    0x080042ca   0x080042ca   0x00000002   PAD
    0x080042cc   0x080042cc   0x00000014   Code   RO          786    i.remote_control_init  remote_control.o
    0x080042e0   0x080042e0   0x000000da   Code   RO          787    i.sbus_to_rc        remote_control.o
    0x080043ba   0x080043ba   0x00000002   PAD
    0x080043bc   0x080043bc   0x00000018   Code   RO          697    i.usart1_tx_dma_init  bsp_usart.o
    0x080043d4   0x080043d4   0x00000150   Code   RO         3637    x$fpl$dadd          fz_wm.l(daddsub_clz.o)
    0x08004524   0x08004524   0x000002b0   Code   RO         3644    x$fpl$ddiv          fz_wm.l(ddiv.o)
    0x080047d4   0x080047d4   0x0000005e   Code   RO         3647    x$fpl$dfix          fz_wm.l(dfix.o)
    0x08004832   0x08004832   0x0000002e   Code   RO         3652    x$fpl$dflt          fz_wm.l(dflt_clz.o)
    0x08004860   0x08004860   0x00000154   Code   RO         3659    x$fpl$dmul          fz_wm.l(dmul.o)
    0x080049b4   0x080049b4   0x0000009c   Code   RO         3668    x$fpl$dnaninf       fz_wm.l(dnaninf.o)
    0x08004a50   0x08004a50   0x0000000c   Code   RO         3670    x$fpl$dretinf       fz_wm.l(dretinf.o)
    0x08004a5c   0x08004a5c   0x000001d4   Code   RO         3639    x$fpl$dsub          fz_wm.l(daddsub_clz.o)
    0x08004c30   0x08004c30   0x0000000a   Code   RO         3775    x$fpl$fpinit        fz_wm.l(fpinit.o)
    0x08004c3a   0x08004c3a   0x00000000   Code   RO         3672    x$fpl$usenofp       fz_wm.l(usenofp.o)
    0x08004c3a   0x08004c3a   0x00000002   PAD
    0x08004c3c   0x08004c3c   0x00000004   Data   RO           31    .constdata          main.o
    0x08004c40   0x08004c40   0x00000008   Data   RO         1586    .constdata          stm32f4xx_hal_dma.o
    0x08004c48   0x08004c48   0x00000010   Data   RO         3592    .constdata          system_stm32f4xx.o
    0x08004c58   0x08004c58   0x00000008   Data   RO         3593    .constdata          system_stm32f4xx.o
    0x08004c60   0x08004c60   0x00000020   Data   RO         3831    Region$$Table       anon$$obj.o


    Execution Region RW_IRAM2 (Exec base: 0x10000000, Load base: 0x08004cd4, Size: 0x00000000, Max: 0x00010000, ABSOLUTE)

    **** No section assigned to this execution region ****


    Execution Region RW_IRAM1 (Exec base: 0x20000000, Load base: 0x08004c80, Size: 0x00000b50, Max: 0x00020000, ABSOLUTE)

    Exec Addr    Load Addr    Size         Type   Attr      Idx    E Section Name        Object

    0x20000000   0x08004c80   0x0000003f   Data   RW           32    .data               main.o
    0x2000003f   0x08004cbf   0x00000001   PAD
    0x20000040   0x08004cc0   0x00000002   Data   RW          789    .data               remote_control.o
    0x20000042   0x08004cc2   0x00000002   PAD
    0x20000044   0x08004cc4   0x0000000c   Data   RW         2008    .data               stm32f4xx_hal.o
    0x20000050   0x08004cd0   0x00000004   Data   RW         3594    .data               system_stm32f4xx.o
    0x20000054        -       0x0000023c   Zero   RW           30    .bss                main.o
    0x20000290        -       0x00000028   Zero   RW          313    .bss                can.o
    0x200002b8        -       0x00000090   Zero   RW          381    .bss                tim.o
    0x20000348        -       0x00000148   Zero   RW          434    .bss                usart.o
    0x20000490        -       0x0000005e   Zero   RW          788    .bss                remote_control.o
    0x200004ee   0x08004cd4   0x00000002   PAD
    0x200004f0        -       0x00000060   Zero   RW         3705    .bss                c_w.l(libspace.o)
    0x20000550        -       0x00000200   Zero   RW            2    HEAP                startup_stm32f407xx.o
    0x20000750        -       0x00000400   Zero   RW            1    STACK               startup_stm32f407xx.o


==============================================================================

Image component sizes


      Code (inc. data)   RO Data    RW Data    ZI Data      Debug   Object Name

       156         14          0          0          0     583378   bsp_rc.o
        24          6          0          0          0        489   bsp_usart.o
       220         24          0          0         40       1753   can.o
       104          6          0          0          0        854   dma.o
       272          8          0          0          0       1135   gpio.o
      2758        250          4         63        572     714528   main.o
       692         14          0          0          0       5318   pid.o
       538         36          0          2         94       4663   remote_control.o
        64         26        392          0       1536        864   startup_stm32f407xx.o
       188         30          0         12          0       9585   stm32f4xx_hal.o
      2004          6          0          0          0      15399   stm32f4xx_hal_can.o
       208         16          0          0          0      33771   stm32f4xx_hal_cortex.o
      1104         18          8          0          0       5967   stm32f4xx_hal_dma.o
       574         22          0          0          0       2424   stm32f4xx_hal_gpio.o
        72          4          0          0          0        898   stm32f4xx_hal_msp.o
      1722        104          0          0          0       6672   stm32f4xx_hal_rcc.o
      1770         56          0          0          0      13967   stm32f4xx_hal_tim.o
       256          0          0          0          0       2348   stm32f4xx_hal_tim_ex.o
      1822          8          0          0          0      13088   stm32f4xx_hal_uart.o
        98         24          0          0          0       6504   stm32f4xx_it.o
        16          4         24          4          0       1187   system_stm32f4xx.o
       932         58          0          0        144       3717   tim.o
       620         64          0          0        328       2749   usart.o

    ----------------------------------------------------------------------
     16246        798        460         84       2716    1431258   Object Totals
         0          0         32          0          0          0   (incl. Generated)
        32          0          0          3          2          0   (incl. Padding)

    ----------------------------------------------------------------------

      Code (inc. data)   RO Data    RW Data    ZI Data      Debug   Library Member Name

         8          0          0          0          0         68   __main.o
         0          0          0          0          0          0   __rtentry.o
        12          0          0          0          0          0   __rtentry2.o
         6          0          0          0          0          0   __rtentry4.o
        52          8          0          0          0          0   __scatter.o
        26          0          0          0          0          0   __scatter_copy.o
        28          0          0          0          0          0   __scatter_zi.o
        18          0          0          0          0         80   exit.o
         6          0          0          0          0        152   heapauxi.o
         0          0          0          0          0          0   indicate_semi.o
         2          0          0          0          0          0   libinit.o
         6          0          0          0          0          0   libinit2.o
         2          0          0          0          0          0   libshutdown.o
         2          0          0          0          0          0   libshutdown2.o
         8          4          0          0         96         68   libspace.o
       238          0          0          0          0        100   lludivv7m.o
        78          0          0          0          0         80   rt_memclr_w.o
         2          0          0          0          0          0   rtexit.o
        10          0          0          0          0          0   rtexit2.o
       128          0          0          0          0         68   strcmpv7m.o
        12          4          0          0          0         68   sys_exit.o
        74          0          0          0          0         80   sys_stackheap_outer.o
         2          0          0          0          0         68   use_no_semi.o
       804         16          0          0          0        368   daddsub_clz.o
       688        140          0          0          0        256   ddiv.o
        94          4          0          0          0        140   dfix.o
        46          0          0          0          0        116   dflt_clz.o
       340         12          0          0          0        152   dmul.o
       156          4          0          0          0        140   dnaninf.o
        12          0          0          0          0        116   dretinf.o
        10          0          0          0          0        116   fpinit.o
         0          0          0          0          0          0   usenofp.o

    ----------------------------------------------------------------------
      2878        192          0          0         96       2236   Library Totals
         8          0          0          0          0          0   (incl. Padding)

    ----------------------------------------------------------------------

      Code (inc. data)   RO Data    RW Data    ZI Data      Debug   Library Name

       720         16          0          0         96        832   c_w.l
      2150        176          0          0          0       1404   fz_wm.l

    ----------------------------------------------------------------------
      2878        192          0          0         96       2236   Library Totals

    ----------------------------------------------------------------------

==============================================================================


      Code (inc. data)   RO Data    RW Data    ZI Data      Debug   

     19124        990        460         84       2812    1420982   Grand Totals
     19124        990        460         84       2812    1420982   ELF Image Totals
     19124        990        460         84          0          0   ROM Totals

==============================================================================

    Total RO  Size (Code + RO Data)                19584 (  19.13kB)
    Total RW  Size (RW Data + ZI Data)              2896 (   2.83kB)
    Total ROM Size (Code + RO Data + RW Data)      19668 (  19.21kB)

==============================================================================

