Component: ARM Compiler 5.06 update 5 (build 528) Tool: armlink [4d35e2]

==============================================================================

Section Cross References

    startup_stm32f407xx.o(STACK) refers (Special) to heapauxi.o(.text) for __use_two_region_memory
    startup_stm32f407xx.o(HEAP) refers (Special) to heapauxi.o(.text) for __use_two_region_memory
    startup_stm32f407xx.o(RESET) refers (Special) to heapauxi.o(.text) for __use_two_region_memory
    startup_stm32f407xx.o(RESET) refers to startup_stm32f407xx.o(STACK) for __initial_sp
    startup_stm32f407xx.o(RESET) refers to startup_stm32f407xx.o(.text) for Reset_Handler
    startup_stm32f407xx.o(RESET) refers to stm32f4xx_it.o(i.NMI_Handler) for NMI_Handler
    startup_stm32f407xx.o(RESET) refers to stm32f4xx_it.o(i.HardFault_Handler) for HardFault_Handler
    startup_stm32f407xx.o(RESET) refers to stm32f4xx_it.o(i.MemManage_Handler) for MemManage_Handler
    startup_stm32f407xx.o(RESET) refers to stm32f4xx_it.o(i.BusFault_Handler) for BusFault_Handler
    startup_stm32f407xx.o(RESET) refers to stm32f4xx_it.o(i.UsageFault_Handler) for UsageFault_Handler
    startup_stm32f407xx.o(RESET) refers to stm32f4xx_it.o(i.SVC_Handler) for SVC_Handler
    startup_stm32f407xx.o(RESET) refers to stm32f4xx_it.o(i.DebugMon_Handler) for DebugMon_Handler
    startup_stm32f407xx.o(RESET) refers to stm32f4xx_it.o(i.PendSV_Handler) for PendSV_Handler
    startup_stm32f407xx.o(RESET) refers to stm32f4xx_it.o(i.SysTick_Handler) for SysTick_Handler
    startup_stm32f407xx.o(RESET) refers to stm32f4xx_it.o(i.DMA1_Stream1_IRQHandler) for DMA1_Stream1_IRQHandler
    startup_stm32f407xx.o(RESET) refers to stm32f4xx_it.o(i.CAN1_RX0_IRQHandler) for CAN1_RX0_IRQHandler
    startup_stm32f407xx.o(RESET) refers to stm32f4xx_it.o(i.USART1_IRQHandler) for USART1_IRQHandler
    startup_stm32f407xx.o(RESET) refers to remote_control.o(i.USART3_IRQHandler) for USART3_IRQHandler
    startup_stm32f407xx.o(RESET) refers to stm32f4xx_it.o(i.DMA2_Stream7_IRQHandler) for DMA2_Stream7_IRQHandler
    startup_stm32f407xx.o(.text) refers (Special) to heapauxi.o(.text) for __use_two_region_memory
    startup_stm32f407xx.o(.text) refers to system_stm32f4xx.o(i.SystemInit) for SystemInit
    startup_stm32f407xx.o(.text) refers to __main.o(!!!main) for __main
    startup_stm32f407xx.o(.text) refers to startup_stm32f407xx.o(HEAP) for Heap_Mem
    startup_stm32f407xx.o(.text) refers to startup_stm32f407xx.o(STACK) for Stack_Mem
    main.o(i.CAN_chassis_current) refers to stm32f4xx_hal_can.o(i.HAL_CAN_AddTxMessage) for HAL_CAN_AddTxMessage
    main.o(i.CAN_chassis_current) refers to main.o(.bss) for .bss
    main.o(i.CAN_chassis_current) refers to main.o(.data) for .data
    main.o(i.CAN_chassis_current) refers to can.o(.bss) for hcan1
    main.o(i.CAN_current) refers to stm32f4xx_hal_can.o(i.HAL_CAN_AddTxMessage) for HAL_CAN_AddTxMessage
    main.o(i.CAN_current) refers to main.o(.bss) for .bss
    main.o(i.CAN_current) refers to main.o(.data) for .data
    main.o(i.CAN_current) refers to can.o(.bss) for hcan1
    main.o(i.HAL_CAN_RxFifo0MsgPendingCallback) refers to stm32f4xx_hal_can.o(i.HAL_CAN_GetRxMessage) for HAL_CAN_GetRxMessage
    main.o(i.HAL_CAN_RxFifo0MsgPendingCallback) refers to main.o(.data) for .data
    main.o(i.HAL_CAN_RxFifo0MsgPendingCallback) refers to main.o(.bss) for .bss
    main.o(i.HAL_UART_RxCpltCallback) refers to strcmpv7m.o(.text) for strcmp
    main.o(i.HAL_UART_RxCpltCallback) refers to stm32f4xx_hal_uart.o(i.HAL_UART_Transmit) for HAL_UART_Transmit
    main.o(i.HAL_UART_RxCpltCallback) refers to main.o(i.auto_control_y) for auto_control_y
    main.o(i.HAL_UART_RxCpltCallback) refers to dfixu.o(x$fpl$dfixu) for __aeabi_d2uiz
    main.o(i.HAL_UART_RxCpltCallback) refers to main.o(i.auto_control_x) for auto_control_x
    main.o(i.HAL_UART_RxCpltCallback) refers to main.o(.data) for .data
    main.o(i.HAL_UART_RxCpltCallback) refers to main.o(.bss) for .bss
    main.o(i.HAL_UART_RxCpltCallback) refers to usart.o(.bss) for huart1
    main.o(i.HAL_UART_RxCpltCallback) refers to tim.o(.bss) for htim1
    main.o(i.SystemClock_Config) refers to rt_memclr_w.o(.text) for __aeabi_memclr4
    main.o(i.SystemClock_Config) refers to stm32f4xx_hal_rcc.o(i.HAL_RCC_OscConfig) for HAL_RCC_OscConfig
    main.o(i.SystemClock_Config) refers to stm32f4xx_hal_rcc.o(i.HAL_RCC_ClockConfig) for HAL_RCC_ClockConfig
    main.o(i.auto_control_x) refers to dflt_clz.o(x$fpl$dfltu) for __aeabi_ui2d
    main.o(i.auto_control_x) refers to dmul.o(x$fpl$dmul) for __aeabi_dmul
    main.o(i.auto_control_x) refers to daddsub_clz.o(x$fpl$drsb) for __aeabi_drsub
    main.o(i.auto_control_x) refers to daddsub_clz.o(x$fpl$dadd) for __aeabi_dadd
    main.o(i.auto_control_x) refers to main.o(.data) for .data
    main.o(i.auto_control_y) refers to dflt_clz.o(x$fpl$dfltu) for __aeabi_ui2d
    main.o(i.auto_control_y) refers to dmul.o(x$fpl$dmul) for __aeabi_dmul
[...]
    .ARM.Collect$$libinit$$00000015          0x08000202   Section        0  libinit2.o(.ARM.Collect$$libinit$$00000015)
    .ARM.Collect$$libinit$$00000017          0x08000202   Section        0  libinit2.o(.ARM.Collect$$libinit$$00000017)
    .ARM.Collect$$libinit$$00000019          0x08000202   Section        0  libinit2.o(.ARM.Collect$$libinit$$00000019)
    .ARM.Collect$$libinit$$0000001B          0x08000202   Section        0  libinit2.o(.ARM.Collect$$libinit$$0000001B)
    .ARM.Collect$$libinit$$0000001D          0x08000202   Section        0  libinit2.o(.ARM.Collect$$libinit$$0000001D)
    .ARM.Collect$$libinit$$0000001F          0x08000202   Section        0  libinit2.o(.ARM.Collect$$libinit$$0000001F)
    .ARM.Collect$$libinit$$00000021          0x08000202   Section        0  libinit2.o(.ARM.Collect$$libinit$$00000021)
    .ARM.Collect$$libinit$$00000023          0x08000202   Section        0  libinit2.o(.ARM.Collect$$libinit$$00000023)
    .ARM.Collect$$libinit$$00000025          0x08000202   Section        0  libinit2.o(.ARM.Collect$$libinit$$00000025)
    .ARM.Collect$$libinit$$0000002C          0x08000202   Section        0  libinit2.o(.ARM.Collect$$libinit$$0000002C)
    .ARM.Collect$$libinit$$0000002E          0x08000202   Section        0  libinit2.o(.ARM.Collect$$libinit$$0000002E)
    .ARM.Collect$$libinit$$00000030          0x08000202   Section        0  libinit2.o(.ARM.Collect$$libinit$$00000030)
    .ARM.Collect$$libinit$$00000032          0x08000202   Section        0  libinit2.o(.ARM.Collect$$libinit$$00000032)
    .ARM.Collect$$libinit$$00000033          0x08000202   Section        2  libinit2.o(.ARM.Collect$$libinit$$00000033)
    .ARM.Collect$$libshutdown$$00000000      0x08000204   Section        2  libshutdown.o(.ARM.Collect$$libshutdown$$00000000)
    .ARM.Collect$$libshutdown$$00000002      0x08000206   Section        0  libshutdown2.o(.ARM.Collect$$libshutdown$$00000002)
    .ARM.Collect$$libshutdown$$00000004      0x08000206   Section        0  libshutdown2.o(.ARM.Collect$$libshutdown$$00000004)
    .ARM.Collect$$libshutdown$$00000007      0x08000206   Section        0  libshutdown2.o(.ARM.Collect$$libshutdown$$00000007)
    .ARM.Collect$$libshutdown$$0000000A      0x08000206   Section        0  libshutdown2.o(.ARM.Collect$$libshutdown$$0000000A)
    .ARM.Collect$$libshutdown$$0000000C      0x08000206   Section        0  libshutdown2.o(.ARM.Collect$$libshutdown$$0000000C)
    .ARM.Collect$$libshutdown$$0000000F      0x08000206   Section        0  libshutdown2.o(.ARM.Collect$$libshutdown$$0000000F)
    .ARM.Collect$$libshutdown$$00000010      0x08000206   Section        2  libshutdown2.o(.ARM.Collect$$libshutdown$$00000010)
    .ARM.Collect$$rtentry$$00000000          0x08000208   Section        0  __rtentry.o(.ARM.Collect$$rtentry$$00000000)
    .ARM.Collect$$rtentry$$00000002          0x08000208   Section        0  __rtentry2.o(.ARM.Collect$$rtentry$$00000002)
    .ARM.Collect$$rtentry$$00000004          0x08000208   Section        6  __rtentry4.o(.ARM.Collect$$rtentry$$00000004)
    .ARM.Collect$$rtentry$$00000009          0x0800020e   Section        0  __rtentry2.o(.ARM.Collect$$rtentry$$00000009)
    .ARM.Collect$$rtentry$$0000000A          0x0800020e   Section        4  __rtentry2.o(.ARM.Collect$$rtentry$$0000000A)
    .ARM.Collect$$rtentry$$0000000C          0x08000212   Section        0  __rtentry2.o(.ARM.Collect$$rtentry$$0000000C)
    .ARM.Collect$$rtentry$$0000000D          0x08000212   Section        8  __rtentry2.o(.ARM.Collect$$rtentry$$0000000D)
    .ARM.Collect$$rtexit$$00000000           0x0800021a   Section        2  rtexit.o(.ARM.Collect$$rtexit$$00000000)
    .ARM.Collect$$rtexit$$00000002           0x0800021c   Section        0  rtexit2.o(.ARM.Collect$$rtexit$$00000002)
    .ARM.Collect$$rtexit$$00000003           0x0800021c   Section        4  rtexit2.o(.ARM.Collect$$rtexit$$00000003)
    .ARM.Collect$$rtexit$$00000004           0x08000220   Section        6  rtexit2.o(.ARM.Collect$$rtexit$$00000004)
    .text                                    0x08000228   Section       64  startup_stm32f407xx.o(.text)
    $v0                                      0x08000228   Number         0  startup_stm32f407xx.o(.text)
    .text                                    0x08000268   Section      238  lludivv7m.o(.text)
    .text                                    0x08000356   Section       78  rt_memclr_w.o(.text)
    .text                                    0x080003a4   Section      128  strcmpv7m.o(.text)
    .text                                    0x08000424   Section        0  heapauxi.o(.text)
    .text                                    0x0800042a   Section       74  sys_stackheap_outer.o(.text)
    .text                                    0x08000474   Section        0  exit.o(.text)
    .text                                    0x08000488   Section        8  libspace.o(.text)
    .text                                    0x08000490   Section        0  sys_exit.o(.text)
    .text                                    0x0800049c   Section        2  use_no_semi.o(.text)
    .text                                    0x0800049e   Section        0  indicate_semi.o(.text)
    i.BusFault_Handler                       0x0800049e   Section        0  stm32f4xx_it.o(i.BusFault_Handler)
    i.CAN1_RX0_IRQHandler                    0x080004a0   Section        0  stm32f4xx_it.o(i.CAN1_RX0_IRQHandler)
    i.CAN_chassis_current                    0x080004ac   Section        0  main.o(i.CAN_chassis_current)
    i.CAN_current                            0x080004f4   Section        0  main.o(i.CAN_current)
    i.DMA1_Stream1_IRQHandler                0x0800053c   Section        0  stm32f4xx_it.o(i.DMA1_Stream1_IRQHandler)
    i.DMA2_Stream7_IRQHandler                0x08000548   Section        0  stm32f4xx_it.o(i.DMA2_Stream7_IRQHandler)
    i.DMA_CalcBaseAndBitshift                0x08000554   Section        0  stm32f4xx_hal_dma.o(i.DMA_CalcBaseAndBitshift)
    DMA_CalcBaseAndBitshift                  0x08000555   Thumb Code    44  stm32f4xx_hal_dma.o(i.DMA_CalcBaseAndBitshift)
    i.DMA_CheckFifoParam                     0x08000588   Section        0  stm32f4xx_hal_dma.o(i.DMA_CheckFifoParam)
    DMA_CheckFifoParam                       0x08000589   Thumb Code   126  stm32f4xx_hal_dma.o(i.DMA_CheckFifoParam)
    i.DebugMon_Handler                       0x08000606   Section        0  stm32f4xx_it.o(i.DebugMon_Handler)
    i.Error_Handler                          0x08000608   Section        0  main.o(i.Error_Handler)
    i.HAL_CAN_ActivateNotification           0x0800060c   Section        0  stm32f4xx_hal_can.o(i.HAL_CAN_ActivateNotification)
    i.HAL_CAN_AddTxMessage                   0x08000630   Section        0  stm32f4xx_hal_can.o(i.HAL_CAN_AddTxMessage)
    i.HAL_CAN_ConfigFilter                   0x08000734   Section        0  stm32f4xx_hal_can.o(i.HAL_CAN_ConfigFilter)
    i.HAL_CAN_ErrorCallback                  0x0800085c   Section        0  stm32f4xx_hal_can.o(i.HAL_CAN_ErrorCallback)
    i.HAL_CAN_GetRxMessage                   0x0800085e   Section        0  stm32f4xx_hal_can.o(i.HAL_CAN_GetRxMessage)
    i.HAL_CAN_IRQHandler                     0x080009ca   Section        0  stm32f4xx_hal_can.o(i.HAL_CAN_IRQHandler)
    i.HAL_CAN_Init                           0x08000bfe   Section        0  stm32f4xx_hal_can.o(i.HAL_CAN_Init)
    i.HAL_CAN_MspInit                        0x08000d68   Section        0  can.o(i.HAL_CAN_MspInit)
    i.HAL_CAN_RxFifo0FullCallback            0x08000de0   Section        0  stm32f4xx_hal_can.o(i.HAL_CAN_RxFifo0FullCallback)
    i.HAL_CAN_RxFifo0MsgPendingCallback      0x08000de4   Section        0  main.o(i.HAL_CAN_RxFifo0MsgPendingCallback)
    i.HAL_CAN_RxFifo1FullCallback            0x08000e40   Section        0  stm32f4xx_hal_can.o(i.HAL_CAN_RxFifo1FullCallback)
    i.HAL_CAN_RxFifo1MsgPendingCallback      0x08000e42   Section        0  stm32f4xx_hal_can.o(i.HAL_CAN_RxFifo1MsgPendingCallback)
    i.HAL_CAN_SleepCallback                  0x08000e44   Section        0  stm32f4xx_hal_can.o(i.HAL_CAN_SleepCallback)
    i.HAL_CAN_Start                          0x08000e46   Section        0  stm32f4xx_hal_can.o(i.HAL_CAN_Start)
    i.HAL_CAN_TxMailbox0AbortCallback        0x08000eaa   Section        0  stm32f4xx_hal_can.o(i.HAL_CAN_TxMailbox0AbortCallback)
    i.HAL_CAN_TxMailbox0CompleteCallback     0x08000eac   Section        0  stm32f4xx_hal_can.o(i.HAL_CAN_TxMailbox0CompleteCallback)
    i.HAL_CAN_TxMailbox1AbortCallback        0x08000eae   Section        0  stm32f4xx_hal_can.o(i.HAL_CAN_TxMailbox1AbortCallback)
    i.HAL_CAN_TxMailbox1CompleteCallback     0x08000eb0   Section        0  stm32f4xx_hal_can.o(i.HAL_CAN_TxMailbox1CompleteCallback)
    i.HAL_CAN_TxMailbox2AbortCallback        0x08000eb2   Section        0  stm32f4xx_hal_can.o(i.HAL_CAN_TxMailbox2AbortCallback)
    i.HAL_CAN_TxMailbox2CompleteCallback     0x08000eb4   Section        0  stm32f4xx_hal_can.o(i.HAL_CAN_TxMailbox2CompleteCallback)
    i.HAL_CAN_WakeUpFromRxMsgCallback        0x08000eb6   Section        0  stm32f4xx_hal_can.o(i.HAL_CAN_WakeUpFromRxMsgCallback)
    i.HAL_DMA_Abort                          0x08000eb8   Section        0  stm32f4xx_hal_dma.o(i.HAL_DMA_Abort)
    i.HAL_DMA_Abort_IT                       0x08000f5a   Section        0  stm32f4xx_hal_dma.o(i.HAL_DMA_Abort_IT)
    i.HAL_DMA_IRQHandler                     0x08000f80   Section        0  stm32f4xx_hal_dma.o(i.HAL_DMA_IRQHandler)
    i.HAL_DMA_Init                           0x0800116c   Section        0  stm32f4xx_hal_dma.o(i.HAL_DMA_Init)
    i.HAL_Delay                              0x08001258   Section        0  stm32f4xx_hal.o(i.HAL_Delay)
    i.HAL_GPIO_Init                          0x08001280   Section        0  stm32f4xx_hal_gpio.o(i.HAL_GPIO_Init)
    i.HAL_GPIO_WritePin                      0x080014b0   Section        0  stm32f4xx_hal_gpio.o(i.HAL_GPIO_WritePin)
    i.HAL_GetTick                            0x080014c0   Section        0  stm32f4xx_hal.o(i.HAL_GetTick)
    i.HAL_IncTick                            0x080014cc   Section        0  stm32f4xx_hal.o(i.HAL_IncTick)
    i.HAL_Init                               0x080014dc   Section        0  stm32f4xx_hal.o(i.HAL_Init)
    i.HAL_InitTick                           0x08001510   Section        0  stm32f4xx_hal.o(i.HAL_InitTick)
    i.HAL_MspInit                            0x08001554   Section        0  stm32f4xx_hal_msp.o(i.HAL_MspInit)
    i.HAL_NVIC_EnableIRQ                     0x08001584   Section        0  stm32f4xx_hal_cortex.o(i.HAL_NVIC_EnableIRQ)
    i.HAL_NVIC_SetPriority                   0x080015a0   Section        0  stm32f4xx_hal_cortex.o(i.HAL_NVIC_SetPriority)
    i.HAL_NVIC_SetPriorityGrouping           0x08001608   Section        0  stm32f4xx_hal_cortex.o(i.HAL_NVIC_SetPriorityGrouping)
    i.HAL_RCC_ClockConfig                    0x0800162c   Section        0  stm32f4xx_hal_rcc.o(i.HAL_RCC_ClockConfig)
    i.HAL_RCC_GetHCLKFreq                    0x080017a8   Section        0  stm32f4xx_hal_rcc.o(i.HAL_RCC_GetHCLKFreq)
    i.HAL_RCC_GetPCLK1Freq                   0x080017b4   Section        0  stm32f4xx_hal_rcc.o(i.HAL_RCC_GetPCLK1Freq)
    i.HAL_RCC_GetPCLK2Freq                   0x080017d4   Section        0  stm32f4xx_hal_rcc.o(i.HAL_RCC_GetPCLK2Freq)
    i.HAL_RCC_GetSysClockFreq                0x080017f4   Section        0  stm32f4xx_hal_rcc.o(i.HAL_RCC_GetSysClockFreq)
    i.HAL_RCC_OscConfig                      0x08001864   Section        0  stm32f4xx_hal_rcc.o(i.HAL_RCC_OscConfig)
    i.HAL_SYSTICK_Config                     0x08001ce8   Section        0  stm32f4xx_hal_cortex.o(i.HAL_SYSTICK_Config)
    i.HAL_TIMEx_ConfigBreakDeadTime          0x08001d10   Section        0  stm32f4xx_hal_tim_ex.o(i.HAL_TIMEx_ConfigBreakDeadTime)
    i.HAL_TIMEx_MasterConfigSynchronization  0x08001d76   Section        0  stm32f4xx_hal_tim_ex.o(i.HAL_TIMEx_MasterConfigSynchronization)
    i.HAL_TIM_Base_Init                      0x08001e10   Section        0  stm32f4xx_hal_tim.o(i.HAL_TIM_Base_Init)
    i.HAL_TIM_Base_MspInit                   0x08001e6c   Section        0  tim.o(i.HAL_TIM_Base_MspInit)
    i.HAL_TIM_Base_Start                     0x08001eac   Section        0  stm32f4xx_hal_tim.o(i.HAL_TIM_Base_Start)
    i.HAL_TIM_ConfigClockSource              0x08001f2c   Section        0  stm32f4xx_hal_tim.o(i.HAL_TIM_ConfigClockSource)
    i.HAL_TIM_MspPostInit                    0x08002018   Section        0  tim.o(i.HAL_TIM_MspPostInit)
    i.HAL_TIM_PWM_ConfigChannel              0x080020ec   Section        0  stm32f4xx_hal_tim.o(i.HAL_TIM_PWM_ConfigChannel)
    i.HAL_TIM_PWM_Init                       0x080021c4   Section        0  stm32f4xx_hal_tim.o(i.HAL_TIM_PWM_Init)
    i.HAL_TIM_PWM_MspInit                    0x08002220   Section        0  stm32f4xx_hal_tim.o(i.HAL_TIM_PWM_MspInit)
    i.HAL_TIM_PWM_Start                      0x08002224   Section        0  stm32f4xx_hal_tim.o(i.HAL_TIM_PWM_Start)
    i.HAL_UARTEx_RxEventCallback             0x08002300   Section        0  stm32f4xx_hal_uart.o(i.HAL_UARTEx_RxEventCallback)
    i.HAL_UART_ErrorCallback                 0x08002302   Section        0  stm32f4xx_hal_uart.o(i.HAL_UART_ErrorCallback)
    i.HAL_UART_IRQHandler                    0x08002304   Section        0  stm32f4xx_hal_uart.o(i.HAL_UART_IRQHandler)
    i.HAL_UART_Init                          0x08002564   Section        0  stm32f4xx_hal_uart.o(i.HAL_UART_Init)
    i.HAL_UART_MspInit                       0x080025c8   Section        0  usart.o(i.HAL_UART_MspInit)
    i.HAL_UART_Receive_IT                    0x08002738   Section        0  stm32f4xx_hal_uart.o(i.HAL_UART_Receive_IT)
    i.HAL_UART_RxCpltCallback                0x08002768   Section        0  main.o(i.HAL_UART_RxCpltCallback)
    i.HAL_UART_Transmit                      0x080028d8   Section        0  stm32f4xx_hal_uart.o(i.HAL_UART_Transmit)
    i.HAL_UART_TxCpltCallback                0x080029a2   Section        0  stm32f4xx_hal_uart.o(i.HAL_UART_TxCpltCallback)
    i.HardFault_Handler                      0x080029a4   Section        0  stm32f4xx_it.o(i.HardFault_Handler)
    i.MX_CAN1_Init                           0x080029a8   Section        0  can.o(i.MX_CAN1_Init)
    i.MX_DMA_Init                            0x080029ec   Section        0  dma.o(i.MX_DMA_Init)
    i.MX_GPIO_Init                           0x08002a38   Section        0  gpio.o(i.MX_GPIO_Init)
    i.MX_TIM1_Init                           0x08002ae8   Section        0  tim.o(i.MX_TIM1_Init)
    i.MX_TIM8_Init                           0x08002be4   Section        0  tim.o(i.MX_TIM8_Init)
    i.MX_USART1_UART_Init                    0x08002ce8   Section        0  usart.o(i.MX_USART1_UART_Init)
    i.MX_USART3_UART_Init                    0x08002d20   Section        0  usart.o(i.MX_USART3_UART_Init)
    i.MemManage_Handler                      0x08002d5c   Section        0  stm32f4xx_it.o(i.MemManage_Handler)
    i.NMI_Handler                            0x08002d5e   Section        0  stm32f4xx_it.o(i.NMI_Handler)
    i.PID_struct_init                        0x08002d60   Section        0  pid.o(i.PID_struct_init)
    i.PendSV_Handler                         0x08002d78   Section        0  stm32f4xx_it.o(i.PendSV_Handler)
    i.RC_init                                0x08002d7c   Section        0  bsp_rc.o(i.RC_init)
    i.SVC_Handler                            0x08002ddc   Section        0  stm32f4xx_it.o(i.SVC_Handler)
    i.SysTick_Handler                        0x08002dde   Section        0  stm32f4xx_it.o(i.SysTick_Handler)
    i.SystemClock_Config                     0x08002de4   Section        0  main.o(i.SystemClock_Config)
    i.SystemInit                             0x08002e78   Section        0  system_stm32f4xx.o(i.SystemInit)
    i.TIM_Base_SetConfig                     0x08002e88   Section        0  stm32f4xx_hal_tim.o(i.TIM_Base_SetConfig)
    i.TIM_CCxChannelCmd                      0x08002f54   Section        0  stm32f4xx_hal_tim.o(i.TIM_CCxChannelCmd)
    i.TIM_ETR_SetConfig                      0x08002f72   Section        0  stm32f4xx_hal_tim.o(i.TIM_ETR_SetConfig)
    i.TIM_ITRx_SetConfig                     0x08002f88   Section        0  stm32f4xx_hal_tim.o(i.TIM_ITRx_SetConfig)
    TIM_ITRx_SetConfig                       0x08002f89   Thumb Code    16  stm32f4xx_hal_tim.o(i.TIM_ITRx_SetConfig)
    i.TIM_OC1_SetConfig                      0x08002f98   Section        0  stm32f4xx_hal_tim.o(i.TIM_OC1_SetConfig)
    TIM_OC1_SetConfig                        0x08002f99   Thumb Code   104  stm32f4xx_hal_tim.o(i.TIM_OC1_SetConfig)
    i.TIM_OC2_SetConfig                      0x08003008   Section        0  stm32f4xx_hal_tim.o(i.TIM_OC2_SetConfig)
    i.TIM_OC3_SetConfig                      0x08003080   Section        0  stm32f4xx_hal_tim.o(i.TIM_OC3_SetConfig)
    TIM_OC3_SetConfig                        0x08003081   Thumb Code   112  stm32f4xx_hal_tim.o(i.TIM_OC3_SetConfig)
    i.TIM_OC4_SetConfig                      0x080030f8   Section        0  stm32f4xx_hal_tim.o(i.TIM_OC4_SetConfig)
    TIM_OC4_SetConfig                        0x080030f9   Thumb Code    88  stm32f4xx_hal_tim.o(i.TIM_OC4_SetConfig)
    i.TIM_TI1_ConfigInputStage               0x08003150   Section        0  stm32f4xx_hal_tim.o(i.TIM_TI1_ConfigInputStage)
    TIM_TI1_ConfigInputStage                 0x08003151   Thumb Code    38  stm32f4xx_hal_tim.o(i.TIM_TI1_ConfigInputStage)
    i.TIM_TI2_ConfigInputStage               0x08003176   Section        0  stm32f4xx_hal_tim.o(i.TIM_TI2_ConfigInputStage)
    TIM_TI2_ConfigInputStage                 0x08003177   Thumb Code    36  stm32f4xx_hal_tim.o(i.TIM_TI2_ConfigInputStage)
    i.UART_DMAAbortOnError                   0x0800319a   Section        0  stm32f4xx_hal_uart.o(i.UART_DMAAbortOnError)
    UART_DMAAbortOnError                     0x0800319b   Thumb Code    16  stm32f4xx_hal_uart.o(i.UART_DMAAbortOnError)
    i.UART_EndRxTransfer                     0x080031aa   Section        0  stm32f4xx_hal_uart.o(i.UART_EndRxTransfer)
    UART_EndRxTransfer                       0x080031ab   Thumb Code    78  stm32f4xx_hal_uart.o(i.UART_EndRxTransfer)
    i.UART_EndTransmit_IT                    0x080031f8   Section        0  stm32f4xx_hal_uart.o(i.UART_EndTransmit_IT)
    UART_EndTransmit_IT                      0x080031f9   Thumb Code    26  stm32f4xx_hal_uart.o(i.UART_EndTransmit_IT)
    i.UART_Receive_IT                        0x08003212   Section        0  stm32f4xx_hal_uart.o(i.UART_Receive_IT)
    UART_Receive_IT                          0x08003213   Thumb Code   200  stm32f4xx_hal_uart.o(i.UART_Receive_IT)
    i.UART_SetConfig                         0x080032dc   Section        0  stm32f4xx_hal_uart.o(i.UART_SetConfig)
    UART_SetConfig                           0x080032dd   Thumb Code   248  stm32f4xx_hal_uart.o(i.UART_SetConfig)
    i.UART_Start_Receive_IT                  0x080033d8   Section        0  stm32f4xx_hal_uart.o(i.UART_Start_Receive_IT)
    i.UART_Transmit_IT                       0x0800340e   Section        0  stm32f4xx_hal_uart.o(i.UART_Transmit_IT)
    UART_Transmit_IT                         0x0800340f   Thumb Code    94  stm32f4xx_hal_uart.o(i.UART_Transmit_IT)
    i.UART_WaitOnFlagUntilTimeout            0x0800346c   Section        0  stm32f4xx_hal_uart.o(i.UART_WaitOnFlagUntilTimeout)
    UART_WaitOnFlagUntilTimeout              0x0800346d   Thumb Code   140  stm32f4xx_hal_uart.o(i.UART_WaitOnFlagUntilTimeout)
    i.USART1_IRQHandler                      0x080034f8   Section        0  stm32f4xx_it.o(i.USART1_IRQHandler)
    i.USART3_IRQHandler                      0x08003504   Section        0  remote_control.o(i.USART3_IRQHandler)
    i.UsageFault_Handler                     0x080035b8   Section        0  stm32f4xx_it.o(i.UsageFault_Handler)
    i.abs_limit                              0x080035ba   Section        0  pid.o(i.abs_limit)
    i.auto_control_x                         0x080035e4   Section        0  main.o(i.auto_control_x)
    i.auto_control_y                         0x08003648   Section        0  main.o(i.auto_control_y)
    i.can_filter_init                        0x080036ac   Section        0  main.o(i.can_filter_init)
    i.dma_control                            0x080036e4   Section        0  main.o(i.dma_control)
    i.dma_data                               0x08003708   Section        0  main.o(i.dma_data)
    i.fric_off                               0x0800372c   Section        0  main.o(i.fric_off)
    i.get_remote_control_point               0x08003760   Section        0  remote_control.o(i.get_remote_control_point)
    i.main                                   0x08003768   Section        0  main.o(i.main)
    i.pid_calc                               0x08003b84   Section        0  pid.o(i.pid_calc)
    i.pid_param_init                         0x08003d48   Section        0  pid.o(i.pid_param_init)
    pid_param_init                           0x08003d49   Thumb Code    14  pid.o(i.pid_param_init)
    i.pid_reset                              0x08003d56   Section        0  pid.o(i.pid_reset)
    pid_reset                                0x08003d57   Thumb Code     6  pid.o(i.pid_reset)
    i.remote_control_init                    0x08003d5c   Section        0  remote_control.o(i.remote_control_init)
    i.sbus_to_rc                             0x08003d6c   Section        0  remote_control.o(i.sbus_to_rc)
    sbus_to_rc                               0x08003d6d   Thumb Code   180  remote_control.o(i.sbus_to_rc)
    i.usart1_tx_dma_init                     0x08003e20   Section        0  bsp_usart.o(i.usart1_tx_dma_init)
    x$fpl$dadd                               0x08003e34   Section      336  daddsub_clz.o(x$fpl$dadd)
    $v0                                      0x08003e34   Number         0  daddsub_clz.o(x$fpl$dadd)
    _dadd1                                   0x08003e45   Thumb Code     0  daddsub_clz.o(x$fpl$dadd)
    x$fpl$ddiv                               0x08003f84   Section      688  ddiv.o(x$fpl$ddiv)
    $v0                                      0x08003f84   Number         0  ddiv.o(x$fpl$ddiv)
    ddiv_entry                               0x08003f8b   Thumb Code     0  ddiv.o(x$fpl$ddiv)
    x$fpl$dfix                               0x08004234   Section       94  dfix.o(x$fpl$dfix)
    $v0                                      0x08004234   Number         0  dfix.o(x$fpl$dfix)
    x$fpl$dfixu                              0x08004294   Section       90  dfixu.o(x$fpl$dfixu)
    $v0                                      0x08004294   Number         0  dfixu.o(x$fpl$dfixu)
    x$fpl$dflt                               0x080042ee   Section       46  dflt_clz.o(x$fpl$dflt)
    $v0                                      0x080042ee   Number         0  dflt_clz.o(x$fpl$dflt)
    x$fpl$dfltu                              0x0800431c   Section       38  dflt_clz.o(x$fpl$dfltu)
    $v0                                      0x0800431c   Number         0  dflt_clz.o(x$fpl$dfltu)
    x$fpl$dmul                               0x08004344   Section      340  dmul.o(x$fpl$dmul)
    $v0                                      0x08004344   Number         0  dmul.o(x$fpl$dmul)
    x$fpl$dnaninf                            0x08004498   Section      156  dnaninf.o(x$fpl$dnaninf)
    $v0                                      0x08004498   Number         0  dnaninf.o(x$fpl$dnaninf)
    x$fpl$dretinf                            0x08004534   Section       12  dretinf.o(x$fpl$dretinf)
    $v0                                      0x08004534   Number         0  dretinf.o(x$fpl$dretinf)
    x$fpl$drsb                               0x08004540   Section       22  daddsub_clz.o(x$fpl$drsb)
    $v0                                      0x08004540   Number         0  daddsub_clz.o(x$fpl$drsb)
    x$fpl$dsub                               0x08004558   Section      468  daddsub_clz.o(x$fpl$dsub)
    $v0                                      0x08004558   Number         0  daddsub_clz.o(x$fpl$dsub)
    _dsub1                                   0x08004569   Thumb Code     0  daddsub_clz.o(x$fpl$dsub)
    x$fpl$fpinit                             0x0800472c   Section       10  fpinit.o(x$fpl$fpinit)
    $v0                                      0x0800472c   Number         0  fpinit.o(x$fpl$fpinit)
    x$fpl$usenofp                            0x08004736   Section        0  usenofp.o(x$fpl$usenofp)
    .constdata                               0x08004738   Section        4  main.o(.constdata)
    .constdata                               0x0800473c   Section        8  stm32f4xx_hal_dma.o(.constdata)
    flagBitshiftOffset                       0x0800473c   Data           8  stm32f4xx_hal_dma.o(.constdata)
    .constdata                               0x08004744   Section       16  system_stm32f4xx.o(.constdata)
    .constdata                               0x08004754   Section        8  system_stm32f4xx.o(.constdata)
    .data                                    0x20000000   Section       66  main.o(.data)
    i                                        0x20000000   Data           1  main.o(.data)
    .data                                    0x20000042   Section        2  remote_control.o(.data)
    this_time_rx_len                         0x20000042   Data           2  remote_control.o(.data)
    .data                                    0x20000044   Section       12  stm32f4xx_hal.o(.data)
    .data                                    0x20000050   Section        4  system_stm32f4xx.o(.data)
    .bss                                     0x20000054   Section      140  main.o(.bss)
    set_speed                                0x20000054   Data          16  main.o(.bss)
    Tx_message                               0x20000064   Data          24  main.o(.bss)
    .bss                                     0x200000e0   Section       40  can.o(.bss)
    .bss                                     0x20000108   Section      144  tim.o(.bss)
    .bss                                     0x20000198   Section      328  usart.o(.bss)
    .bss                                     0x200002e0   Section       94  remote_control.o(.bss)
    sbus_rx_buf                              0x200002f6   Data          72  remote_control.o(.bss)
    .bss                                     0x20000340   Section       96  libspace.o(.bss)
    HEAP                                     0x200003a0   Section      512  startup_stm32f407xx.o(HEAP)
    Heap_Mem                                 0x200003a0   Data         512  startup_stm32f407xx.o(HEAP)
    STACK                                    0x200005a0   Section     1024  startup_stm32f407xx.o(STACK)
    Stack_Mem                                0x200005a0   Data        1024  startup_stm32f407xx.o(STACK)
    __initial_sp                             0x200009a0   Data           0  startup_stm32f407xx.o(STACK)

    Global Symbols

    Symbol Name                              Value     Ov Type        Size  Object(Section)

    BuildAttributes$$THM_ISAv4$E$P$D$K$B$S$7EM$VFPi3$EXTD16$VFPS$VFMA$PE$A:L22UL41UL21$X:L11$S22US41US21$IEEE1$IW$USESV6$~STKCKD$USESV7$~SHL$OTIME$ROPI$EBA8$UX$STANDARDLIB$REQ8$PRES8$EABIv2 0x00000000   Number         0  anon$$obj.o ABSOLUTE
    __ARM_use_no_argv                        0x00000000   Number         0  main.o ABSOLUTE
    __ARM_exceptions_init                     - Undefined Weak Reference
    __alloca_initialize                       - Undefined Weak Reference
    __arm_preinit_                            - Undefined Weak Reference
    __cpp_initialize__aeabi_                  - Undefined Weak Reference
    __cxa_finalize                            - Undefined Weak Reference
    __rt_locale                               - Undefined Weak Reference
    __sigvec_lookup                           - Undefined Weak Reference
    _atexit_init                              - Undefined Weak Reference
    _call_atexit_fns                          - Undefined Weak Reference
    _clock_init                               - Undefined Weak Reference
    _fp_trap_init                             - Undefined Weak Reference
    _fp_trap_shutdown                         - Undefined Weak Reference
    _get_lc_collate                           - Undefined Weak Reference
    _get_lc_ctype                             - Undefined Weak Reference
    _get_lc_monetary                          - Undefined Weak Reference
    _get_lc_numeric                           - Undefined Weak Reference
    _get_lc_time                              - Undefined Weak Reference
    _getenv_init                              - Undefined Weak Reference
    _handle_redirection                       - Undefined Weak Reference
    _init_alloc                               - Undefined Weak Reference
    _init_user_alloc                          - Undefined Weak Reference
    _initio                                   - Undefined Weak Reference
    _rand_init                                - Undefined Weak Reference
    _signal_finish                            - Undefined Weak Reference
    _signal_init                              - Undefined Weak Reference
    _terminate_alloc                          - Undefined Weak Reference
    _terminate_user_alloc                     - Undefined Weak Reference
    _terminateio                              - Undefined Weak Reference
    __Vectors_Size                           0x00000188   Number         0  startup_stm32f407xx.o ABSOLUTE
    __Vectors                                0x08000000   Data           4  startup_stm32f407xx.o(RESET)
    __Vectors_End                            0x08000188   Data           0  startup_stm32f407xx.o(RESET)
    __main                                   0x08000189   Thumb Code     8  __main.o(!!!main)
    __scatterload                            0x08000191   Thumb Code     0  __scatter.o(!!!scatter)
    __scatterload_rt2                        0x08000191   Thumb Code    44  __scatter.o(!!!scatter)
    __scatterload_rt2_thumb_only             0x08000191   Thumb Code     0  __scatter.o(!!!scatter)
    __scatterload_null                       0x0800019f   Thumb Code     0  __scatter.o(!!!scatter)
    __scatterload_copy                       0x080001c5   Thumb Code    26  __scatter_copy.o(!!handler_copy)
    __scatterload_zeroinit                   0x080001e1   Thumb Code    28  __scatter_zi.o(!!handler_zi)
    __rt_lib_init                            0x080001fd   Thumb Code     0  libinit.o(.ARM.Collect$$libinit$$00000000)
    __rt_lib_init_fp_1                       0x080001ff   Thumb Code     0  libinit2.o(.ARM.Collect$$libinit$$00000001)
    __rt_lib_init_alloca_1                   0x08000203   Thumb Code     0  libinit2.o(.ARM.Collect$$libinit$$0000002E)
    __rt_lib_init_argv_1                     0x08000203   Thumb Code     0  libinit2.o(.ARM.Collect$$libinit$$0000002C)
    __rt_lib_init_atexit_1                   0x08000203   Thumb Code     0  libinit2.o(.ARM.Collect$$libinit$$0000001B)
    __rt_lib_init_clock_1                    0x08000203   Thumb Code     0  libinit2.o(.ARM.Collect$$libinit$$00000021)
    __rt_lib_init_cpp_1                      0x08000203   Thumb Code     0  libinit2.o(.ARM.Collect$$libinit$$00000032)
    __rt_lib_init_exceptions_1               0x08000203   Thumb Code     0  libinit2.o(.ARM.Collect$$libinit$$00000030)
    __rt_lib_init_fp_trap_1                  0x08000203   Thumb Code     0  libinit2.o(.ARM.Collect$$libinit$$0000001F)
    __rt_lib_init_getenv_1                   0x08000203   Thumb Code     0  libinit2.o(.ARM.Collect$$libinit$$00000023)
    __rt_lib_init_heap_1                     0x08000203   Thumb Code     0  libinit2.o(.ARM.Collect$$libinit$$0000000A)
    __rt_lib_init_lc_collate_1               0x08000203   Thumb Code     0  libinit2.o(.ARM.Collect$$libinit$$00000011)
    __rt_lib_init_lc_ctype_1                 0x08000203   Thumb Code     0  libinit2.o(.ARM.Collect$$libinit$$00000013)
    __rt_lib_init_lc_monetary_1              0x08000203   Thumb Code     0  libinit2.o(.ARM.Collect$$libinit$$00000015)
    __rt_lib_init_lc_numeric_1               0x08000203   Thumb Code     0  libinit2.o(.ARM.Collect$$libinit$$00000017)
    __rt_lib_init_lc_time_1                  0x08000203   Thumb Code     0  libinit2.o(.ARM.Collect$$libinit$$00000019)
    __rt_lib_init_preinit_1                  0x08000203   Thumb Code     0  libinit2.o(.ARM.Collect$$libinit$$00000004)
    __rt_lib_init_rand_1                     0x08000203   Thumb Code     0  libinit2.o(.ARM.Collect$$libinit$$0000000E)
    __rt_lib_init_return                     0x08000203   Thumb Code     0  libinit2.o(.ARM.Collect$$libinit$$00000033)
    __rt_lib_init_signal_1                   0x08000203   Thumb Code     0  libinit2.o(.ARM.Collect$$libinit$$0000001D)
    __rt_lib_init_stdio_1                    0x08000203   Thumb Code     0  libinit2.o(.ARM.Collect$$libinit$$00000025)
    __rt_lib_init_user_alloc_1               0x08000203   Thumb Code     0  libinit2.o(.ARM.Collect$$libinit$$0000000C)
    __rt_lib_shutdown                        0x08000205   Thumb Code     0  libshutdown.o(.ARM.Collect$$libshutdown$$00000000)
    __rt_lib_shutdown_cpp_1                  0x08000207   Thumb Code     0  libshutdown2.o(.ARM.Collect$$libshutdown$$00000002)
    __rt_lib_shutdown_fp_trap_1              0x08000207   Thumb Code     0  libshutdown2.o(.ARM.Collect$$libshutdown$$00000007)
    __rt_lib_shutdown_heap_1                 0x08000207   Thumb Code     0  libshutdown2.o(.ARM.Collect$$libshutdown$$0000000F)
    __rt_lib_shutdown_return                 0x08000207   Thumb Code     0  libshutdown2.o(.ARM.Collect$$libshutdown$$00000010)
    __rt_lib_shutdown_signal_1               0x08000207   Thumb Code     0  libshutdown2.o(.ARM.Collect$$libshutdown$$0000000A)
    __rt_lib_shutdown_stdio_1                0x08000207   Thumb Code     0  libshutdown2.o(.ARM.Collect$$libshutdown$$00000004)
    __rt_lib_shutdown_user_alloc_1           0x08000207   Thumb Code     0  libshutdown2.o(.ARM.Collect$$libshutdown$$0000000C)
    __rt_entry                               0x08000209   Thumb Code     0  __rtentry.o(.ARM.Collect$$rtentry$$00000000)
    __rt_entry_presh_1                       0x08000209   Thumb Code     0  __rtentry2.o(.ARM.Collect$$rtentry$$00000002)
    __rt_entry_sh                            0x08000209   Thumb Code     0  __rtentry4.o(.ARM.Collect$$rtentry$$00000004)
    __rt_entry_li                            0x0800020f   Thumb Code     0  __rtentry2.o(.ARM.Collect$$rtentry$$0000000A)
    __rt_entry_postsh_1                      0x0800020f   Thumb Code     0  __rtentry2.o(.ARM.Collect$$rtentry$$00000009)
    __rt_entry_main                          0x08000213   Thumb Code     0  __rtentry2.o(.ARM.Collect$$rtentry$$0000000D)
    __rt_entry_postli_1                      0x08000213   Thumb Code     0  __rtentry2.o(.ARM.Collect$$rtentry$$0000000C)
    __rt_exit                                0x0800021b   Thumb Code     0  rtexit.o(.ARM.Collect$$rtexit$$00000000)
    __rt_exit_ls                             0x0800021d   Thumb Code     0  rtexit2.o(.ARM.Collect$$rtexit$$00000003)
    __rt_exit_prels_1                        0x0800021d   Thumb Code     0  rtexit2.o(.ARM.Collect$$rtexit$$00000002)
    __rt_exit_exit                           0x08000221   Thumb Code     0  rtexit2.o(.ARM.Collect$$rtexit$$00000004)
    Reset_Handler                            0x08000229   Thumb Code     8  startup_stm32f407xx.o(.text)
    ADC_IRQHandler                           0x08000243   Thumb Code     0  startup_stm32f407xx.o(.text)
    CAN1_RX1_IRQHandler                      0x08000243   Thumb Code     0  startup_stm32f407xx.o(.text)
    CAN1_SCE_IRQHandler                      0x08000243   Thumb Code     0  startup_stm32f407xx.o(.text)
    CAN1_TX_IRQHandler                       0x08000243   Thumb Code     0  startup_stm32f407xx.o(.text)
    CAN2_RX0_IRQHandler                      0x08000243   Thumb Code     0  startup_stm32f407xx.o(.text)
    CAN2_RX1_IRQHandler                      0x08000243   Thumb Code     0  startup_stm32f407xx.o(.text)
    CAN2_SCE_IRQHandler                      0x08000243   Thumb Code     0  startup_stm32f407xx.o(.text)
    CAN2_TX_IRQHandler                       0x08000243   Thumb Code     0  startup_stm32f407xx.o(.text)
    DCMI_IRQHandler                          0x08000243   Thumb Code     0  startup_stm32f407xx.o(.text)
    DMA1_Stream0_IRQHandler                  0x08000243   Thumb Code     0  startup_stm32f407xx.o(.text)
    DMA1_Stream2_IRQHandler                  0x08000243   Thumb Code     0  startup_stm32f407xx.o(.text)
    DMA1_Stream3_IRQHandler                  0x08000243   Thumb Code     0  startup_stm32f407xx.o(.text)
    DMA1_Stream4_IRQHandler                  0x08000243   Thumb Code     0  startup_stm32f407xx.o(.text)
    DMA1_Stream5_IRQHandler                  0x08000243   Thumb Code     0  startup_stm32f407xx.o(.text)
    DMA1_Stream6_IRQHandler                  0x08000243   Thumb Code     0  startup_stm32f407xx.o(.text)
    DMA1_Stream7_IRQHandler                  0x08000243   Thumb Code     0  startup_stm32f407xx.o(.text)
    DMA2_Stream0_IRQHandler                  0x08000243   Thumb Code     0  startup_stm32f407xx.o(.text)
    DMA2_Stream1_IRQHandler                  0x08000243   Thumb Code     0  startup_stm32f407xx.o(.text)
    DMA2_Stream2_IRQHandler                  0x08000243   Thumb Code     0  startup_stm32f407xx.o(.text)
    DMA2_Stream3_IRQHandler                  0x08000243   Thumb Code     0  startup_stm32f407xx.o(.text)
    DMA2_Stream4_IRQHandler                  0x08000243   Thumb Code     0  startup_stm32f407xx.o(.text)
    DMA2_Stream5_IRQHandler                  0x08000243   Thumb Code     0  startup_stm32f407xx.o(.text)
    DMA2_Stream6_IRQHandler                  0x08000243   Thumb Code     0  startup_stm32f407xx.o(.text)
    ETH_IRQHandler                           0x08000243   Thumb Code     0  startup_stm32f407xx.o(.text)
    ETH_WKUP_IRQHandler                      0x08000243   Thumb Code     0  startup_stm32f407xx.o(.text)
    EXTI0_IRQHandler                         0x08000243   Thumb Code     0  startup_stm32f407xx.o(.text)
    EXTI15_10_IRQHandler                     0x08000243   Thumb Code     0  startup_stm32f407xx.o(.text)
    EXTI1_IRQHandler                         0x08000243   Thumb Code     0  startup_stm32f407xx.o(.text)
    EXTI2_IRQHandler                         0x08000243   Thumb Code     0  startup_stm32f407xx.o(.text)
    EXTI3_IRQHandler                         0x08000243   Thumb Code     0  startup_stm32f407xx.o(.text)
    EXTI4_IRQHandler                         0x08000243   Thumb Code     0  startup_stm32f407xx.o(.text)
    EXTI9_5_IRQHandler                       0x08000243   Thumb Code     0  startup_stm32f407xx.o(.text)
    FLASH_IRQHandler                         0x08000243   Thumb Code     0  startup_stm32f407xx.o(.text)
    FMC_IRQHandler                           0x08000243   Thumb Code     0  startup_stm32f407xx.o(.text)
    FPU_IRQHandler                           0x08000243   Thumb Code     0  startup_stm32f407xx.o(.text)
    HASH_RNG_IRQHandler                      0x08000243   Thumb Code     0  startup_stm32f407xx.o(.text)
    I2C1_ER_IRQHandler                       0x08000243   Thumb Code     0  startup_stm32f407xx.o(.text)
    I2C1_EV_IRQHandler                       0x08000243   Thumb Code     0  startup_stm32f407xx.o(.text)
    I2C2_ER_IRQHandler                       0x08000243   Thumb Code     0  startup_stm32f407xx.o(.text)
    I2C2_EV_IRQHandler                       0x08000243   Thumb Code     0  startup_stm32f407xx.o(.text)
    I2C3_ER_IRQHandler                       0x08000243   Thumb Code     0  startup_stm32f407xx.o(.text)
    I2C3_EV_IRQHandler                       0x08000243   Thumb Code     0  startup_stm32f407xx.o(.text)
    OTG_FS_IRQHandler                        0x08000243   Thumb Code     0  startup_stm32f407xx.o(.text)
    OTG_FS_WKUP_IRQHandler                   0x08000243   Thumb Code     0  startup_stm32f407xx.o(.text)
    OTG_HS_EP1_IN_IRQHandler                 0x08000243   Thumb Code     0  startup_stm32f407xx.o(.text)
    OTG_HS_EP1_OUT_IRQHandler                0x08000243   Thumb Code     0  startup_stm32f407xx.o(.text)
    OTG_HS_IRQHandler                        0x08000243   Thumb Code     0  startup_stm32f407xx.o(.text)
    OTG_HS_WKUP_IRQHandler                   0x08000243   Thumb Code     0  startup_stm32f407xx.o(.text)
    PVD_IRQHandler                           0x08000243   Thumb Code     0  startup_stm32f407xx.o(.text)
    RCC_IRQHandler                           0x08000243   Thumb Code     0  startup_stm32f407xx.o(.text)
    RTC_Alarm_IRQHandler                     0x08000243   Thumb Code     0  startup_stm32f407xx.o(.text)
    RTC_WKUP_IRQHandler                      0x08000243   Thumb Code     0  startup_stm32f407xx.o(.text)
    SDIO_IRQHandler                          0x08000243   Thumb Code     0  startup_stm32f407xx.o(.text)
    SPI1_IRQHandler                          0x08000243   Thumb Code     0  startup_stm32f407xx.o(.text)
    SPI2_IRQHandler                          0x08000243   Thumb Code     0  startup_stm32f407xx.o(.text)
    SPI3_IRQHandler                          0x08000243   Thumb Code     0  startup_stm32f407xx.o(.text)
    TAMP_STAMP_IRQHandler                    0x08000243   Thumb Code     0  startup_stm32f407xx.o(.text)
    TIM1_BRK_TIM9_IRQHandler                 0x08000243   Thumb Code     0  startup_stm32f407xx.o(.text)
    TIM1_CC_IRQHandler                       0x08000243   Thumb Code     0  startup_stm32f407xx.o(.text)
    TIM1_TRG_COM_TIM11_IRQHandler            0x08000243   Thumb Code     0  startup_stm32f407xx.o(.text)
    TIM1_UP_TIM10_IRQHandler                 0x08000243   Thumb Code     0  startup_stm32f407xx.o(.text)
    TIM2_IRQHandler                          0x08000243   Thumb Code     0  startup_stm32f407xx.o(.text)
    TIM3_IRQHandler                          0x08000243   Thumb Code     0  startup_stm32f407xx.o(.text)
    TIM4_IRQHandler                          0x08000243   Thumb Code     0  startup_stm32f407xx.o(.text)
    TIM5_IRQHandler                          0x08000243   Thumb Code     0  startup_stm32f407xx.o(.text)
    TIM6_DAC_IRQHandler                      0x08000243   Thumb Code     0  startup_stm32f407xx.o(.text)
    TIM7_IRQHandler                          0x08000243   Thumb Code     0  startup_stm32f407xx.o(.text)
    TIM8_BRK_TIM12_IRQHandler                0x08000243   Thumb Code     0  startup_stm32f407xx.o(.text)
    TIM8_CC_IRQHandler                       0x08000243   Thumb Code     0  startup_stm32f407xx.o(.text)
    TIM8_TRG_COM_TIM14_IRQHandler            0x08000243   Thumb Code     0  startup_stm32f407xx.o(.text)
    TIM8_UP_TIM13_IRQHandler                 0x08000243   Thumb Code     0  startup_stm32f407xx.o(.text)
    UART4_IRQHandler                         0x08000243   Thumb Code     0  startup_stm32f407xx.o(.text)
    UART5_IRQHandler                         0x08000243   Thumb Code     0  startup_stm32f407xx.o(.text)
    USART2_IRQHandler                        0x08000243   Thumb Code     0  startup_stm32f407xx.o(.text)
    USART6_IRQHandler                        0x08000243   Thumb Code     0  startup_stm32f407xx.o(.text)
    WWDG_IRQHandler                          0x08000243   Thumb Code     0  startup_stm32f407xx.o(.text)
    __user_initial_stackheap                 0x08000245   Thumb Code     0  startup_stm32f407xx.o(.text)
    __aeabi_uldivmod                         0x08000269   Thumb Code     0  lludivv7m.o(.text)
    _ll_udiv                                 0x08000269   Thumb Code   238  lludivv7m.o(.text)
    __aeabi_memclr4                          0x08000357   Thumb Code     0  rt_memclr_w.o(.text)
    __aeabi_memclr8                          0x08000357   Thumb Code     0  rt_memclr_w.o(.text)
    __rt_memclr_w                            0x08000357   Thumb Code    78  rt_memclr_w.o(.text)
    _memset_w                                0x0800035b   Thumb Code     0  rt_memclr_w.o(.text)
    strcmp                                   0x080003a5   Thumb Code   128  strcmpv7m.o(.text)
    __use_two_region_memory                  0x08000425   Thumb Code     2  heapauxi.o(.text)
    __rt_heap_escrow$2region                 0x08000427   Thumb Code     2  heapauxi.o(.text)
    __rt_heap_expand$2region                 0x08000429   Thumb Code     2  heapauxi.o(.text)
    __user_setup_stackheap                   0x0800042b   Thumb Code    74  sys_stackheap_outer.o(.text)
    exit                                     0x08000475   Thumb Code    18  exit.o(.text)
    __user_libspace                          0x08000489   Thumb Code     8  libspace.o(.text)
    __user_perproc_libspace                  0x08000489   Thumb Code     0  libspace.o(.text)
    __user_perthread_libspace                0x08000489   Thumb Code     0  libspace.o(.text)
    _sys_exit                                0x08000491   Thumb Code     8  sys_exit.o(.text)
    __I$use$semihosting                      0x0800049d   Thumb Code     0  use_no_semi.o(.text)
    __use_no_semihosting_swi                 0x0800049d   Thumb Code     2  use_no_semi.o(.text)
    BusFault_Handler                         0x0800049f   Thumb Code     2  stm32f4xx_it.o(i.BusFault_Handler)
    __semihosting_library_function           0x0800049f   Thumb Code     0  indicate_semi.o(.text)
    CAN1_RX0_IRQHandler                      0x080004a1   Thumb Code     6  stm32f4xx_it.o(i.CAN1_RX0_IRQHandler)
    CAN_chassis_current                      0x080004ad   Thumb Code    60  main.o(i.CAN_chassis_current)
    CAN_current                              0x080004f5   Thumb Code    60  main.o(i.CAN_current)
    DMA1_Stream1_IRQHandler                  0x0800053d   Thumb Code     6  stm32f4xx_it.o(i.DMA1_Stream1_IRQHandler)
    DMA2_Stream7_IRQHandler                  0x08000549   Thumb Code     6  stm32f4xx_it.o(i.DMA2_Stream7_IRQHandler)
    DebugMon_Handler                         0x08000607   Thumb Code     2  stm32f4xx_it.o(i.DebugMon_Handler)
    Error_Handler                            0x08000609   Thumb Code     4  main.o(i.Error_Handler)
    HAL_CAN_ActivateNotification             0x0800060d   Thumb Code    36  stm32f4xx_hal_can.o(i.HAL_CAN_ActivateNotification)
    HAL_CAN_AddTxMessage                     0x08000631   Thumb Code   260  stm32f4xx_hal_can.o(i.HAL_CAN_AddTxMessage)
    HAL_CAN_ConfigFilter                     0x08000735   Thumb Code   290  stm32f4xx_hal_can.o(i.HAL_CAN_ConfigFilter)
    HAL_CAN_ErrorCallback                    0x0800085d   Thumb Code     2  stm32f4xx_hal_can.o(i.HAL_CAN_ErrorCallback)
    HAL_CAN_GetRxMessage                     0x0800085f   Thumb Code   364  stm32f4xx_hal_can.o(i.HAL_CAN_GetRxMessage)
    HAL_CAN_IRQHandler                       0x080009cb   Thumb Code   564  stm32f4xx_hal_can.o(i.HAL_CAN_IRQHandler)
    HAL_CAN_Init                             0x08000bff   Thumb Code   360  stm32f4xx_hal_can.o(i.HAL_CAN_Init)
    HAL_CAN_MspInit                          0x08000d69   Thumb Code   106  can.o(i.HAL_CAN_MspInit)
    HAL_CAN_RxFifo0FullCallback              0x08000de1   Thumb Code     2  stm32f4xx_hal_can.o(i.HAL_CAN_RxFifo0FullCallback)
    HAL_CAN_RxFifo0MsgPendingCallback        0x08000de5   Thumb Code    82  main.o(i.HAL_CAN_RxFifo0MsgPendingCallback)
    HAL_CAN_RxFifo1FullCallback              0x08000e41   Thumb Code     2  stm32f4xx_hal_can.o(i.HAL_CAN_RxFifo1FullCallback)
    HAL_CAN_RxFifo1MsgPendingCallback        0x08000e43   Thumb Code     2  stm32f4xx_hal_can.o(i.HAL_CAN_RxFifo1MsgPendingCallback)
    HAL_CAN_SleepCallback                    0x08000e45   Thumb Code     2  stm32f4xx_hal_can.o(i.HAL_CAN_SleepCallback)
    HAL_CAN_Start                            0x08000e47   Thumb Code   100  stm32f4xx_hal_can.o(i.HAL_CAN_Start)
    HAL_CAN_TxMailbox0AbortCallback          0x08000eab   Thumb Code     2  stm32f4xx_hal_can.o(i.HAL_CAN_TxMailbox0AbortCallback)
    HAL_CAN_TxMailbox0CompleteCallback       0x08000ead   Thumb Code     2  stm32f4xx_hal_can.o(i.HAL_CAN_TxMailbox0CompleteCallback)
    HAL_CAN_TxMailbox1AbortCallback          0x08000eaf   Thumb Code     2  stm32f4xx_hal_can.o(i.HAL_CAN_TxMailbox1AbortCallback)
    HAL_CAN_TxMailbox1CompleteCallback       0x08000eb1   Thumb Code     2  stm32f4xx_hal_can.o(i.HAL_CAN_TxMailbox1CompleteCallback)
    HAL_CAN_TxMailbox2AbortCallback          0x08000eb3   Thumb Code     2  stm32f4xx_hal_can.o(i.HAL_CAN_TxMailbox2AbortCallback)
    HAL_CAN_TxMailbox2CompleteCallback       0x08000eb5   Thumb Code     2  stm32f4xx_hal_can.o(i.HAL_CAN_TxMailbox2CompleteCallback)
    HAL_CAN_WakeUpFromRxMsgCallback          0x08000eb7   Thumb Code     2  stm32f4xx_hal_can.o(i.HAL_CAN_WakeUpFromRxMsgCallback)
    HAL_DMA_Abort                            0x08000eb9   Thumb Code   162  stm32f4xx_hal_dma.o(i.HAL_DMA_Abort)
    HAL_DMA_Abort_IT                         0x08000f5b   Thumb Code    36  stm32f4xx_hal_dma.o(i.HAL_DMA_Abort_IT)
    HAL_DMA_IRQHandler                       0x08000f81   Thumb Code   488  stm32f4xx_hal_dma.o(i.HAL_DMA_IRQHandler)
    HAL_DMA_Init                             0x0800116d   Thumb Code   230  stm32f4xx_hal_dma.o(i.HAL_DMA_Init)
    HAL_Delay                                0x08001259   Thumb Code    34  stm32f4xx_hal.o(i.HAL_Delay)
    HAL_GPIO_Init                            0x08001281   Thumb Code   538  stm32f4xx_hal_gpio.o(i.HAL_GPIO_Init)
    HAL_GPIO_WritePin                        0x080014b1   Thumb Code    14  stm32f4xx_hal_gpio.o(i.HAL_GPIO_WritePin)
    HAL_GetTick                              0x080014c1   Thumb Code     6  stm32f4xx_hal.o(i.HAL_GetTick)
    HAL_IncTick                              0x080014cd   Thumb Code    12  stm32f4xx_hal.o(i.HAL_IncTick)
    HAL_Init                                 0x080014dd   Thumb Code    48  stm32f4xx_hal.o(i.HAL_Init)
    HAL_InitTick                             0x08001511   Thumb Code    58  stm32f4xx_hal.o(i.HAL_InitTick)
    HAL_MspInit                              0x08001555   Thumb Code    42  stm32f4xx_hal_msp.o(i.HAL_MspInit)
    HAL_NVIC_EnableIRQ                       0x08001585   Thumb Code    28  stm32f4xx_hal_cortex.o(i.HAL_NVIC_EnableIRQ)
    HAL_NVIC_SetPriority                     0x080015a1   Thumb Code    98  stm32f4xx_hal_cortex.o(i.HAL_NVIC_SetPriority)
    HAL_NVIC_SetPriorityGrouping             0x08001609   Thumb Code    30  stm32f4xx_hal_cortex.o(i.HAL_NVIC_SetPriorityGrouping)
    HAL_RCC_ClockConfig                      0x0800162d   Thumb Code   354  stm32f4xx_hal_rcc.o(i.HAL_RCC_ClockConfig)
    HAL_RCC_GetHCLKFreq                      0x080017a9   Thumb Code     6  stm32f4xx_hal_rcc.o(i.HAL_RCC_GetHCLKFreq)
    HAL_RCC_GetPCLK1Freq                     0x080017b5   Thumb Code    22  stm32f4xx_hal_rcc.o(i.HAL_RCC_GetPCLK1Freq)
    HAL_RCC_GetPCLK2Freq                     0x080017d5   Thumb Code    22  stm32f4xx_hal_rcc.o(i.HAL_RCC_GetPCLK2Freq)
    HAL_RCC_GetSysClockFreq                  0x080017f5   Thumb Code    94  stm32f4xx_hal_rcc.o(i.HAL_RCC_GetSysClockFreq)
    HAL_RCC_OscConfig                        0x08001865   Thumb Code  1154  stm32f4xx_hal_rcc.o(i.HAL_RCC_OscConfig)
    HAL_SYSTICK_Config                       0x08001ce9   Thumb Code    36  stm32f4xx_hal_cortex.o(i.HAL_SYSTICK_Config)
    HAL_TIMEx_ConfigBreakDeadTime            0x08001d11   Thumb Code   102  stm32f4xx_hal_tim_ex.o(i.HAL_TIMEx_ConfigBreakDeadTime)
    HAL_TIMEx_MasterConfigSynchronization    0x08001d77   Thumb Code   154  stm32f4xx_hal_tim_ex.o(i.HAL_TIMEx_MasterConfigSynchronization)
    HAL_TIM_Base_Init                        0x08001e11   Thumb Code    92  stm32f4xx_hal_tim.o(i.HAL_TIM_Base_Init)
    HAL_TIM_Base_MspInit                     0x08001e6d   Thumb Code    52  tim.o(i.HAL_TIM_Base_MspInit)
    HAL_TIM_Base_Start                       0x08001ead   Thumb Code   128  stm32f4xx_hal_tim.o(i.HAL_TIM_Base_Start)
    HAL_TIM_ConfigClockSource                0x08001f2d   Thumb Code   234  stm32f4xx_hal_tim.o(i.HAL_TIM_ConfigClockSource)
    HAL_TIM_MspPostInit                      0x08002019   Thumb Code   182  tim.o(i.HAL_TIM_MspPostInit)
    HAL_TIM_PWM_ConfigChannel                0x080020ed   Thumb Code   216  stm32f4xx_hal_tim.o(i.HAL_TIM_PWM_ConfigChannel)
    HAL_TIM_PWM_Init                         0x080021c5   Thumb Code    92  stm32f4xx_hal_tim.o(i.HAL_TIM_PWM_Init)
    HAL_TIM_PWM_MspInit                      0x08002221   Thumb Code     2  stm32f4xx_hal_tim.o(i.HAL_TIM_PWM_MspInit)
    HAL_TIM_PWM_Start                        0x08002225   Thumb Code   210  stm32f4xx_hal_tim.o(i.HAL_TIM_PWM_Start)
    HAL_UARTEx_RxEventCallback               0x08002301   Thumb Code     2  stm32f4xx_hal_uart.o(i.HAL_UARTEx_RxEventCallback)
    HAL_UART_ErrorCallback                   0x08002303   Thumb Code     2  stm32f4xx_hal_uart.o(i.HAL_UART_ErrorCallback)
    HAL_UART_IRQHandler                      0x08002305   Thumb Code   604  stm32f4xx_hal_uart.o(i.HAL_UART_IRQHandler)
    HAL_UART_Init                            0x08002565   Thumb Code   100  stm32f4xx_hal_uart.o(i.HAL_UART_Init)
    HAL_UART_MspInit                         0x080025c9   Thumb Code   332  usart.o(i.HAL_UART_MspInit)
    HAL_UART_Receive_IT                      0x08002739   Thumb Code    46  stm32f4xx_hal_uart.o(i.HAL_UART_Receive_IT)
    HAL_UART_RxCpltCallback                  0x08002769   Thumb Code   328  main.o(i.HAL_UART_RxCpltCallback)
    HAL_UART_Transmit                        0x080028d9   Thumb Code   202  stm32f4xx_hal_uart.o(i.HAL_UART_Transmit)
    HAL_UART_TxCpltCallback                  0x080029a3   Thumb Code     2  stm32f4xx_hal_uart.o(i.HAL_UART_TxCpltCallback)
    HardFault_Handler                        0x080029a5   Thumb Code     2  stm32f4xx_it.o(i.HardFault_Handler)
    MX_CAN1_Init                             0x080029a9   Thumb Code    60  can.o(i.MX_CAN1_Init)
    MX_DMA_Init                              0x080029ed   Thumb Code    72  dma.o(i.MX_DMA_Init)
    MX_GPIO_Init                             0x08002a39   Thumb Code   166  gpio.o(i.MX_GPIO_Init)
    MX_TIM1_Init                             0x08002ae9   Thumb Code   244  tim.o(i.MX_TIM1_Init)
    MX_TIM8_Init                             0x08002be5   Thumb Code   250  tim.o(i.MX_TIM8_Init)
    MX_USART1_UART_Init                      0x08002ce9   Thumb Code    48  usart.o(i.MX_USART1_UART_Init)
    MX_USART3_UART_Init                      0x08002d21   Thumb Code    46  usart.o(i.MX_USART3_UART_Init)
    MemManage_Handler                        0x08002d5d   Thumb Code     2  stm32f4xx_it.o(i.MemManage_Handler)
    NMI_Handler                              0x08002d5f   Thumb Code     2  stm32f4xx_it.o(i.NMI_Handler)
    PID_struct_init                          0x08002d61   Thumb Code    16  pid.o(i.PID_struct_init)
    PendSV_Handler                           0x08002d79   Thumb Code     2  stm32f4xx_it.o(i.PendSV_Handler)
    RC_init                                  0x08002d7d   Thumb Code    84  bsp_rc.o(i.RC_init)
    SVC_Handler                              0x08002ddd   Thumb Code     2  stm32f4xx_it.o(i.SVC_Handler)
    SysTick_Handler                          0x08002ddf   Thumb Code     4  stm32f4xx_it.o(i.SysTick_Handler)
    SystemClock_Config                       0x08002de5   Thumb Code   140  main.o(i.SystemClock_Config)
    SystemInit                               0x08002e79   Thumb Code    12  system_stm32f4xx.o(i.SystemInit)
    TIM_Base_SetConfig                       0x08002e89   Thumb Code   182  stm32f4xx_hal_tim.o(i.TIM_Base_SetConfig)
    TIM_CCxChannelCmd                        0x08002f55   Thumb Code    30  stm32f4xx_hal_tim.o(i.TIM_CCxChannelCmd)
    TIM_ETR_SetConfig                        0x08002f73   Thumb Code    22  stm32f4xx_hal_tim.o(i.TIM_ETR_SetConfig)
    TIM_OC2_SetConfig                        0x08003009   Thumb Code   112  stm32f4xx_hal_tim.o(i.TIM_OC2_SetConfig)
    UART_Start_Receive_IT                    0x080033d9   Thumb Code    54  stm32f4xx_hal_uart.o(i.UART_Start_Receive_IT)
    USART1_IRQHandler                        0x080034f9   Thumb Code     6  stm32f4xx_it.o(i.USART1_IRQHandler)
    USART3_IRQHandler                        0x08003505   Thumb Code   156  remote_control.o(i.USART3_IRQHandler)
    UsageFault_Handler                       0x080035b9   Thumb Code     2  stm32f4xx_it.o(i.UsageFault_Handler)
    abs_limit                                0x080035bb   Thumb Code    42  pid.o(i.abs_limit)
    auto_control_x                           0x080035e5   Thumb Code    72  main.o(i.auto_control_x)
    auto_control_y                           0x08003649   Thumb Code    72  main.o(i.auto_control_y)
    can_filter_init                          0x080036ad   Thumb Code    52  main.o(i.can_filter_init)
    dma_control                              0x080036e5   Thumb Code    30  main.o(i.dma_control)
    dma_data                                 0x08003709   Thumb Code    30  main.o(i.dma_data)
    fric_off                                 0x0800372d   Thumb Code    42  main.o(i.fric_off)
    get_remote_control_point                 0x08003761   Thumb Code     4  remote_control.o(i.get_remote_control_point)
    main                                     0x08003769   Thumb Code   990  main.o(i.main)
    pid_calc                                 0x08003b85   Thumb Code   448  pid.o(i.pid_calc)
    remote_control_init                      0x08003d5d   Thumb Code    12  remote_control.o(i.remote_control_init)
    usart1_tx_dma_init                       0x08003e21   Thumb Code    14  bsp_usart.o(i.usart1_tx_dma_init)
    __aeabi_dadd                             0x08003e35   Thumb Code     0  daddsub_clz.o(x$fpl$dadd)
    _dadd                                    0x08003e35   Thumb Code   332  daddsub_clz.o(x$fpl$dadd)
    __aeabi_ddiv                             0x08003f85   Thumb Code     0  ddiv.o(x$fpl$ddiv)
    _ddiv                                    0x08003f85   Thumb Code   552  ddiv.o(x$fpl$ddiv)
    __aeabi_d2iz                             0x08004235   Thumb Code     0  dfix.o(x$fpl$dfix)
    _dfix                                    0x08004235   Thumb Code    94  dfix.o(x$fpl$dfix)
    __aeabi_d2uiz                            0x08004295   Thumb Code     0  dfixu.o(x$fpl$dfixu)
    _dfixu                                   0x08004295   Thumb Code    90  dfixu.o(x$fpl$dfixu)
    __aeabi_i2d                              0x080042ef   Thumb Code     0  dflt_clz.o(x$fpl$dflt)
    _dflt                                    0x080042ef   Thumb Code    46  dflt_clz.o(x$fpl$dflt)
    __aeabi_ui2d                             0x0800431d   Thumb Code     0  dflt_clz.o(x$fpl$dfltu)
    _dfltu                                   0x0800431d   Thumb Code    38  dflt_clz.o(x$fpl$dfltu)
    __aeabi_dmul                             0x08004345   Thumb Code     0  dmul.o(x$fpl$dmul)
    _dmul                                    0x08004345   Thumb Code   332  dmul.o(x$fpl$dmul)
    __fpl_dnaninf                            0x08004499   Thumb Code   156  dnaninf.o(x$fpl$dnaninf)
    __fpl_dretinf                            0x08004535   Thumb Code    12  dretinf.o(x$fpl$dretinf)
    __aeabi_drsub                            0x08004541   Thumb Code     0  daddsub_clz.o(x$fpl$drsb)
    _drsb                                    0x08004541   Thumb Code    22  daddsub_clz.o(x$fpl$drsb)
    __aeabi_dsub                             0x08004559   Thumb Code     0  daddsub_clz.o(x$fpl$dsub)
    _dsub                                    0x08004559   Thumb Code   464  daddsub_clz.o(x$fpl$dsub)
    _fp_init                                 0x0800472d   Thumb Code    10  fpinit.o(x$fpl$fpinit)
    __fplib_config_fpu_vfp                   0x08004735   Thumb Code     0  fpinit.o(x$fpl$fpinit)
    __fplib_config_pureend_doubles           0x08004735   Thumb Code     0  fpinit.o(x$fpl$fpinit)
    __I$use$fp                               0x08004736   Number         0  usenofp.o(x$fpl$usenofp)
    AHBPrescTable                            0x08004744   Data          16  system_stm32f4xx.o(.constdata)
    APBPrescTable                            0x08004754   Data           8  system_stm32f4xx.o(.constdata)
    Region$$Table$$Base                      0x0800475c   Number         0  anon$$obj.o(Region$$Table)
    Region$$Table$$Limit                     0x0800477c   Number         0  anon$$obj.o(Region$$Table)
    rx_up                                    0x20000001   Data           3  main.o(.data)
    rx_left                                  0x20000004   Data           3  main.o(.data)
    rx_down                                  0x20000007   Data           3  main.o(.data)
    rx_right                                 0x2000000a   Data           3  main.o(.data)
    local_rc_ctrl                            0x20000010   Data           4  main.o(.data)
    Send_data                                0x20000014   Data           8  main.o(.data)
    temp_rx                                  0x2000001c   Data           8  main.o(.data)
    TxData                                   0x20000024   Data          30  main.o(.data)
    uwTickFreq                               0x20000044   Data           1  stm32f4xx_hal.o(.data)
    uwTickPrio                               0x20000048   Data           4  stm32f4xx_hal.o(.data)
    uwTick                                   0x2000004c   Data           4  stm32f4xx_hal.o(.data)
    SystemCoreClock                          0x20000050   Data           4  system_stm32f4xx.o(.data)
    motor_chassis                            0x2000007c   Data          70  main.o(.bss)
    RxData                                   0x200000c2   Data          30  main.o(.bss)
    hcan1                                    0x200000e0   Data          40  can.o(.bss)
    htim1                                    0x20000108   Data          72  tim.o(.bss)
    htim8                                    0x20000150   Data          72  tim.o(.bss)
    huart1                                   0x20000198   Data          68  usart.o(.bss)
    huart3                                   0x200001dc   Data          68  usart.o(.bss)
    hdma_usart1_tx                           0x20000220   Data          96  usart.o(.bss)
    hdma_usart3_rx                           0x20000280   Data          96  usart.o(.bss)
    rc_ctrl                                  0x200002e0   Data          22  remote_control.o(.bss)
    __libspace_start                         0x20000340   Data          96  libspace.o(.bss)
    __temporary_stack_top$libspace           0x200003a0   Data           0  libspace.o(.bss)



==============================================================================

Memory Map of the image

  Image Entry point : 0x08000189

  Load Region LR_IROM1 (Base: 0x08000000, Size: 0x000047d0, Max: 0x00100000, ABSOLUTE)

    Execution Region ER_IROM1 (Exec base: 0x08000000, Load base: 0x08000000, Size: 0x0000477c, Max: 0x00100000, ABSOLUTE)

    Exec Addr    Load Addr    Size         Type   Attr      Idx    E Section Name        Object

    0x08000000   0x08000000   0x00000188   Data   RO            3    RESET               startup_stm32f407xx.o
    0x08000188   0x08000188   0x00000008   Code   RO         3731  * !!!main             c_w.l(__main.o)
    0x08000190   0x08000190   0x00000034   Code   RO         3933    !!!scatter          c_w.l(__scatter.o)
    0x080001c4   0x080001c4   0x0000001a   Code   RO         3935    !!handler_copy      c_w.l(__scatter_copy.o)
    0x080001de   0x080001de   0x00000002   PAD
    0x080001e0   0x080001e0   0x0000001c   Code   RO         3937    !!handler_zi        c_w.l(__scatter_zi.o)
    0x080001fc   0x080001fc   0x00000002   Code   RO         3803    .ARM.Collect$$libinit$$00000000  c_w.l(libinit.o)
    0x080001fe   0x080001fe   0x00000004   Code   RO         3815    .ARM.Collect$$libinit$$00000001  c_w.l(libinit2.o)
    0x08000202   0x08000202   0x00000000   Code   RO         3818    .ARM.Collect$$libinit$$00000004  c_w.l(libinit2.o)
    0x08000202   0x08000202   0x00000000   Code   RO         3821    .ARM.Collect$$libinit$$0000000A  c_w.l(libinit2.o)
    0x08000202   0x08000202   0x00000000   Code   RO         3823    .ARM.Collect$$libinit$$0000000C  c_w.l(libinit2.o)
    0x08000202   0x08000202   0x00000000   Code   RO         3825    .ARM.Collect$$libinit$$0000000E  c_w.l(libinit2.o)
    0x08000202   0x08000202   0x00000000   Code   RO         3828    .ARM.Collect$$libinit$$00000011  c_w.l(libinit2.o)
    0x08000202   0x08000202   0x00000000   Code   RO         3830    .ARM.Collect$$libinit$$00000013  c_w.l(libinit2.o)
    0x08000202   0x08000202   0x00000000   Code   RO         3832    .ARM.Collect$$libinit$$00000015  c_w.l(libinit2.o)
    0x08000202   0x08000202   0x00000000   Code   RO         3834    .ARM.Collect$$libinit$$00000017  c_w.l(libinit2.o)
    0x08000202   0x08000202   0x00000000   Code   RO         3836    .ARM.Collect$$libinit$$00000019  c_w.l(libinit2.o)
    0x08000202   0x08000202   0x00000000   Code   RO         3838    .ARM.Collect$$libinit$$0000001B  c_w.l(libinit2.o)
    0x08000202   0x08000202   0x00000000   Code   RO         3840    .ARM.Collect$$libinit$$0000001D  c_w.l(libinit2.o)
    0x08000202   0x08000202   0x00000000   Code   RO         3842    .ARM.Collect$$libinit$$0000001F  c_w.l(libinit2.o)
    0x08000202   0x08000202   0x00000000   Code   RO         3844    .ARM.Collect$$libinit$$00000021  c_w.l(libinit2.o)
    0x08000202   0x08000202   0x00000000   Code   RO         3846    .ARM.Collect$$libinit$$00000023  c_w.l(libinit2.o)
    0x08000202   0x08000202   0x00000000   Code   RO         3848    .ARM.Collect$$libinit$$00000025  c_w.l(libinit2.o)
    0x08000202   0x08000202   0x00000000   Code   RO         3852    .ARM.Collect$$libinit$$0000002C  c_w.l(libinit2.o)
    0x08000202   0x08000202   0x00000000   Code   RO         3854    .ARM.Collect$$libinit$$0000002E  c_w.l(libinit2.o)
    0x08000202   0x08000202   0x00000000   Code   RO         3856    .ARM.Collect$$libinit$$00000030  c_w.l(libinit2.o)
    0x08000202   0x08000202   0x00000000   Code   RO         3858    .ARM.Collect$$libinit$$00000032  c_w.l(libinit2.o)
    0x08000202   0x08000202   0x00000002   Code   RO         3859    .ARM.Collect$$libinit$$00000033  c_w.l(libinit2.o)
    0x08000204   0x08000204   0x00000002   Code   RO         3890    .ARM.Collect$$libshutdown$$00000000  c_w.l(libshutdown.o)
    0x08000206   0x08000206   0x00000000   Code   RO         3916    .ARM.Collect$$libshutdown$$00000002  c_w.l(libshutdown2.o)
    0x08000206   0x08000206   0x00000000   Code   RO         3918    .ARM.Collect$$libshutdown$$00000004  c_w.l(libshutdown2.o)
    0x08000206   0x08000206   0x00000000   Code   RO         3921    .ARM.Collect$$libshutdown$$00000007  c_w.l(libshutdown2.o)
    0x08000206   0x08000206   0x00000000   Code   RO         3924    .ARM.Collect$$libshutdown$$0000000A  c_w.l(libshutdown2.o)
    0x08000206   0x08000206   0x00000000   Code   RO         3926    .ARM.Collect$$libshutdown$$0000000C  c_w.l(libshutdown2.o)
    0x08000206   0x08000206   0x00000000   Code   RO         3929    .ARM.Collect$$libshutdown$$0000000F  c_w.l(libshutdown2.o)
    0x08000206   0x08000206   0x00000002   Code   RO         3930    .ARM.Collect$$libshutdown$$00000010  c_w.l(libshutdown2.o)
    0x08000208   0x08000208   0x00000000   Code   RO         3761    .ARM.Collect$$rtentry$$00000000  c_w.l(__rtentry.o)
    0x08000208   0x08000208   0x00000000   Code   RO         3774    .ARM.Collect$$rtentry$$00000002  c_w.l(__rtentry2.o)
    0x08000208   0x08000208   0x00000006   Code   RO         3786    .ARM.Collect$$rtentry$$00000004  c_w.l(__rtentry4.o)
    0x0800020e   0x0800020e   0x00000000   Code   RO         3776    .ARM.Collect$$rtentry$$00000009  c_w.l(__rtentry2.o)
    0x0800020e   0x0800020e   0x00000004   Code   RO         3777    .ARM.Collect$$rtentry$$0000000A  c_w.l(__rtentry2.o)
    0x08000212   0x08000212   0x00000000   Code   RO         3779    .ARM.Collect$$rtentry$$0000000C  c_w.l(__rtentry2.o)
    0x08000212   0x08000212   0x00000008   Code   RO         3780    .ARM.Collect$$rtentry$$0000000D  c_w.l(__rtentry2.o)
    0x0800021a   0x0800021a   0x00000002   Code   RO         3807    .ARM.Collect$$rtexit$$00000000  c_w.l(rtexit.o)
    0x0800021c   0x0800021c   0x00000000   Code   RO         3863    .ARM.Collect$$rtexit$$00000002  c_w.l(rtexit2.o)
    0x0800021c   0x0800021c   0x00000004   Code   RO         3864    .ARM.Collect$$rtexit$$00000003  c_w.l(rtexit2.o)
    0x08000220   0x08000220   0x00000006   Code   RO         3865    .ARM.Collect$$rtexit$$00000004  c_w.l(rtexit2.o)
    0x08000226   0x08000226   0x00000002   PAD
    0x08000228   0x08000228   0x00000040   Code   RO            4    .text               startup_stm32f407xx.o
    0x08000268   0x08000268   0x000000ee   Code   RO         3723    .text               c_w.l(lludivv7m.o)
    0x08000356   0x08000356   0x0000004e   Code   RO         3725    .text               c_w.l(rt_memclr_w.o)
    0x080003a4   0x080003a4   0x00000080   Code   RO         3727    .text               c_w.l(strcmpv7m.o)
    0x08000424   0x08000424   0x00000006   Code   RO         3729    .text               c_w.l(heapauxi.o)
    0x0800042a   0x0800042a   0x0000004a   Code   RO         3790    .text               c_w.l(sys_stackheap_outer.o)
    0x08000474   0x08000474   0x00000012   Code   RO         3792    .text               c_w.l(exit.o)
    0x08000486   0x08000486   0x00000002   PAD
    0x08000488   0x08000488   0x00000008   Code   RO         3804    .text               c_w.l(libspace.o)
    0x08000490   0x08000490   0x0000000c   Code   RO         3860    .text               c_w.l(sys_exit.o)
    0x0800049c   0x0800049c   0x00000002   Code   RO         3879    .text               c_w.l(use_no_semi.o)
    0x0800049e   0x0800049e   0x00000000   Code   RO         3881    .text               c_w.l(indicate_semi.o)
    0x0800049e   0x0800049e   0x00000002   Code   RO          574    i.BusFault_Handler  stm32f4xx_it.o
    0x080004a0   0x080004a0   0x0000000c   Code   RO          575    i.CAN1_RX0_IRQHandler  stm32f4xx_it.o
    0x080004ac   0x080004ac   0x00000048   Code   RO           13    i.CAN_chassis_current  main.o
    0x080004f4   0x080004f4   0x00000048   Code   RO           14    i.CAN_current       main.o
    0x0800053c   0x0800053c   0x0000000c   Code   RO          576    i.DMA1_Stream1_IRQHandler  stm32f4xx_it.o
    0x08000548   0x08000548   0x0000000c   Code   RO          577    i.DMA2_Stream7_IRQHandler  stm32f4xx_it.o
    0x08000554   0x08000554   0x00000034   Code   RO         1667    i.DMA_CalcBaseAndBitshift  stm32f4xx_hal_dma.o
    0x08000588   0x08000588   0x0000007e   Code   RO         1668    i.DMA_CheckFifoParam  stm32f4xx_hal_dma.o
    0x08000606   0x08000606   0x00000002   Code   RO          578    i.DebugMon_Handler  stm32f4xx_it.o
    0x08000608   0x08000608   0x00000004   Code   RO           15    i.Error_Handler     main.o
    0x0800060c   0x0800060c   0x00000024   Code   RO          930    i.HAL_CAN_ActivateNotification  stm32f4xx_hal_can.o
    0x08000630   0x08000630   0x00000104   Code   RO          931    i.HAL_CAN_AddTxMessage  stm32f4xx_hal_can.o
    0x08000734   0x08000734   0x00000128   Code   RO          932    i.HAL_CAN_ConfigFilter  stm32f4xx_hal_can.o
    0x0800085c   0x0800085c   0x00000002   Code   RO          935    i.HAL_CAN_ErrorCallback  stm32f4xx_hal_can.o
    0x0800085e   0x0800085e   0x0000016c   Code   RO          938    i.HAL_CAN_GetRxMessage  stm32f4xx_hal_can.o
    0x080009ca   0x080009ca   0x00000234   Code   RO          942    i.HAL_CAN_IRQHandler  stm32f4xx_hal_can.o
    0x08000bfe   0x08000bfe   0x00000168   Code   RO          943    i.HAL_CAN_Init      stm32f4xx_hal_can.o
    0x08000d66   0x08000d66   0x00000002   PAD
    0x08000d68   0x08000d68   0x00000078   Code   RO          404    i.HAL_CAN_MspInit   can.o
    0x08000de0   0x08000de0   0x00000002   Code   RO          950    i.HAL_CAN_RxFifo0FullCallback  stm32f4xx_hal_can.o
    0x08000de2   0x08000de2   0x00000002   PAD
    0x08000de4   0x08000de4   0x0000005c   Code   RO           16    i.HAL_CAN_RxFifo0MsgPendingCallback  main.o
    0x08000e40   0x08000e40   0x00000002   Code   RO          952    i.HAL_CAN_RxFifo1FullCallback  stm32f4xx_hal_can.o
    0x08000e42   0x08000e42   0x00000002   Code   RO          953    i.HAL_CAN_RxFifo1MsgPendingCallback  stm32f4xx_hal_can.o
    0x08000e44   0x08000e44   0x00000002   Code   RO          954    i.HAL_CAN_SleepCallback  stm32f4xx_hal_can.o
    0x08000e46   0x08000e46   0x00000064   Code   RO          955    i.HAL_CAN_Start     stm32f4xx_hal_can.o
    0x08000eaa   0x08000eaa   0x00000002   Code   RO          957    i.HAL_CAN_TxMailbox0AbortCallback  stm32f4xx_hal_can.o
    0x08000eac   0x08000eac   0x00000002   Code   RO          958    i.HAL_CAN_TxMailbox0CompleteCallback  stm32f4xx_hal_can.o
    0x08000eae   0x08000eae   0x00000002   Code   RO          959    i.HAL_CAN_TxMailbox1AbortCallback  stm32f4xx_hal_can.o
    0x08000eb0   0x08000eb0   0x00000002   Code   RO          960    i.HAL_CAN_TxMailbox1CompleteCallback  stm32f4xx_hal_can.o
    0x08000eb2   0x08000eb2   0x00000002   Code   RO          961    i.HAL_CAN_TxMailbox2AbortCallback  stm32f4xx_hal_can.o
    0x08000eb4   0x08000eb4   0x00000002   Code   RO          962    i.HAL_CAN_TxMailbox2CompleteCallback  stm32f4xx_hal_can.o
    0x08000eb6   0x08000eb6   0x00000002   Code   RO          964    i.HAL_CAN_WakeUpFromRxMsgCallback  stm32f4xx_hal_can.o
    0x08000eb8   0x08000eb8   0x000000a2   Code   RO         1670    i.HAL_DMA_Abort     stm32f4xx_hal_dma.o
    0x08000f5a   0x08000f5a   0x00000024   Code   RO         1671    i.HAL_DMA_Abort_IT  stm32f4xx_hal_dma.o
    0x08000f7e   0x08000f7e   0x00000002   PAD
    0x08000f80   0x08000f80   0x000001ec   Code   RO         1675    i.HAL_DMA_IRQHandler  stm32f4xx_hal_dma.o
    0x0800116c   0x0800116c   0x000000ec   Code   RO         1676    i.HAL_DMA_Init      stm32f4xx_hal_dma.o
    0x08001258   0x08001258   0x00000028   Code   RO         2084    i.HAL_Delay         stm32f4xx_hal.o
    0x08001280   0x08001280   0x00000230   Code   RO         1563    i.HAL_GPIO_Init     stm32f4xx_hal_gpio.o
    0x080014b0   0x080014b0   0x0000000e   Code   RO         1567    i.HAL_GPIO_WritePin  stm32f4xx_hal_gpio.o
    0x080014be   0x080014be   0x00000002   PAD
    0x080014c0   0x080014c0   0x0000000c   Code   RO         2090    i.HAL_GetTick       stm32f4xx_hal.o
    0x080014cc   0x080014cc   0x00000010   Code   RO         2096    i.HAL_IncTick       stm32f4xx_hal.o
    0x080014dc   0x080014dc   0x00000034   Code   RO         2097    i.HAL_Init          stm32f4xx_hal.o
    0x08001510   0x08001510   0x00000044   Code   RO         2098    i.HAL_InitTick      stm32f4xx_hal.o
    0x08001554   0x08001554   0x00000030   Code   RO          674    i.HAL_MspInit       stm32f4xx_hal_msp.o
    0x08001584   0x08001584   0x0000001c   Code   RO         1952    i.HAL_NVIC_EnableIRQ  stm32f4xx_hal_cortex.o
    0x080015a0   0x080015a0   0x00000068   Code   RO         1958    i.HAL_NVIC_SetPriority  stm32f4xx_hal_cortex.o
    0x08001608   0x08001608   0x00000024   Code   RO         1959    i.HAL_NVIC_SetPriorityGrouping  stm32f4xx_hal_cortex.o
    0x0800162c   0x0800162c   0x0000017c   Code   RO         1164    i.HAL_RCC_ClockConfig  stm32f4xx_hal_rcc.o
    0x080017a8   0x080017a8   0x0000000c   Code   RO         1169    i.HAL_RCC_GetHCLKFreq  stm32f4xx_hal_rcc.o
    0x080017b4   0x080017b4   0x00000020   Code   RO         1171    i.HAL_RCC_GetPCLK1Freq  stm32f4xx_hal_rcc.o
    0x080017d4   0x080017d4   0x00000020   Code   RO         1172    i.HAL_RCC_GetPCLK2Freq  stm32f4xx_hal_rcc.o
    0x080017f4   0x080017f4   0x00000070   Code   RO         1173    i.HAL_RCC_GetSysClockFreq  stm32f4xx_hal_rcc.o
    0x08001864   0x08001864   0x00000482   Code   RO         1176    i.HAL_RCC_OscConfig  stm32f4xx_hal_rcc.o
    0x08001ce6   0x08001ce6   0x00000002   PAD
    0x08001ce8   0x08001ce8   0x00000028   Code   RO         1963    i.HAL_SYSTICK_Config  stm32f4xx_hal_cortex.o
    0x08001d10   0x08001d10   0x00000066   Code   RO         3055    i.HAL_TIMEx_ConfigBreakDeadTime  stm32f4xx_hal_tim_ex.o
    0x08001d76   0x08001d76   0x0000009a   Code   RO         3071    i.HAL_TIMEx_MasterConfigSynchronization  stm32f4xx_hal_tim_ex.o
    0x08001e10   0x08001e10   0x0000005c   Code   RO         2337    i.HAL_TIM_Base_Init  stm32f4xx_hal_tim.o
    0x08001e6c   0x08001e6c   0x00000040   Code   RO          473    i.HAL_TIM_Base_MspInit  tim.o
    0x08001eac   0x08001eac   0x00000080   Code   RO         2340    i.HAL_TIM_Base_Start  stm32f4xx_hal_tim.o
    0x08001f2c   0x08001f2c   0x000000ea   Code   RO         2346    i.HAL_TIM_ConfigClockSource  stm32f4xx_hal_tim.o
    0x08002016   0x08002016   0x00000002   PAD
    0x08002018   0x08002018   0x000000d4   Code   RO          474    i.HAL_TIM_MspPostInit  tim.o
    0x080020ec   0x080020ec   0x000000d8   Code   RO         2409    i.HAL_TIM_PWM_ConfigChannel  stm32f4xx_hal_tim.o
    0x080021c4   0x080021c4   0x0000005c   Code   RO         2412    i.HAL_TIM_PWM_Init  stm32f4xx_hal_tim.o
    0x08002220   0x08002220   0x00000002   Code   RO         2414    i.HAL_TIM_PWM_MspInit  stm32f4xx_hal_tim.o
    0x08002222   0x08002222   0x00000002   PAD
    0x08002224   0x08002224   0x000000dc   Code   RO         2417    i.HAL_TIM_PWM_Start  stm32f4xx_hal_tim.o
    0x08002300   0x08002300   0x00000002   Code   RO         3330    i.HAL_UARTEx_RxEventCallback  stm32f4xx_hal_uart.o
    0x08002302   0x08002302   0x00000002   Code   RO         3344    i.HAL_UART_ErrorCallback  stm32f4xx_hal_uart.o
    0x08002304   0x08002304   0x00000260   Code   RO         3347    i.HAL_UART_IRQHandler  stm32f4xx_hal_uart.o
    0x08002564   0x08002564   0x00000064   Code   RO         3348    i.HAL_UART_Init     stm32f4xx_hal_uart.o
    0x080025c8   0x080025c8   0x00000170   Code   RO          527    i.HAL_UART_MspInit  usart.o
    0x08002738   0x08002738   0x0000002e   Code   RO         3353    i.HAL_UART_Receive_IT  stm32f4xx_hal_uart.o
    0x08002766   0x08002766   0x00000002   PAD
    0x08002768   0x08002768   0x00000170   Code   RO           17    i.HAL_UART_RxCpltCallback  main.o
    0x080028d8   0x080028d8   0x000000ca   Code   RO         3356    i.HAL_UART_Transmit  stm32f4xx_hal_uart.o
    0x080029a2   0x080029a2   0x00000002   Code   RO         3359    i.HAL_UART_TxCpltCallback  stm32f4xx_hal_uart.o
    0x080029a4   0x080029a4   0x00000002   Code   RO          579    i.HardFault_Handler  stm32f4xx_it.o
    0x080029a6   0x080029a6   0x00000002   PAD
    0x080029a8   0x080029a8   0x00000044   Code   RO          405    i.MX_CAN1_Init      can.o
    0x080029ec   0x080029ec   0x0000004c   Code   RO          445    i.MX_DMA_Init       dma.o
    0x08002a38   0x08002a38   0x000000b0   Code   RO          283    i.MX_GPIO_Init      gpio.o
    0x08002ae8   0x08002ae8   0x000000fc   Code   RO          475    i.MX_TIM1_Init      tim.o
    0x08002be4   0x08002be4   0x00000104   Code   RO          476    i.MX_TIM8_Init      tim.o
    0x08002ce8   0x08002ce8   0x00000038   Code   RO          528    i.MX_USART1_UART_Init  usart.o
    0x08002d20   0x08002d20   0x0000003c   Code   RO          529    i.MX_USART3_UART_Init  usart.o
    0x08002d5c   0x08002d5c   0x00000002   Code   RO          580    i.MemManage_Handler  stm32f4xx_it.o
    0x08002d5e   0x08002d5e   0x00000002   Code   RO          581    i.NMI_Handler       stm32f4xx_it.o
    0x08002d60   0x08002d60   0x00000018   Code   RO          826    i.PID_struct_init   pid.o
    0x08002d78   0x08002d78   0x00000002   Code   RO          582    i.PendSV_Handler    stm32f4xx_it.o
    0x08002d7a   0x08002d7a   0x00000002   PAD
    0x08002d7c   0x08002d7c   0x00000060   Code   RO          698    i.RC_init           bsp_rc.o
    0x08002ddc   0x08002ddc   0x00000002   Code   RO          583    i.SVC_Handler       stm32f4xx_it.o
    0x08002dde   0x08002dde   0x00000004   Code   RO          584    i.SysTick_Handler   stm32f4xx_it.o
    0x08002de2   0x08002de2   0x00000002   PAD
    0x08002de4   0x08002de4   0x00000094   Code   RO           18    i.SystemClock_Config  main.o
    0x08002e78   0x08002e78   0x00000010   Code   RO         3687    i.SystemInit        system_stm32f4xx.o
    0x08002e88   0x08002e88   0x000000cc   Code   RO         2430    i.TIM_Base_SetConfig  stm32f4xx_hal_tim.o
    0x08002f54   0x08002f54   0x0000001e   Code   RO         2431    i.TIM_CCxChannelCmd  stm32f4xx_hal_tim.o
    0x08002f72   0x08002f72   0x00000016   Code   RO         2441    i.TIM_ETR_SetConfig  stm32f4xx_hal_tim.o
    0x08002f88   0x08002f88   0x00000010   Code   RO         2442    i.TIM_ITRx_SetConfig  stm32f4xx_hal_tim.o
    0x08002f98   0x08002f98   0x00000070   Code   RO         2443    i.TIM_OC1_SetConfig  stm32f4xx_hal_tim.o
    0x08003008   0x08003008   0x00000078   Code   RO         2444    i.TIM_OC2_SetConfig  stm32f4xx_hal_tim.o
    0x08003080   0x08003080   0x00000078   Code   RO         2445    i.TIM_OC3_SetConfig  stm32f4xx_hal_tim.o
    0x080030f8   0x080030f8   0x00000058   Code   RO         2446    i.TIM_OC4_SetConfig  stm32f4xx_hal_tim.o
    0x08003150   0x08003150   0x00000026   Code   RO         2448    i.TIM_TI1_ConfigInputStage  stm32f4xx_hal_tim.o
    0x08003176   0x08003176   0x00000024   Code   RO         2450    i.TIM_TI2_ConfigInputStage  stm32f4xx_hal_tim.o
    0x0800319a   0x0800319a   0x00000010   Code   RO         3361    i.UART_DMAAbortOnError  stm32f4xx_hal_uart.o
    0x080031aa   0x080031aa   0x0000004e   Code   RO         3371    i.UART_EndRxTransfer  stm32f4xx_hal_uart.o
    0x080031f8   0x080031f8   0x0000001a   Code   RO         3372    i.UART_EndTransmit_IT  stm32f4xx_hal_uart.o
    0x08003212   0x08003212   0x000000c8   Code   RO         3374    i.UART_Receive_IT   stm32f4xx_hal_uart.o
    0x080032da   0x080032da   0x00000002   PAD
    0x080032dc   0x080032dc   0x000000fc   Code   RO         3375    i.UART_SetConfig    stm32f4xx_hal_uart.o
    0x080033d8   0x080033d8   0x00000036   Code   RO         3377    i.UART_Start_Receive_IT  stm32f4xx_hal_uart.o
    0x0800340e   0x0800340e   0x0000005e   Code   RO         3378    i.UART_Transmit_IT  stm32f4xx_hal_uart.o
    0x0800346c   0x0800346c   0x0000008c   Code   RO         3379    i.UART_WaitOnFlagUntilTimeout  stm32f4xx_hal_uart.o
    0x080034f8   0x080034f8   0x0000000c   Code   RO          585    i.USART1_IRQHandler  stm32f4xx_it.o
    0x08003504   0x08003504   0x000000b4   Code   RO          880    i.USART3_IRQHandler  remote_control.o
    0x080035b8   0x080035b8   0x00000002   Code   RO          586    i.UsageFault_Handler  stm32f4xx_it.o
    0x080035ba   0x080035ba   0x0000002a   Code   RO          827    i.abs_limit         pid.o
    0x080035e4   0x080035e4   0x00000064   Code   RO           19    i.auto_control_x    main.o
    0x08003648   0x08003648   0x00000064   Code   RO           20    i.auto_control_y    main.o
    0x080036ac   0x080036ac   0x00000038   Code   RO           21    i.can_filter_init   main.o
    0x080036e4   0x080036e4   0x00000024   Code   RO           22    i.dma_control       main.o
    0x08003708   0x08003708   0x00000024   Code   RO           23    i.dma_data          main.o
    0x0800372c   0x0800372c   0x00000034   Code   RO           24    i.fric_off          main.o
    0x08003760   0x08003760   0x00000008   Code   RO          881    i.get_remote_control_point  remote_control.o
    0x08003768   0x08003768   0x0000041c   Code   RO           27    i.main              main.o
    0x08003b84   0x08003b84   0x000001c4   Code   RO          828    i.pid_calc          pid.o
    0x08003d48   0x08003d48   0x0000000e   Code   RO          829    i.pid_param_init    pid.o
    0x08003d56   0x08003d56   0x00000006   Code   RO          830    i.pid_reset         pid.o
    0x08003d5c   0x08003d5c   0x00000010   Code   RO          882    i.remote_control_init  remote_control.o
    0x08003d6c   0x08003d6c   0x000000b4   Code   RO          883    i.sbus_to_rc        remote_control.o
    0x08003e20   0x08003e20   0x00000014   Code   RO          793    i.usart1_tx_dma_init  bsp_usart.o
    0x08003e34   0x08003e34   0x00000150   Code   RO         3733    x$fpl$dadd          fz_wm.l(daddsub_clz.o)
    0x08003f84   0x08003f84   0x000002b0   Code   RO         3740    x$fpl$ddiv          fz_wm.l(ddiv.o)
    0x08004234   0x08004234   0x0000005e   Code   RO         3743    x$fpl$dfix          fz_wm.l(dfix.o)
    0x08004292   0x08004292   0x00000002   PAD
    0x08004294   0x08004294   0x0000005a   Code   RO         3747    x$fpl$dfixu         fz_wm.l(dfixu.o)
    0x080042ee   0x080042ee   0x0000002e   Code   RO         3752    x$fpl$dflt          fz_wm.l(dflt_clz.o)
    0x0800431c   0x0800431c   0x00000026   Code   RO         3751    x$fpl$dfltu         fz_wm.l(dflt_clz.o)
    0x08004342   0x08004342   0x00000002   PAD
    0x08004344   0x08004344   0x00000154   Code   RO         3759    x$fpl$dmul          fz_wm.l(dmul.o)
    0x08004498   0x08004498   0x0000009c   Code   RO         3768    x$fpl$dnaninf       fz_wm.l(dnaninf.o)
    0x08004534   0x08004534   0x0000000c   Code   RO         3770    x$fpl$dretinf       fz_wm.l(dretinf.o)
    0x08004540   0x08004540   0x00000016   Code   RO         3734    x$fpl$drsb          fz_wm.l(daddsub_clz.o)
    0x08004556   0x08004556   0x00000002   PAD
    0x08004558   0x08004558   0x000001d4   Code   RO         3735    x$fpl$dsub          fz_wm.l(daddsub_clz.o)
    0x0800472c   0x0800472c   0x0000000a   Code   RO         3875    x$fpl$fpinit        fz_wm.l(fpinit.o)
    0x08004736   0x08004736   0x00000000   Code   RO         3772    x$fpl$usenofp       fz_wm.l(usenofp.o)
    0x08004736   0x08004736   0x00000002   PAD
    0x08004738   0x08004738   0x00000004   Data   RO           31    .constdata          main.o
    0x0800473c   0x0800473c   0x00000008   Data   RO         1682    .constdata          stm32f4xx_hal_dma.o
    0x08004744   0x08004744   0x00000010   Data   RO         3688    .constdata          system_stm32f4xx.o
    0x08004754   0x08004754   0x00000008   Data   RO         3689    .constdata          system_stm32f4xx.o
    0x0800475c   0x0800475c   0x00000020   Data   RO         3931    Region$$Table       anon$$obj.o


    Execution Region RW_IRAM2 (Exec base: 0x10000000, Load base: 0x080047d0, Size: 0x00000000, Max: 0x00010000, ABSOLUTE)

    **** No section assigned to this execution region ****


    Execution Region RW_IRAM1 (Exec base: 0x20000000, Load base: 0x0800477c, Size: 0x000009a0, Max: 0x00020000, ABSOLUTE)

    Exec Addr    Load Addr    Size         Type   Attr      Idx    E Section Name        Object

    0x20000000   0x0800477c   0x00000042   Data   RW           32    .data               main.o
    0x20000042   0x080047be   0x00000002   Data   RW          885    .data               remote_control.o
    0x20000044   0x080047c0   0x0000000c   Data   RW         2104    .data               stm32f4xx_hal.o
    0x20000050   0x080047cc   0x00000004   Data   RW         3690    .data               system_stm32f4xx.o
    0x20000054        -       0x0000008c   Zero   RW           30    .bss                main.o
    0x200000e0        -       0x00000028   Zero   RW          406    .bss                can.o
    0x20000108        -       0x00000090   Zero   RW          477    .bss                tim.o
    0x20000198        -       0x00000148   Zero   RW          530    .bss                usart.o
    0x200002e0        -       0x0000005e   Zero   RW          884    .bss                remote_control.o
    0x2000033e   0x080047d0   0x00000002   PAD
    0x20000340        -       0x00000060   Zero   RW         3805    .bss                c_w.l(libspace.o)
    0x200003a0        -       0x00000200   Zero   RW            2    HEAP                startup_stm32f407xx.o
    0x200005a0        -       0x00000400   Zero   RW            1    STACK               startup_stm32f407xx.o


==============================================================================

Image component sizes


      Code (inc. data)   RO Data    RW Data    ZI Data      Debug   Object Name

        96         12          0          0          0     583286   bsp_rc.o
        20          6          0          0          0        473   bsp_usart.o
       188         22          0          0         40       1713   can.o
        76          4          0          0          0        830   dma.o
       176         10          0          0          0     696747   gpio.o
      2188        226          4         66        140     678762   main.o
       538         12          0          0          0       5110   pid.o
       384         32          0          2         94       4615   remote_control.o
        64         26        392          0       1536        848   startup_stm32f407xx.o
       188         30          0         12          0       9457   stm32f4xx_hal.o
      2004          6          0          0          0      15079   stm32f4xx_hal_can.o
       208         16          0          0          0      33691   stm32f4xx_hal_cortex.o
      1104         18          8          0          0       5855   stm32f4xx_hal_dma.o
       574         22          0          0          0       2376   stm32f4xx_hal_gpio.o
        48          6          0          0          0        866   stm32f4xx_hal_msp.o
      1722        104          0          0          0       6560   stm32f4xx_hal_rcc.o
      1770         56          0          0          0      13679   stm32f4xx_hal_tim.o
       256          0          0          0          0       2300   stm32f4xx_hal_tim_ex.o
      1822          8          0          0          0      12832   stm32f4xx_hal_uart.o
        68         24          0          0          0       6136   stm32f4xx_it.o
        16          4         24          4          0       1139   system_stm32f4xx.o
       788         60          0          0        144       3541   tim.o
       484         58          0          0        328       2693   usart.o

    ----------------------------------------------------------------------
     14806        762        460         84       2284    2088588   Object Totals
         0          0         32          0          0          0   (incl. Generated)
        24          0          0          0          2          0   (incl. Padding)

    ----------------------------------------------------------------------

      Code (inc. data)   RO Data    RW Data    ZI Data      Debug   Library Member Name

         8          0          0          0          0         68   __main.o
         0          0          0          0          0          0   __rtentry.o
        12          0          0          0          0          0   __rtentry2.o
         6          0          0          0          0          0   __rtentry4.o
        52          8          0          0          0          0   __scatter.o
        26          0          0          0          0          0   __scatter_copy.o
        28          0          0          0          0          0   __scatter_zi.o
        18          0          0          0          0         80   exit.o
         6          0          0          0          0        152   heapauxi.o
         0          0          0          0          0          0   indicate_semi.o
         2          0          0          0          0          0   libinit.o
         6          0          0          0          0          0   libinit2.o
         2          0          0          0          0          0   libshutdown.o
         2          0          0          0          0          0   libshutdown2.o
         8          4          0          0         96         68   libspace.o
       238          0          0          0          0        100   lludivv7m.o
        78          0          0          0          0         80   rt_memclr_w.o
         2          0          0          0          0          0   rtexit.o
        10          0          0          0          0          0   rtexit2.o
       128          0          0          0          0         68   strcmpv7m.o
        12          4          0          0          0         68   sys_exit.o
        74          0          0          0          0         80   sys_stackheap_outer.o
         2          0          0          0          0         68   use_no_semi.o
       826         16          0          0          0        492   daddsub_clz.o
       688        140          0          0          0        256   ddiv.o
        94          4          0          0          0        140   dfix.o
        90          4          0          0          0        140   dfixu.o
        84          0          0          0          0        232   dflt_clz.o
       340         12          0          0          0        152   dmul.o
       156          4          0          0          0        140   dnaninf.o
        12          0          0          0          0        116   dretinf.o
        10          0          0          0          0        116   fpinit.o
         0          0          0          0          0          0   usenofp.o

    ----------------------------------------------------------------------
      3034        196          0          0         96       2616   Library Totals
        14          0          0          0          0          0   (incl. Padding)

    ----------------------------------------------------------------------

      Code (inc. data)   RO Data    RW Data    ZI Data      Debug   Library Name

       720         16          0          0         96        832   c_w.l
      2300        180          0          0          0       1784   fz_wm.l

    ----------------------------------------------------------------------
      3034        196          0          0         96       2616   Library Totals

    ----------------------------------------------------------------------

==============================================================================


      Code (inc. data)   RO Data    RW Data    ZI Data      Debug   

     17840        958        460         84       2380    2078592   Grand Totals
     17840        958        460         84       2380    2078592   ELF Image Totals
     17840        958        460         84          0          0   ROM Totals

==============================================================================

    Total RO  Size (Code + RO Data)                18300 (  17.87kB)
    Total RW  Size (RW Data + ZI Data)              2464 (   2.41kB)
    Total ROM Size (Code + RO Data + RW Data)      18384 (  17.95kB)

==============================================================================

