<html>
<body>
<pre>
<h1>µVision Build Log</h1>
<h2>Tool Versions:</h2>
IDE-Version: ¦ÌVision V5.24.2.0
Copyright (C) 2017 ARM Ltd and ARM Germany GmbH. All rights reserved.
License Information: Li 2094829, HP Inc., LIC=UJWP0-BFC9A-63QMB-2LC4V-HDEAA-BZKDL
 
Tool Versions:
Toolchain:       MDK-ARM Plus  Version: 5.24.1
Toolchain Path:  D:\Keil5\ARM\ARMCC\Bin
C Compiler:      Armcc.exe V5.06 update 5 (build 528)
Assembler:       Armasm.exe V5.06 update 5 (build 528)
Linker/Locator:  ArmLink.exe V5.06 update 5 (build 528)
Library Manager: ArmAr.exe V5.06 update 5 (build 528)
Hex Converter:   FromElf.exe V5.06 update 5 (build 528)
CPU DLL:         SARMCM3.DLL V5.24.1
Dialog DLL:      DCM.DLL V1.16.0.0
Target DLL:      STLink\ST-LINKIII-KEIL_SWO.dll V3.0.1.0
Dialog DLL:      TCM.DLL V1.32.0.0
 
<h2>Project:</h2>
D:\RoboMaster\RMele\RMeleRE01\MDK-ARM\RMeleRE01.uvprojx
Project File Date:  03/12/2025

<h2>Output:</h2>
*** Using Compiler 'V5.06 update 5 (build 528)', folder: 'D:\Keil5\ARM\ARMCC\Bin'
Rebuild target 'RMeleRE01'
assembling startup_stm32f407xx.s...
compiling stm32f4xx_it.c...
compiling gpio.c...
compiling tim.c...
compiling stm32f4xx_hal_timebase_tim.c...
compiling dma.c...
compiling adc.c...
compiling stm32f4xx_hal_msp.c...
compiling can.c...
compiling usart.c...
compiling stm32f4xx_hal_tim_ex.c...
compiling freertos.c...
../Core/Src/freertos.c(134): warning:  #188-D: enumerated type mixed with another type
  	HAL_GPIO_WritePin(
ED_B_GPIO_Port, 
ED_B_Pin, 1);
../Core/Src/freertos.c(136): warning:  #188-D: enumerated type mixed with another type
  	HAL_GPIO_WritePin(
ED_B_GPIO_Port, 
ED_B_Pin, 0);
../Core/Src/freertos.c(157): warning:  #188-D: enumerated type mixed with another type
  	HAL_GPIO_WritePin(
ED_G_GPIO_Port, 
ED_G_Pin, 1);
../Core/Src/freertos.c(159): warning:  #188-D: enumerated type mixed with another type
  	HAL_GPIO_WritePin(
ED_G_GPIO_Port, 
ED_G_Pin, 0);
../Core/Src/freertos.c: 4 warnings, 0 errors
compiling main.c...
compiling stm32f4xx_ll_adc.c...
compiling stm32f4xx_hal_tim.c...
compiling stm32f4xx_hal_pwr_ex.c...
compiling stm32f4xx_hal_pwr.c...
compiling stm32f4xx_hal_cortex.c...
compiling stm32f4xx_hal_flash_ex.c...
compiling stm32f4xx_hal_flash_ramfunc.c...
compiling stm32f4xx_hal_flash.c...
compiling stm32f4xx_hal_dma.c...
compiling stm32f4xx_hal_adc_ex.c...
compiling stm32f4xx_hal_gpio.c...
compiling stm32f4xx_hal_rcc_ex.c...
compiling stm32f4xx_hal_dma_ex.c...
compiling croutine.c...
compiling stm32f4xx_hal_adc.c...
compiling event_groups.c...
compiling stm32f4xx_hal_rcc.c...
compiling list.c...
compiling timers.c...
compiling stream_buffer.c...
compiling queue.c...
compiling heap_4.c...
compiling tasks.c...
compiling cmsis_os.c...
compiling port.c...
compiling stm32f4xx_hal.c...
compiling stm32f4xx_hal_exti.c...
compiling system_stm32f4xx.c...
compiling stm32f4xx_hal_can.c...
compiling stm32f4xx_hal_uart.c...
linking...
Program Size: Code=14572 RO-data=540 RW-data=128 ZI-data=18640  
FromELF: creating hex file...
"RMeleRE01\RMeleRE01.axf" - 0 Error(s), 4 Warning(s).

<h2>Software Packages used:</h2>

Package Vendor: ARM
                http://www.keil.com/pack/ARM.CMSIS.5.0.1.pack
                ARM.CMSIS.5.0.1
                CMSIS (Cortex Microcontroller Software Interface Standard)
   * Component: CORE Version: 5.0.1

Package Vendor: Keil
                https://www.keil.com/pack/Keil.STM32F4xx_DFP.2.17.1.pack
                Keil.STM32F4xx_DFP.2.17.1
                STMicroelectronics STM32F4 Series Device Support, Drivers and Examples

<h2>Collection of Component include folders:</h2>
  .\RTE\_RMeleRE01
  D:\Keil5\ARM\PACK\ARM\CMSIS\5.0.1\CMSIS\Include
  D:\Keil5\ARM\PACK\Keil\STM32F4xx_DFP\2.17.1\Drivers\CMSIS\Device\ST\STM32F4xx\Include

<h2>Collection of Component Files used:</h2>

   * Component: ARM::CMSIS:CORE:5.0.1
Build Time Elapsed:  00:00:12
</pre>
</body>
</html>
